ARM Linker, 5.03 [Build 76] [MDK-ARM Professional]

==============================================================================

Section Cross References

    startup.o(RESET) refers to startup.o(STACK) for StackMem
    startup.o(RESET) refers to threadswitch.o(.text) for PendSV_Handler
    startup.o(RESET) refers to systick.o(i.SysTick_Handler) for SysTick_Handler
    startup.o(RESET) refers to adc.o(i.ADC0Seq2_Handler) for ADC0Seq2_Handler
    startup.o(RESET) refers to usonic.o(i.Timer0A_Handler) for Timer0A_Handler
    startup.o(RESET) refers to usonic.o(i.Timer1A_Handler) for Timer1A_Handler
    startup.o(RESET) refers to usonic.o(i.Timer2A_Handler) for Timer2A_Handler
    startup.o(RESET) refers to os.o(i.GPIOPortF_Handler) for GPIOPortF_Handler
    startup.o(RESET) refers to usonic.o(i.Timer3A_Handler) for Timer3A_Handler
    startup.o(RESET) refers to wtimer0a.o(i.WideTimer0A_Handler) for WideTimer0A_Handler
    startup.o(RESET) refers to wtimer0b.o(i.WideTimer0B_Handler) for WideTimer0B_Handler
    startup.o(RESET) refers to wtimer5a.o(i.WideTimer5A_Handler) for WideTimer5A_Handler
    startup.o(RESET) refers to entry.o(.ARM.Collect$$$$00000000) for __main
    os.o(i.Block) refers to os.o(i.UnlinkThread) for UnlinkThread
    os.o(i.Block) refers to os.o(i.AddToPriorityList) for AddToPriorityList
    os.o(i.DecrementSleep) refers to os.o(i.RemoveFromList) for RemoveFromList
    os.o(i.DecrementSleep) refers to os.o(i.LinkThread) for LinkThread
    os.o(i.DecrementSleep) refers to os.o(.data) for OSMsCount
    os.o(i.GPIOPortF_Handler) refers to os.o(.data) for SW1Task
    os.o(i.LinkThread) refers to startup.o(.text) for StartCritical
    os.o(i.LinkThread) refers to os.o(.data) for NumThreads
    os.o(i.OS_AddPeriodicThread) refers to startup.o(.text) for StartCritical
    os.o(i.OS_AddPeriodicThread) refers to wtimer0a.o(i.WTimer0A_Init) for WTimer0A_Init
    os.o(i.OS_AddPeriodicThread) refers to wtimer0b.o(i.WTimer0B_Init) for WTimer0B_Init
    os.o(i.OS_AddPeriodicThread) refers to os.o(.data) for NumPeriodicThreads
    os.o(i.OS_AddSW1Task) refers to os.o(.data) for SW1Task
    os.o(i.OS_AddSW2Task) refers to os.o(.data) for SW2Task
    os.o(i.OS_AddThread) refers to startup.o(.text) for StartCritical
    os.o(i.OS_AddThread) refers to os.o(i.LinkThread) for LinkThread
    os.o(i.OS_AddThread) refers to os.o(i.SetInitialStack) for SetInitialStack
    os.o(i.OS_AddThread) refers to os.o(.bss) for tcbs
    os.o(i.OS_AddThread) refers to os.o(.data) for CurrentID
    os.o(i.OS_ClearMsTime) refers to os.o(.data) for OSMsCount
    os.o(i.OS_Fifo_Get) refers to os.o(i.OS_Wait) for OS_Wait
    os.o(i.OS_Fifo_Get) refers to startup.o(.text) for StartCritical
    os.o(i.OS_Fifo_Get) refers to os.o(.bss) for DataAvailable
    os.o(i.OS_Fifo_Get) refers to os.o(.data) for GetPt
    os.o(i.OS_Fifo_Init) refers to startup.o(.text) for StartCritical
    os.o(i.OS_Fifo_Init) refers to os.o(i.OS_InitSemaphore) for OS_InitSemaphore
    os.o(i.OS_Fifo_Init) refers to os.o(.bss) for DataAvailable
    os.o(i.OS_Fifo_Init) refers to os.o(.data) for PutPt
    os.o(i.OS_Fifo_Put) refers to startup.o(.text) for StartCritical
    os.o(i.OS_Fifo_Put) refers to os.o(i.OS_Signal) for OS_Signal
    os.o(i.OS_Fifo_Put) refers to os.o(.data) for FifoNumElements
    os.o(i.OS_Fifo_Put) refers to os.o(.bss) for Fifo
    os.o(i.OS_Fifo_Size) refers to os.o(.bss) for DataAvailable
    os.o(i.OS_Id) refers to os.o(.data) for RunPt
    os.o(i.OS_Init) refers to startup.o(.text) for DisableInterrupts
    os.o(i.OS_Init) refers to pll.o(i.PLL_Init) for PLL_Init
    os.o(i.OS_Init) refers to st7735.o(i.Output_Init) for Output_Init
    os.o(i.OS_Init) refers to wtimer5a.o(i.WTimer5A_Init) for WTimer5A_Init
    os.o(i.OS_Init) refers to os.o(i.PortF_Init) for PortF_Init
    os.o(i.OS_Init) refers to os.o(i.DecrementSleep) for DecrementSleep
    os.o(i.OS_Init) refers to os.o(.data) for CurrentID
    os.o(i.OS_InitSemaphore) refers to startup.o(.text) for StartCritical
    os.o(i.OS_Kill) refers to startup.o(.text) for StartCritical
    os.o(i.OS_Kill) refers to os.o(i.UnlinkThread) for UnlinkThread
    os.o(i.OS_Kill) refers to os.o(.data) for RunPt
    os.o(i.OS_Launch) refers to threadswitch.o(.text) for StartOS
    os.o(i.OS_MailBox_Init) refers to os.o(i.OS_InitSemaphore) for OS_InitSemaphore
    os.o(i.OS_MailBox_Init) refers to os.o(.bss) for BoxFree
    os.o(i.OS_MailBox_Recv) refers to os.o(i.OS_Wait) for OS_Wait
    os.o(i.OS_MailBox_Recv) refers to os.o(i.OS_Signal) for OS_Signal
    os.o(i.OS_MailBox_Recv) refers to os.o(.bss) for DataValid
    os.o(i.OS_MailBox_Recv) refers to os.o(.data) for MailBox
    os.o(i.OS_MailBox_Send) refers to os.o(i.OS_Wait) for OS_Wait
    os.o(i.OS_MailBox_Send) refers to os.o(i.OS_Signal) for OS_Signal
    os.o(i.OS_MailBox_Send) refers to os.o(.bss) for BoxFree
    os.o(i.OS_MailBox_Send) refers to os.o(.data) for MailBox
    os.o(i.OS_MsTime) refers to os.o(.data) for OSMsCount
    os.o(i.OS_SelectNextThread) refers to startup.o(.text) for StartCritical
    os.o(i.OS_SelectNextThread) refers to os.o(.data) for RunPt
    os.o(i.OS_Signal) refers to startup.o(.text) for StartCritical
    os.o(i.OS_Signal) refers to os.o(i.WakeUp) for WakeUp
    os.o(i.OS_Sleep) refers to startup.o(.text) for StartCritical
    os.o(i.OS_Sleep) refers to os.o(i.UnlinkThread) for UnlinkThread
    os.o(i.OS_Sleep) refers to os.o(i.PushToList) for PushToList
    os.o(i.OS_Sleep) refers to os.o(.data) for RunPt
    os.o(i.OS_Wait) refers to startup.o(.text) for StartCritical
    os.o(i.OS_Wait) refers to os.o(i.Block) for Block
    os.o(i.OS_Wait) refers to os.o(.data) for RunPt
    os.o(i.OS_bSignal) refers to startup.o(.text) for StartCritical
    os.o(i.OS_bSignal) refers to os.o(i.WakeUp) for WakeUp
    os.o(i.OS_bWait) refers to startup.o(.text) for StartCritical
    os.o(i.OS_bWait) refers to os.o(i.Block) for Block
    os.o(i.OS_bWait) refers to os.o(.data) for RunPt
    os.o(i.PortF_Init) refers to os.o(.data) for delay
    os.o(i.SetInitialStack) refers to os.o(.bss) for Stacks
    os.o(i.UnlinkThread) refers to startup.o(.text) for StartCritical
    os.o(i.UnlinkThread) refers to os.o(i.OS_SelectNextThread) for OS_SelectNextThread
    os.o(i.UnlinkThread) refers to os.o(i.OS_SwitchThread) for OS_SwitchThread
    os.o(i.UnlinkThread) refers to os.o(.data) for NumThreads
    os.o(i.WakeUp) refers to os.o(i.PopFromList) for PopFromList
    os.o(i.WakeUp) refers to os.o(i.LinkThread) for LinkThread
    adc.o(i.ADC0Seq2_Handler) refers to adc.o(i.Filter0) for Filter0
    adc.o(i.ADC0Seq2_Handler) refers to adc.o(i.ADC2millimeter) for ADC2millimeter
    adc.o(i.ADC0Seq2_Handler) refers to adc.o(i.Filter1) for Filter1
    adc.o(i.ADC0Seq2_Handler) refers to adc.o(i.Filter2) for Filter2
    adc.o(i.ADC0Seq2_Handler) refers to adc.o(i.Filter3) for Filter3
    adc.o(i.ADC0Seq2_Handler) refers to os.o(i.OS_bSignal) for OS_bSignal
    adc.o(i.ADC0Seq2_Handler) refers to adc.o(.data) for ADCValues
    adc.o(i.ADC0Seq2_Handler) refers to adc.o(.bss) for adcDataReady
    adc.o(i.ADC0_SS2_4Channels_TimerTriggered_Init) refers to os.o(i.OS_InitSemaphore) for OS_InitSemaphore
    adc.o(i.ADC0_SS2_4Channels_TimerTriggered_Init) refers to adc.o(.bss) for adcDataReady
    adc.o(i.ADC_GetData) refers to os.o(i.OS_Wait) for OS_Wait
    adc.o(i.ADC_GetData) refers to adc.o(.bss) for adcDataReady
    adc.o(i.ADC_GetData) refers to adc.o(.data) for ADCValues
    adc.o(i.Filter0) refers to adc.o(.data) for x0
    adc.o(i.Filter1) refers to adc.o(.data) for x1
    adc.o(i.Filter2) refers to adc.o(.data) for x2
    adc.o(i.Filter3) refers to adc.o(.data) for x3
    robot.o(i.IRSend) refers to adc.o(i.ADC0_SS2_4Channels_TimerTriggered_Init) for ADC0_SS2_4Channels_TimerTriggered_Init
    robot.o(i.IRSend) refers to adc.o(i.ADC_GetData) for ADC_GetData
    robot.o(i.IRSend) refers to st7735.o(i.ST7735_Message) for ST7735_Message
    robot.o(i.IRSend) refers to can0.o(i.CAN0_SendData) for CAN0_SendData
    robot.o(i.IRSend) refers to robot.o(.data) for ADCValues
    robot.o(i.IdleTask) refers to robot.o(.data) for Idlecount
    robot.o(i.USONICSend) refers to usonic.o(i.USONIC_Init) for USONIC_Init
    robot.o(i.USONICSend) refers to os.o(i.OS_AddPeriodicThread) for OS_AddPeriodicThread
    robot.o(i.USONICSend) refers to usonic.o(i.USONIC_GetData) for USONIC_GetData
    robot.o(i.USONICSend) refers to st7735.o(i.ST7735_Message) for ST7735_Message
    robot.o(i.USONICSend) refers to can0.o(i.CAN0_SendData) for CAN0_SendData
    robot.o(i.USONICSend) refers to usonic.o(i.USONIC_Start) for USONIC_Start
    robot.o(i.USONICSend) refers to robot.o(.bss) for USONICValues
    robot.o(i.USONICSend) refers to robot.o(.data) for USONICStrings
    robot.o(i.main) refers to os.o(i.OS_Init) for OS_Init
    robot.o(i.main) refers to robot.o(i.PortD_Init) for PortD_Init
    robot.o(i.main) refers to can0.o(i.CAN0_Open) for CAN0_Open
    robot.o(i.main) refers to os.o(i.OS_AddThread) for OS_AddThread
    robot.o(i.main) refers to st7735.o(i.Output_Init) for Output_Init
    robot.o(i.main) refers to os.o(i.OS_Launch) for OS_Launch
    robot.o(i.main) refers to robot.o(i.IdleTask) for IdleTask
    robot.o(i.main) refers to robot.o(.data) for NumCreated
    robot.o(i.main) refers to robot.o(i.USONICSend) for USONICSend
    robot.o(i.main) refers to robot.o(i.IRSend) for IRSend
    robot.o(.data) refers to robot.o(.conststring) for .conststring
    can.o(i.CANBitRateSet) refers to can.o(i.CANRegRead) for CANRegRead
    can.o(i.CANBitRateSet) refers to can.o(i.CANRegWrite) for CANRegWrite
    can.o(i.CANBitRateSet) refers to can.o(.constdata) for g_usCANBitValues
    can.o(i.CANDataRegRead) refers to can.o(i.CANRegRead) for CANRegRead
    can.o(i.CANDataRegWrite) refers to can.o(i.CANRegWrite) for CANRegWrite
    can.o(i.CANDisable) refers to can.o(i.CANRegRead) for CANRegRead
    can.o(i.CANDisable) refers to can.o(i.CANRegWrite) for CANRegWrite
    can.o(i.CANEnable) refers to can.o(i.CANRegRead) for CANRegRead
    can.o(i.CANEnable) refers to can.o(i.CANRegWrite) for CANRegWrite
    can.o(i.CANErrCntrGet) refers to can.o(i.CANRegRead) for CANRegRead
    can.o(i.CANInit) refers to can.o(i.CANRegWrite) for CANRegWrite
    can.o(i.CANInit) refers to can.o(i.CANRegRead) for CANRegRead
    can.o(i.CANIntClear) refers to can.o(i.CANRegRead) for CANRegRead
    can.o(i.CANIntClear) refers to can.o(i.CANRegWrite) for CANRegWrite
    can.o(i.CANIntDisable) refers to can.o(i.CANRegRead) for CANRegRead
    can.o(i.CANIntDisable) refers to can.o(i.CANRegWrite) for CANRegWrite
    can.o(i.CANIntEnable) refers to can.o(i.CANRegRead) for CANRegRead
    can.o(i.CANIntEnable) refers to can.o(i.CANRegWrite) for CANRegWrite
    can.o(i.CANIntRegister) refers to can.o(i.CANIntNumberGet) for CANIntNumberGet
    can.o(i.CANIntRegister) refers to interrupt.o(i.IntRegister) for IntRegister
    can.o(i.CANIntRegister) refers to interrupt.o(i.IntEnable) for IntEnable
    can.o(i.CANIntStatus) refers to can.o(i.CANRegRead) for CANRegRead
    can.o(i.CANIntUnregister) refers to can.o(i.CANIntNumberGet) for CANIntNumberGet
    can.o(i.CANIntUnregister) refers to interrupt.o(i.IntUnregister) for IntUnregister
    can.o(i.CANIntUnregister) refers to interrupt.o(i.IntDisable) for IntDisable
    can.o(i.CANMessageClear) refers to can.o(i.CANRegRead) for CANRegRead
    can.o(i.CANMessageClear) refers to can.o(i.CANRegWrite) for CANRegWrite
    can.o(i.CANMessageGet) refers to can.o(i.CANRegWrite) for CANRegWrite
    can.o(i.CANMessageGet) refers to can.o(i.CANRegRead) for CANRegRead
    can.o(i.CANMessageGet) refers to can.o(i.CANDataRegRead) for CANDataRegRead
    can.o(i.CANMessageSet) refers to can.o(i.CANRegRead) for CANRegRead
    can.o(i.CANMessageSet) refers to can.o(i.CANDataRegWrite) for CANDataRegWrite
    can.o(i.CANMessageSet) refers to can.o(i.CANRegWrite) for CANRegWrite
    can.o(i.CANRegRead) refers to can.o(i.CANIntNumberGet) for CANIntNumberGet
    can.o(i.CANRegRead) refers to interrupt.o(i.IntDisable) for IntDisable
    can.o(i.CANRegRead) refers to interrupt.o(i.IntEnable) for IntEnable
    can.o(i.CANRetryGet) refers to can.o(i.CANRegRead) for CANRegRead
    can.o(i.CANRetrySet) refers to can.o(i.CANRegRead) for CANRegRead
    can.o(i.CANRetrySet) refers to can.o(i.CANRegWrite) for CANRegWrite
    can.o(i.CANStatusGet) refers to can.o(i.CANRegRead) for CANRegRead
    can.o(i.CANStatusGet) refers to can.o(i.CANRegWrite) for CANRegWrite
    can0.o(i.CAN0_Open) refers to can.o(i.CANInit) for CANInit
    can0.o(i.CAN0_Open) refers to can.o(i.CANBitRateSet) for CANBitRateSet
    can0.o(i.CAN0_Open) refers to can.o(i.CANEnable) for CANEnable
    can0.o(i.CAN0_SendData) refers to can0.o(i.CAN0_Setup_Message_Object) for CAN0_Setup_Message_Object
    can0.o(i.CAN0_Setup_Message_Object) refers to can.o(i.CANMessageSet) for CANMessageSet
    interrupt.o(i.IntPriorityGet) refers to interrupt.o(.constdata) for g_pulRegs
    interrupt.o(i.IntPriorityGroupingGet) refers to interrupt.o(.constdata) for g_pulPriority
    interrupt.o(i.IntPriorityGroupingSet) refers to interrupt.o(.constdata) for g_pulPriority
    interrupt.o(i.IntPrioritySet) refers to interrupt.o(.constdata) for g_pulRegs
    interrupt.o(i.IntRegister) refers to interrupt.o(vtable) for g_pfnRAMVectors
    interrupt.o(i.IntUnregister) refers to interrupt.o(i.IntDefaultHandler) for IntDefaultHandler
    interrupt.o(i.IntUnregister) refers to interrupt.o(vtable) for g_pfnRAMVectors
    pwm.o(i.Servo_Direction) refers to pwm.o(i.Servo_Duty) for Servo_Duty
    usonic.o(i.FilterUSONIC) refers to usonic.o(.data) for xUSONIC
    usonic.o(i.Timer0A_Handler) refers to os.o(i.OS_bSignal) for OS_bSignal
    usonic.o(i.Timer0A_Handler) refers to usonic.o(.data) for Timer0First
    usonic.o(i.Timer0A_Handler) refers to usonic.o(.bss) for USONICValues
    usonic.o(i.Timer0_Init) refers to usonic.o(.data) for Timer0Pulse
    usonic.o(i.Timer0_Read) refers to usonic.o(.data) for Timer0Done
    usonic.o(i.Timer0_StartHCSR04) refers to usonic.o(i.DelayWait10us) for DelayWait10us
    usonic.o(i.Timer0_StartHCSR04) refers to usonic.o(.data) for Timer0Done
    usonic.o(i.Timer0_StartPing) refers to usonic.o(i.DelayWait5us) for DelayWait5us
    usonic.o(i.Timer0_StartPing) refers to usonic.o(.data) for Timer0Done
    usonic.o(i.Timer1A_Handler) refers to os.o(i.OS_bSignal) for OS_bSignal
    usonic.o(i.Timer1A_Handler) refers to usonic.o(.data) for Timer1First
    usonic.o(i.Timer1A_Handler) refers to usonic.o(.bss) for USONICValues
    usonic.o(i.Timer1_Init) refers to usonic.o(.data) for Timer1Pulse
    usonic.o(i.Timer1_Read) refers to usonic.o(.data) for Timer1Done
    usonic.o(i.Timer1_StartHCSR04) refers to usonic.o(i.DelayWait10us) for DelayWait10us
    usonic.o(i.Timer1_StartHCSR04) refers to usonic.o(.data) for Timer1Done
    usonic.o(i.Timer1_StartPing) refers to usonic.o(i.DelayWait5us) for DelayWait5us
    usonic.o(i.Timer1_StartPing) refers to usonic.o(.data) for Timer1Done
    usonic.o(i.Timer2A_Handler) refers to os.o(i.OS_bSignal) for OS_bSignal
    usonic.o(i.Timer2A_Handler) refers to usonic.o(.data) for Timer2First
    usonic.o(i.Timer2A_Handler) refers to usonic.o(.bss) for USONICValues
    usonic.o(i.Timer2_Init) refers to usonic.o(.data) for Timer2Pulse
    usonic.o(i.Timer2_Read) refers to usonic.o(.data) for Timer2Done
    usonic.o(i.Timer2_StartHCSR04) refers to usonic.o(i.DelayWait10us) for DelayWait10us
    usonic.o(i.Timer2_StartHCSR04) refers to usonic.o(.data) for Timer2Done
    usonic.o(i.Timer2_StartPing) refers to usonic.o(i.DelayWait5us) for DelayWait5us
    usonic.o(i.Timer2_StartPing) refers to usonic.o(.data) for Timer2Done
    usonic.o(i.Timer3A_Handler) refers to os.o(i.OS_bSignal) for OS_bSignal
    usonic.o(i.Timer3A_Handler) refers to usonic.o(.data) for Timer3First
    usonic.o(i.Timer3A_Handler) refers to usonic.o(.bss) for USONICValues
    usonic.o(i.Timer3_Init) refers to usonic.o(.data) for Timer3Pulse
    usonic.o(i.Timer3_Read) refers to usonic.o(.data) for Timer3Done
    usonic.o(i.Timer3_StartHCSR04) refers to usonic.o(i.DelayWait10us) for DelayWait10us
    usonic.o(i.Timer3_StartHCSR04) refers to usonic.o(.data) for Timer3Done
    usonic.o(i.Timer3_StartPing) refers to usonic.o(i.DelayWait5us) for DelayWait5us
    usonic.o(i.Timer3_StartPing) refers to usonic.o(.data) for Timer3Done
    usonic.o(i.USONIC_GetData) refers to os.o(i.OS_Wait) for OS_Wait
    usonic.o(i.USONIC_GetData) refers to usonic.o(i.Cycles2millimeter) for Cycles2millimeter
    usonic.o(i.USONIC_GetData) refers to usonic.o(.bss) for usonicDataReady
    usonic.o(i.USONIC_Init) refers to os.o(i.OS_InitSemaphore) for OS_InitSemaphore
    usonic.o(i.USONIC_Init) refers to usonic.o(i.Timer2_Init) for Timer2_Init
    usonic.o(i.USONIC_Init) refers to usonic.o(i.Timer3_Init) for Timer3_Init
    usonic.o(i.USONIC_Init) refers to usonic.o(i.Timer0_Init) for Timer0_Init
    usonic.o(i.USONIC_Init) refers to usonic.o(i.Timer1_Init) for Timer1_Init
    usonic.o(i.USONIC_Init) refers to usonic.o(.bss) for usonicDataReady
    usonic.o(i.USONIC_Start) refers to usonic.o(i.USONIC_StartHCSR04) for USONIC_StartHCSR04
    usonic.o(i.USONIC_StartHCSR04) refers to usonic.o(i.Timer2_StartHCSR04) for Timer2_StartHCSR04
    usonic.o(i.USONIC_StartHCSR04) refers to usonic.o(i.Timer1_StartHCSR04) for Timer1_StartHCSR04
    usonic.o(i.USONIC_StartPing) refers to usonic.o(i.Timer0_StartPing) for Timer0_StartPing
    wtimer0a.o(i.WTimer0A_Init) refers to startup.o(.text) for StartCritical
    wtimer0a.o(i.WTimer0A_Init) refers to wtimer0a.o(.data) for WTimer0APeriodicTask
    wtimer0a.o(i.WideTimer0A_Handler) refers to wtimer0a.o(.data) for WTimer0APeriodicTask
    wtimer0b.o(i.WTimer0B_Init) refers to startup.o(.text) for StartCritical
    wtimer0b.o(i.WTimer0B_Init) refers to wtimer0b.o(.data) for WTimer0BPeriodicTask
    wtimer0b.o(i.WideTimer0B_Handler) refers to wtimer0b.o(.data) for WTimer0BPeriodicTask
    wtimer5a.o(i.WTimer5A_Init) refers to startup.o(.text) for StartCritical
    wtimer5a.o(i.WTimer5A_Init) refers to wtimer5a.o(.data) for WTimer5APeriodicTask
    wtimer5a.o(i.WideTimer5A_Handler) refers to wtimer5a.o(.data) for WTimer5APeriodicTask
    st7735.o(i.Output_Clear) refers to st7735.o(i.ST7735_FillScreen) for ST7735_FillScreen
    st7735.o(i.Output_Color) refers to st7735.o(i.ST7735_SetTextColor) for ST7735_SetTextColor
    st7735.o(i.Output_Init) refers to os.o(i.OS_InitSemaphore) for OS_InitSemaphore
    st7735.o(i.Output_Init) refers to st7735.o(i.ST7735_InitR) for ST7735_InitR
    st7735.o(i.Output_Init) refers to st7735.o(i.ST7735_FillScreen) for ST7735_FillScreen
    st7735.o(i.Output_Init) refers to st7735.o(.bss) for Semi
    st7735.o(i.Output_Off) refers to st7735.o(i.Output_Clear) for Output_Clear
    st7735.o(i.Output_On) refers to st7735.o(i.Output_Init) for Output_Init
    st7735.o(i.ST7735_ColoredMessage) refers to os.o(i.OS_Wait) for OS_Wait
    st7735.o(i.ST7735_ColoredMessage) refers to st7735.o(i.ST7735_FillRect) for ST7735_FillRect
    st7735.o(i.ST7735_ColoredMessage) refers to st7735.o(i.ST7735_SetCursor) for ST7735_SetCursor
    st7735.o(i.ST7735_ColoredMessage) refers to st7735.o(i.ST7735_OutString) for ST7735_OutString
    st7735.o(i.ST7735_ColoredMessage) refers to st7735.o(i.ST7735_OutUDec) for ST7735_OutUDec
    st7735.o(i.ST7735_ColoredMessage) refers to os.o(i.OS_Signal) for OS_Signal
    st7735.o(i.ST7735_ColoredMessage) refers to st7735.o(.bss) for Semi
    st7735.o(i.ST7735_ColoredMessage) refers to st7735.o(.data) for _height
    st7735.o(i.ST7735_DrawBitmap) refers to st7735.o(i.setAddrWindow) for setAddrWindow
    st7735.o(i.ST7735_DrawBitmap) refers to st7735.o(i.writedata) for writedata
    st7735.o(i.ST7735_DrawBitmap) refers to st7735.o(.data) for _width
    st7735.o(i.ST7735_DrawChar) refers to st7735.o(i.setAddrWindow) for setAddrWindow
    st7735.o(i.ST7735_DrawChar) refers to st7735.o(i.pushColor) for pushColor
    st7735.o(i.ST7735_DrawChar) refers to st7735.o(.data) for _width
    st7735.o(i.ST7735_DrawChar) refers to st7735.o(.constdata) for Font
    st7735.o(i.ST7735_DrawCharS) refers to st7735.o(i.ST7735_DrawPixel) for ST7735_DrawPixel
    st7735.o(i.ST7735_DrawCharS) refers to st7735.o(i.ST7735_FillRect) for ST7735_FillRect
    st7735.o(i.ST7735_DrawCharS) refers to st7735.o(.data) for _width
    st7735.o(i.ST7735_DrawCharS) refers to st7735.o(.constdata) for Font
    st7735.o(i.ST7735_DrawFastHLine) refers to st7735.o(i.setAddrWindow) for setAddrWindow
    st7735.o(i.ST7735_DrawFastHLine) refers to st7735.o(i.writedata) for writedata
    st7735.o(i.ST7735_DrawFastHLine) refers to st7735.o(.data) for _width
    st7735.o(i.ST7735_DrawFastVLine) refers to st7735.o(i.setAddrWindow) for setAddrWindow
    st7735.o(i.ST7735_DrawFastVLine) refers to st7735.o(i.writedata) for writedata
    st7735.o(i.ST7735_DrawFastVLine) refers to st7735.o(.data) for _width
    st7735.o(i.ST7735_DrawPixel) refers to st7735.o(i.setAddrWindow) for setAddrWindow
    st7735.o(i.ST7735_DrawPixel) refers to st7735.o(i.pushColor) for pushColor
    st7735.o(i.ST7735_DrawPixel) refers to st7735.o(.data) for _width
    st7735.o(i.ST7735_DrawString) refers to st7735.o(i.ST7735_DrawCharS) for ST7735_DrawCharS
    st7735.o(i.ST7735_FillRect) refers to st7735.o(i.setAddrWindow) for setAddrWindow
    st7735.o(i.ST7735_FillRect) refers to st7735.o(i.writedata) for writedata
    st7735.o(i.ST7735_FillRect) refers to st7735.o(.data) for _width
    st7735.o(i.ST7735_FillScreen) refers to st7735.o(i.ST7735_FillRect) for ST7735_FillRect
    st7735.o(i.ST7735_FillScreen) refers to st7735.o(.data) for _height
    st7735.o(i.ST7735_InitB) refers to st7735.o(i.commonInit) for commonInit
    st7735.o(i.ST7735_InitB) refers to st7735.o(i.ST7735_SetCursor) for ST7735_SetCursor
    st7735.o(i.ST7735_InitB) refers to st7735.o(i.ST7735_FillScreen) for ST7735_FillScreen
    st7735.o(i.ST7735_InitB) refers to st7735.o(.constdata) for Bcmd
    st7735.o(i.ST7735_InitB) refers to st7735.o(.data) for StTextColor
    st7735.o(i.ST7735_InitR) refers to st7735.o(i.commonInit) for commonInit
    st7735.o(i.ST7735_InitR) refers to st7735.o(i.commandList) for commandList
    st7735.o(i.ST7735_InitR) refers to st7735.o(i.writecommand) for writecommand
    st7735.o(i.ST7735_InitR) refers to st7735.o(i.writedata) for writedata
    st7735.o(i.ST7735_InitR) refers to st7735.o(i.ST7735_SetCursor) for ST7735_SetCursor
    st7735.o(i.ST7735_InitR) refers to st7735.o(i.ST7735_FillScreen) for ST7735_FillScreen
    st7735.o(i.ST7735_InitR) refers to st7735.o(.constdata) for Rcmd1
    st7735.o(i.ST7735_InitR) refers to st7735.o(.data) for ColStart
    st7735.o(i.ST7735_InvertDisplay) refers to st7735.o(i.writecommand) for writecommand
    st7735.o(i.ST7735_Message) refers to os.o(i.OS_Wait) for OS_Wait
    st7735.o(i.ST7735_Message) refers to st7735.o(i.ST7735_SetCursor) for ST7735_SetCursor
    st7735.o(i.ST7735_Message) refers to st7735.o(i.ST7735_OutString) for ST7735_OutString
    st7735.o(i.ST7735_Message) refers to st7735.o(i.ST7735_OutUDec) for ST7735_OutUDec
    st7735.o(i.ST7735_Message) refers to st7735.o(i.ST7735_FillRect) for ST7735_FillRect
    st7735.o(i.ST7735_Message) refers to os.o(i.OS_Signal) for OS_Signal
    st7735.o(i.ST7735_Message) refers to st7735.o(.bss) for Semi
    st7735.o(i.ST7735_Message) refers to st7735.o(.data) for _height
    st7735.o(i.ST7735_OutChar) refers to st7735.o(i.ST7735_DrawString) for ST7735_DrawString
    st7735.o(i.ST7735_OutChar) refers to st7735.o(i.ST7735_DrawCharS) for ST7735_DrawCharS
    st7735.o(i.ST7735_OutChar) refers to st7735.o(.data) for StY
    st7735.o(i.ST7735_OutString) refers to st7735.o(i.ST7735_OutChar) for ST7735_OutChar
    st7735.o(i.ST7735_OutUDec) refers to st7735.o(i.fillmessage) for fillmessage
    st7735.o(i.ST7735_OutUDec) refers to st7735.o(i.ST7735_DrawString) for ST7735_DrawString
    st7735.o(i.ST7735_OutUDec) refers to st7735.o(i.ST7735_DrawCharS) for ST7735_DrawCharS
    st7735.o(i.ST7735_OutUDec) refers to st7735.o(.data) for Messageindex
    st7735.o(i.ST7735_OutUDec) refers to st7735.o(.bss) for Message
    st7735.o(i.ST7735_PlotBar) refers to st7735.o(i.ST7735_DrawFastVLine) for ST7735_DrawFastVLine
    st7735.o(i.ST7735_PlotBar) refers to st7735.o(.data) for Ymin
    st7735.o(i.ST7735_PlotClear) refers to st7735.o(i.ST7735_Color565) for ST7735_Color565
    st7735.o(i.ST7735_PlotClear) refers to st7735.o(i.ST7735_FillRect) for ST7735_FillRect
    st7735.o(i.ST7735_PlotClear) refers to st7735.o(.data) for Ymax
    st7735.o(i.ST7735_PlotLine) refers to st7735.o(i.ST7735_DrawPixel) for ST7735_DrawPixel
    st7735.o(i.ST7735_PlotLine) refers to st7735.o(.data) for Ymin
    st7735.o(i.ST7735_PlotNext) refers to st7735.o(.data) for X
    st7735.o(i.ST7735_PlotNextErase) refers to st7735.o(i.ST7735_Color565) for ST7735_Color565
    st7735.o(i.ST7735_PlotNextErase) refers to st7735.o(i.ST7735_DrawFastVLine) for ST7735_DrawFastVLine
    st7735.o(i.ST7735_PlotNextErase) refers to st7735.o(.data) for X
    st7735.o(i.ST7735_PlotPoint) refers to st7735.o(i.ST7735_DrawPixel) for ST7735_DrawPixel
    st7735.o(i.ST7735_PlotPoint) refers to st7735.o(.data) for Ymin
    st7735.o(i.ST7735_PlotPoints) refers to st7735.o(i.ST7735_DrawPixel) for ST7735_DrawPixel
    st7735.o(i.ST7735_PlotPoints) refers to st7735.o(.data) for Ymin
    st7735.o(i.ST7735_PlotdBfs) refers to st7735.o(i.ST7735_DrawFastVLine) for ST7735_DrawFastVLine
    st7735.o(i.ST7735_PlotdBfs) refers to st7735.o(.constdata) for dBfs
    st7735.o(i.ST7735_PlotdBfs) refers to st7735.o(.data) for X
    st7735.o(i.ST7735_SetCursor) refers to st7735.o(.data) for StX
    st7735.o(i.ST7735_SetRotation) refers to st7735.o(i.writecommand) for writecommand
    st7735.o(i.ST7735_SetRotation) refers to st7735.o(i.writedata) for writedata
    st7735.o(i.ST7735_SetRotation) refers to st7735.o(.data) for Rotation
    st7735.o(i.ST7735_SetTextColor) refers to st7735.o(.data) for StTextColor
    st7735.o(i.commandList) refers to st7735.o(i.writecommand) for writecommand
    st7735.o(i.commandList) refers to st7735.o(i.writedata) for writedata
    st7735.o(i.commandList) refers to st7735.o(i.Delay1ms) for Delay1ms
    st7735.o(i.commonInit) refers to st7735.o(i.Delay1ms) for Delay1ms
    st7735.o(i.commonInit) refers to st7735.o(i.commandList) for commandList
    st7735.o(i.commonInit) refers to st7735.o(.data) for RowStart
    st7735.o(i.fillmessage) refers to st7735.o(.bss) for Message
    st7735.o(i.fillmessage) refers to st7735.o(.data) for Messageindex
    st7735.o(i.fputc) refers to st7735.o(i.ST7735_OutChar) for ST7735_OutChar
    st7735.o(i.pushColor) refers to st7735.o(i.writedata) for writedata
    st7735.o(i.setAddrWindow) refers to st7735.o(i.writecommand) for writecommand
    st7735.o(i.setAddrWindow) refers to st7735.o(i.writedata) for writedata
    st7735.o(i.setAddrWindow) refers to st7735.o(.data) for ColStart
    systick.o(i.SysTick_Handler) refers to os.o(i.OS_SelectNextThread) for OS_SelectNextThread
    threadswitch.o(.text) refers to os.o(.data) for RunPt
    drive.o(i.Drive) refers to drive.o(i.Drive_Speed) for Drive_Speed
    drive.o(i.Drive) refers to drive.o(i.Drive_SteepDifferentialTurn) for Drive_SteepDifferentialTurn
    drive.o(i.Drive) refers to drive.o(i.Drive_DifferentialTurn) for Drive_DifferentialTurn
    drive.o(i.Drive) refers to drive.o(.data) for stopped
    drive.o(i.Drive_DifferentialTurn) refers to drive.o(i.Drive_WheelDirection) for Drive_WheelDirection
    drive.o(i.Drive_DifferentialTurn) refers to pwm.o(i.Left_Duty) for Left_Duty
    drive.o(i.Drive_DifferentialTurn) refers to pwm.o(i.Right_DutyB) for Right_DutyB
    drive.o(i.Drive_DifferentialTurn) refers to drive.o(.data) for power
    drive.o(i.Drive_Init) refers to pwm.o(i.Left_Init) for Left_Init
    drive.o(i.Drive_Init) refers to pwm.o(i.Right_InitB) for Right_InitB
    drive.o(i.Drive_Init) refers to pwm.o(i.Servo_Init) for Servo_Init
    drive.o(i.Drive_Init) refers to drive.o(.data) for direction
    drive.o(i.Drive_PIControlDirection) refers to pwm.o(i.Left_Duty) for Left_Duty
    drive.o(i.Drive_PIControlDirection) refers to pwm.o(i.Right_DutyB) for Right_DutyB
    drive.o(i.Drive_PIControlDirection) refers to drive.o(.data) for IL
    drive.o(i.Drive_Speed) refers to pwm.o(i.Left_Duty) for Left_Duty
    drive.o(i.Drive_Speed) refers to pwm.o(i.Right_DutyB) for Right_DutyB
    drive.o(i.Drive_Speed) refers to drive.o(.data) for direction
    drive.o(i.Drive_SteepDifferentialTurn) refers to drive.o(i.Drive_WheelDirection) for Drive_WheelDirection
    drive.o(i.Drive_SteepDifferentialTurn) refers to pwm.o(i.Left_Duty) for Left_Duty
    drive.o(i.Drive_SteepDifferentialTurn) refers to pwm.o(i.Right_DutyB) for Right_DutyB
    drive.o(i.Drive_SteepDifferentialTurn) refers to drive.o(.data) for power
    drive.o(i.Drive_Stop) refers to pwm.o(i.Left_Duty) for Left_Duty
    drive.o(i.Drive_Stop) refers to pwm.o(i.Right_DutyB) for Right_DutyB
    drive.o(i.Drive_Stop) refers to drive.o(.data) for stopped
    drive.o(i.Drive_WheelDirection) refers to pwm.o(i.Servo_Duty) for Servo_Duty
    entry.o(.ARM.Collect$$$$00000000) refers (Special) to entry10a.o(.ARM.Collect$$$$0000000D) for __rt_final_cpp
    entry.o(.ARM.Collect$$$$00000000) refers (Special) to entry11a.o(.ARM.Collect$$$$0000000F) for __rt_final_exit
    entry.o(.ARM.Collect$$$$00000000) refers (Special) to entry7b.o(.ARM.Collect$$$$00000008) for _main_clock
    entry.o(.ARM.Collect$$$$00000000) refers (Special) to entry8b.o(.ARM.Collect$$$$0000000A) for _main_cpp_init
    entry.o(.ARM.Collect$$$$00000000) refers (Special) to entry9a.o(.ARM.Collect$$$$0000000B) for _main_init
    entry.o(.ARM.Collect$$$$00000000) refers (Special) to entry5.o(.ARM.Collect$$$$00000004) for _main_scatterload
    entry.o(.ARM.Collect$$$$00000000) refers (Special) to entry2.o(.ARM.Collect$$$$00000001) for _main_stk
    entry2.o(.ARM.Collect$$$$00000001) refers to entry2.o(.ARM.Collect$$$$00002712) for __lit__00000000
    entry2.o(.ARM.Collect$$$$00002712) refers to startup.o(STACK) for __initial_sp
    entry2.o(__vectab_stack_and_reset_area) refers to startup.o(STACK) for __initial_sp
    entry2.o(__vectab_stack_and_reset_area) refers to entry.o(.ARM.Collect$$$$00000000) for __main
    entry5.o(.ARM.Collect$$$$00000004) refers to init.o(.text) for __scatterload
    entry9a.o(.ARM.Collect$$$$0000000B) refers to robot.o(i.main) for main
    entry9b.o(.ARM.Collect$$$$0000000C) refers to robot.o(i.main) for main
    init.o(.text) refers to entry5.o(.ARM.Collect$$$$00000004) for __main_after_scatterload


==============================================================================

Removing Unused input sections from the image.

    Removing startup.o(HEAP), (0 bytes).
    Removing os.o(i.OS_AddSW1Task), (52 bytes).
    Removing os.o(i.OS_AddSW2Task), (52 bytes).
    Removing os.o(i.OS_ClearMsTime), (12 bytes).
    Removing os.o(i.OS_Fifo_Get), (88 bytes).
    Removing os.o(i.OS_Fifo_Init), (68 bytes).
    Removing os.o(i.OS_Fifo_Put), (104 bytes).
    Removing os.o(i.OS_Fifo_Size), (12 bytes).
    Removing os.o(i.OS_Id), (16 bytes).
    Removing os.o(i.OS_Kill), (36 bytes).
    Removing os.o(i.OS_MailBox_Init), (28 bytes).
    Removing os.o(i.OS_MailBox_Recv), (36 bytes).
    Removing os.o(i.OS_MailBox_Send), (36 bytes).
    Removing os.o(i.OS_MsTime), (12 bytes).
    Removing os.o(i.OS_Sleep), (52 bytes).
    Removing os.o(i.OS_Suspend), (24 bytes).
    Removing os.o(i.OS_Time), (12 bytes).
    Removing os.o(i.OS_TimeDifference), (12 bytes).
    Removing os.o(i.OS_bWait), (44 bytes).
    Removing os.o(i.PushToList), (22 bytes).
    Removing robot.o(i.SW1Push), (2 bytes).
    Removing robot.o(i.SW2Push), (2 bytes).
    Removing can.o(i.CANDataRegRead), (54 bytes).
    Removing can.o(i.CANDisable), (24 bytes).
    Removing can.o(i.CANErrCntrGet), (46 bytes).
    Removing can.o(i.CANIntClear), (76 bytes).
    Removing can.o(i.CANIntDisable), (26 bytes).
    Removing can.o(i.CANIntEnable), (26 bytes).
    Removing can.o(i.CANIntRegister), (30 bytes).
    Removing can.o(i.CANIntStatus), (60 bytes).
    Removing can.o(i.CANIntUnregister), (26 bytes).
    Removing can.o(i.CANMessageClear), (66 bytes).
    Removing can.o(i.CANMessageGet), (434 bytes).
    Removing can.o(i.CANRetryGet), (24 bytes).
    Removing can.o(i.CANRetrySet), (36 bytes).
    Removing can.o(i.CANStatusGet), (124 bytes).
    Removing interrupt.o(i.IntDefaultHandler), (4 bytes).
    Removing interrupt.o(i.IntPendClear), (88 bytes).
    Removing interrupt.o(i.IntPendSet), (108 bytes).
    Removing interrupt.o(i.IntPriorityGet), (28 bytes).
    Removing interrupt.o(i.IntPriorityGroupingGet), (44 bytes).
    Removing interrupt.o(i.IntPriorityGroupingSet), (28 bytes).
    Removing interrupt.o(i.IntPrioritySet), (52 bytes).
    Removing interrupt.o(i.IntRegister), (60 bytes).
    Removing interrupt.o(i.IntUnregister), (20 bytes).
    Removing interrupt.o(.constdata), (104 bytes).
    Removing interrupt.o(vtable), (284 bytes).
    Removing pwm.o(i.Left_Duty), (32 bytes).
    Removing pwm.o(i.Left_DutyB), (32 bytes).
    Removing pwm.o(i.Left_Init), (268 bytes).
    Removing pwm.o(i.Left_InitB), (268 bytes).
    Removing pwm.o(i.Right_Duty), (32 bytes).
    Removing pwm.o(i.Right_DutyB), (32 bytes).
    Removing pwm.o(i.Right_Init), (240 bytes).
    Removing pwm.o(i.Right_InitB), (244 bytes).
    Removing pwm.o(i.Servo_Direction), (60 bytes).
    Removing pwm.o(i.Servo_Duty), (12 bytes).
    Removing pwm.o(i.Servo_Init), (212 bytes).
    Removing usonic.o(i.Cycles2milliInch), (20 bytes).
    Removing usonic.o(i.DelayWait5us), (22 bytes).
    Removing usonic.o(i.FilterUSONIC), (100 bytes).
    Removing usonic.o(i.Timer0_Read), (24 bytes).
    Removing usonic.o(i.Timer0_StartHCSR04), (56 bytes).
    Removing usonic.o(i.Timer0_StartPing), (144 bytes).
    Removing usonic.o(i.Timer1_Read), (24 bytes).
    Removing usonic.o(i.Timer1_StartPing), (136 bytes).
    Removing usonic.o(i.Timer2_Read), (24 bytes).
    Removing usonic.o(i.Timer2_StartPing), (144 bytes).
    Removing usonic.o(i.Timer3_Read), (24 bytes).
    Removing usonic.o(i.Timer3_StartHCSR04), (48 bytes).
    Removing usonic.o(i.Timer3_StartPing), (136 bytes).
    Removing usonic.o(i.USONIC_StartPing), (8 bytes).
    Removing st7735.o(i.Output_Clear), (10 bytes).
    Removing st7735.o(i.Output_Color), (12 bytes).
    Removing st7735.o(i.Output_Off), (8 bytes).
    Removing st7735.o(i.Output_On), (8 bytes).
    Removing st7735.o(i.ST7735_Color565), (24 bytes).
    Removing st7735.o(i.ST7735_ColoredMessage), (124 bytes).
    Removing st7735.o(i.ST7735_DrawBitmap), (288 bytes).
    Removing st7735.o(i.ST7735_DrawChar), (268 bytes).
    Removing st7735.o(i.ST7735_DrawFastHLine), (124 bytes).
    Removing st7735.o(i.ST7735_DrawFastVLine), (124 bytes).
    Removing st7735.o(i.ST7735_InitB), (40 bytes).
    Removing st7735.o(i.ST7735_InvertDisplay), (22 bytes).
    Removing st7735.o(i.ST7735_PlotBar), (88 bytes).
    Removing st7735.o(i.ST7735_PlotClear), (92 bytes).
    Removing st7735.o(i.ST7735_PlotLine), (264 bytes).
    Removing st7735.o(i.ST7735_PlotNext), (32 bytes).
    Removing st7735.o(i.ST7735_PlotNextErase), (64 bytes).
    Removing st7735.o(i.ST7735_PlotPoint), (152 bytes).
    Removing st7735.o(i.ST7735_PlotPoints), (172 bytes).
    Removing st7735.o(i.ST7735_PlotdBfs), (60 bytes).
    Removing st7735.o(i.ST7735_SetRotation), (212 bytes).
    Removing st7735.o(i.ST7735_SetTextColor), (12 bytes).
    Removing st7735.o(i.ST7735_SwapColor), (18 bytes).
    Removing st7735.o(i.ferror), (8 bytes).
    Removing st7735.o(i.fgetc), (6 bytes).
    Removing st7735.o(i.fputc), (16 bytes).
    Removing systick.o(i.SysTick_Init), (24 bytes).
    Removing drive.o(i.Drive), (48 bytes).
    Removing drive.o(i.Drive_DifferentialTurn), (68 bytes).
    Removing drive.o(i.Drive_Init), (72 bytes).
    Removing drive.o(i.Drive_PIControlDirection), (224 bytes).
    Removing drive.o(i.Drive_Speed), (100 bytes).
    Removing drive.o(i.Drive_SteepDifferentialTurn), (64 bytes).
    Removing drive.o(i.Drive_Stop), (36 bytes).
    Removing drive.o(i.Drive_WheelDirection), (58 bytes).
    Removing drive.o(.data), (16 bytes).

108 unused section(s) (total 7894 bytes) removed from the image.

==============================================================================

Image Symbol Table

    Local Symbols

    Symbol Name                              Value     Ov Type        Size  Object(Section)

    RESET                                    0x00000000   Section      644  startup.o(RESET)
    ../clib/microlib/init/entry.s            0x00000000   Number         0  entry10b.o ABSOLUTE
    ../clib/microlib/init/entry.s            0x00000000   Number         0  entry11a.o ABSOLUTE
    ../clib/microlib/init/entry.s            0x00000000   Number         0  entry.o ABSOLUTE
    ../clib/microlib/init/entry.s            0x00000000   Number         0  entry2.o ABSOLUTE
    ../clib/microlib/init/entry.s            0x00000000   Number         0  entry8b.o ABSOLUTE
    ../clib/microlib/init/entry.s            0x00000000   Number         0  entry8a.o ABSOLUTE
    ../clib/microlib/init/entry.s            0x00000000   Number         0  entry7b.o ABSOLUTE
    ../clib/microlib/init/entry.s            0x00000000   Number         0  entry9a.o ABSOLUTE
    ../clib/microlib/init/entry.s            0x00000000   Number         0  entry5.o ABSOLUTE
    ../clib/microlib/init/entry.s            0x00000000   Number         0  entry9b.o ABSOLUTE
    ../clib/microlib/init/entry.s            0x00000000   Number         0  entry10a.o ABSOLUTE
    ../clib/microlib/init/entry.s            0x00000000   Number         0  entry7a.o ABSOLUTE
    ../clib/microlib/init/entry.s            0x00000000   Number         0  entry11b.o ABSOLUTE
    ADC.c                                    0x00000000   Number         0  adc.o ABSOLUTE
    Drive.c                                  0x00000000   Number         0  drive.o ABSOLUTE
    OS.c                                     0x00000000   Number         0  os.o ABSOLUTE
    PLL.c                                    0x00000000   Number         0  pll.o ABSOLUTE
    PWM.c                                    0x00000000   Number         0  pwm.o ABSOLUTE
    Robot.c                                  0x00000000   Number         0  robot.o ABSOLUTE
    ST7735.c                                 0x00000000   Number         0  st7735.o ABSOLUTE
    SysTick.c                                0x00000000   Number         0  systick.o ABSOLUTE
    ThreadSwitch.s                           0x00000000   Number         0  threadswitch.o ABSOLUTE
    WTimer0A.c                               0x00000000   Number         0  wtimer0a.o ABSOLUTE
    WTimer0B.c                               0x00000000   Number         0  wtimer0b.o ABSOLUTE
    WTimer5A.c                               0x00000000   Number         0  wtimer5a.o ABSOLUTE
    can.c                                    0x00000000   Number         0  can.o ABSOLUTE
    can0.c                                   0x00000000   Number         0  can0.o ABSOLUTE
    dc.s                                     0x00000000   Number         0  dc.o ABSOLUTE
    handlers.s                               0x00000000   Number         0  handlers.o ABSOLUTE
    init.s                                   0x00000000   Number         0  init.o ABSOLUTE
    interrupt.c                              0x00000000   Number         0  interrupt.o ABSOLUTE
    startup.s                                0x00000000   Number         0  startup.o ABSOLUTE
    usonic.c                                 0x00000000   Number         0  usonic.o ABSOLUTE
    .ARM.Collect$$$$00000000                 0x00000284   Section        0  entry.o(.ARM.Collect$$$$00000000)
    .ARM.Collect$$$$00000001                 0x00000284   Section        4  entry2.o(.ARM.Collect$$$$00000001)
    .ARM.Collect$$$$00000004                 0x00000288   Section        4  entry5.o(.ARM.Collect$$$$00000004)
    .ARM.Collect$$$$00000008                 0x0000028c   Section        0  entry7b.o(.ARM.Collect$$$$00000008)
    .ARM.Collect$$$$0000000A                 0x0000028c   Section        0  entry8b.o(.ARM.Collect$$$$0000000A)
    .ARM.Collect$$$$0000000B                 0x0000028c   Section        8  entry9a.o(.ARM.Collect$$$$0000000B)
    .ARM.Collect$$$$0000000D                 0x00000294   Section        0  entry10a.o(.ARM.Collect$$$$0000000D)
    .ARM.Collect$$$$0000000F                 0x00000294   Section        0  entry11a.o(.ARM.Collect$$$$0000000F)
    .ARM.Collect$$$$00002712                 0x00000294   Section        4  entry2.o(.ARM.Collect$$$$00002712)
    __lit__00000000                          0x00000294   Data           4  entry2.o(.ARM.Collect$$$$00002712)
    .text                                    0x00000298   Section       28  startup.o(.text)
    .text                                    0x000002b4   Section       72  threadswitch.o(.text)
    .text                                    0x000002fc   Section       36  init.o(.text)
    i.ADC0Seq2_Handler                       0x00000320   Section        0  adc.o(i.ADC0Seq2_Handler)
    i.ADC0_SS2_4Channels_TimerTriggered_Init 0x0000039c   Section        0  adc.o(i.ADC0_SS2_4Channels_TimerTriggered_Init)
    i.ADC2millimeter                         0x00000504   Section        0  adc.o(i.ADC2millimeter)
    i.ADC_GetData                            0x00000524   Section        0  adc.o(i.ADC_GetData)
    i.AddToPriorityList                      0x0000054c   Section        0  os.o(i.AddToPriorityList)
    i.Block                                  0x00000592   Section        0  os.o(i.Block)
    i.CAN0_Open                              0x000005ac   Section        0  can0.o(i.CAN0_Open)
    i.CAN0_SendData                          0x00000648   Section        0  can0.o(i.CAN0_SendData)
    i.CAN0_Setup_Message_Object              0x00000660   Section        0  can0.o(i.CAN0_Setup_Message_Object)
    CAN0_Setup_Message_Object                0x00000661   Thumb Code    44  can0.o(i.CAN0_Setup_Message_Object)
    i.CANBitRateSet                          0x00000690   Section        0  can.o(i.CANBitRateSet)
    i.CANDataRegWrite                        0x00000724   Section        0  can.o(i.CANDataRegWrite)
    CANDataRegWrite                          0x00000725   Thumb Code    54  can.o(i.CANDataRegWrite)
    i.CANEnable                              0x0000075a   Section        0  can.o(i.CANEnable)
    i.CANInit                                0x00000772   Section        0  can.o(i.CANInit)
    i.CANIntNumberGet                        0x00000808   Section        0  can.o(i.CANIntNumberGet)
    CANIntNumberGet                          0x00000809   Thumb Code    44  can.o(i.CANIntNumberGet)
    i.CANMessageSet                          0x00000838   Section        0  can.o(i.CANMessageSet)
    i.CANRegRead                             0x000009ec   Section        0  can.o(i.CANRegRead)
    CANRegRead                               0x000009ed   Thumb Code    76  can.o(i.CANRegRead)
    i.CANRegWrite                            0x00000a3c   Section        0  can.o(i.CANRegWrite)
    CANRegWrite                              0x00000a3d   Thumb Code    24  can.o(i.CANRegWrite)
    i.Cycles2millimeter                      0x00000a54   Section        0  usonic.o(i.Cycles2millimeter)
    i.DecrementSleep                         0x00000a68   Section        0  os.o(i.DecrementSleep)
    i.Delay1ms                               0x00000aac   Section        0  st7735.o(i.Delay1ms)
    i.DelayWait10us                          0x00000acc   Section        0  usonic.o(i.DelayWait10us)
    i.Filter0                                0x00000ae4   Section        0  adc.o(i.Filter0)
    i.Filter1                                0x00000b48   Section        0  adc.o(i.Filter1)
    i.Filter2                                0x00000bac   Section        0  adc.o(i.Filter2)
    i.Filter3                                0x00000c10   Section        0  adc.o(i.Filter3)
    i.GPIOPortF_Handler                      0x00000c74   Section        0  os.o(i.GPIOPortF_Handler)
    i.IRSend                                 0x00000cb4   Section        0  robot.o(i.IRSend)
    i.IdleTask                               0x00000d14   Section        0  robot.o(i.IdleTask)
    i.IntDisable                             0x00000d28   Section        0  interrupt.o(i.IntDisable)
    i.IntEnable                              0x00000da8   Section        0  interrupt.o(i.IntEnable)
    i.LinkThread                             0x00000e28   Section        0  os.o(i.LinkThread)
    i.OS_AddPeriodicThread                   0x00000e7c   Section        0  os.o(i.OS_AddPeriodicThread)
    i.OS_AddThread                           0x00000ed4   Section        0  os.o(i.OS_AddThread)
    i.OS_Init                                0x00000f68   Section        0  os.o(i.OS_Init)
    i.OS_InitSemaphore                       0x00000fd0   Section        0  os.o(i.OS_InitSemaphore)
    i.OS_Launch                              0x00000fec   Section        0  os.o(i.OS_Launch)
    i.OS_SelectNextThread                    0x00001004   Section        0  os.o(i.OS_SelectNextThread)
    i.OS_Signal                              0x00001054   Section        0  os.o(i.OS_Signal)
    i.OS_SwitchThread                        0x00001078   Section        0  os.o(i.OS_SwitchThread)
    i.OS_Wait                                0x00001088   Section        0  os.o(i.OS_Wait)
    i.OS_bSignal                             0x000010b4   Section        0  os.o(i.OS_bSignal)
    i.Output_Init                            0x000010d8   Section        0  st7735.o(i.Output_Init)
    i.PLL_Init                               0x000010f4   Section        0  pll.o(i.PLL_Init)
    i.PopFromList                            0x00001170   Section        0  os.o(i.PopFromList)
    i.PortD_Init                             0x00001184   Section        0  robot.o(i.PortD_Init)
    i.PortF_Init                             0x000011f0   Section        0  os.o(i.PortF_Init)
    i.RemoveFromList                         0x000012cc   Section        0  os.o(i.RemoveFromList)
    i.ST7735_DrawCharS                       0x000012f0   Section        0  st7735.o(i.ST7735_DrawCharS)
    i.ST7735_DrawPixel                       0x000013e4   Section        0  st7735.o(i.ST7735_DrawPixel)
    i.ST7735_DrawString                      0x0000142c   Section        0  st7735.o(i.ST7735_DrawString)
    i.ST7735_FillRect                        0x00001484   Section        0  st7735.o(i.ST7735_FillRect)
    i.ST7735_FillScreen                      0x00001530   Section        0  st7735.o(i.ST7735_FillScreen)
    i.ST7735_InitR                           0x00001554   Section        0  st7735.o(i.ST7735_InitR)
    i.ST7735_Message                         0x000015d0   Section        0  st7735.o(i.ST7735_Message)
    i.ST7735_OutChar                         0x00001664   Section        0  st7735.o(i.ST7735_OutChar)
    i.ST7735_OutString                       0x00001738   Section        0  st7735.o(i.ST7735_OutString)
    i.ST7735_OutUDec                         0x00001750   Section        0  st7735.o(i.ST7735_OutUDec)
    i.ST7735_SetCursor                       0x000017dc   Section        0  st7735.o(i.ST7735_SetCursor)
    i.SetInitialStack                        0x000017fc   Section        0  os.o(i.SetInitialStack)
    i.SysTick_Handler                        0x0000194c   Section        0  systick.o(i.SysTick_Handler)
    i.Timer0A_Handler                        0x00001960   Section        0  usonic.o(i.Timer0A_Handler)
    i.Timer0_Init                            0x000019d0   Section        0  usonic.o(i.Timer0_Init)
    i.Timer1A_Handler                        0x00001ae0   Section        0  usonic.o(i.Timer1A_Handler)
    i.Timer1_Init                            0x00001b50   Section        0  usonic.o(i.Timer1_Init)
    i.Timer1_StartHCSR04                     0x00001c60   Section        0  usonic.o(i.Timer1_StartHCSR04)
    i.Timer2A_Handler                        0x00001c94   Section        0  usonic.o(i.Timer2A_Handler)
    i.Timer2_Init                            0x00001d04   Section        0  usonic.o(i.Timer2_Init)
    i.Timer2_StartHCSR04                     0x00001e58   Section        0  usonic.o(i.Timer2_StartHCSR04)
    i.Timer3A_Handler                        0x00001e8c   Section        0  usonic.o(i.Timer3A_Handler)
    i.Timer3_Init                            0x00001efc   Section        0  usonic.o(i.Timer3_Init)
    i.USONICSend                             0x0000200c   Section        0  robot.o(i.USONICSend)
    i.USONIC_GetData                         0x00002078   Section        0  usonic.o(i.USONIC_GetData)
    i.USONIC_Init                            0x000020a4   Section        0  usonic.o(i.USONIC_Init)
    i.USONIC_Start                           0x000020c4   Section        0  usonic.o(i.USONIC_Start)
    i.USONIC_StartHCSR04                     0x000020cc   Section        0  usonic.o(i.USONIC_StartHCSR04)
    i.UnlinkThread                           0x000020d8   Section        0  os.o(i.UnlinkThread)
    i.WTimer0A_Init                          0x00002124   Section        0  wtimer0a.o(i.WTimer0A_Init)
    i.WTimer0B_Init                          0x000021b4   Section        0  wtimer0b.o(i.WTimer0B_Init)
    i.WTimer5A_Init                          0x00002244   Section        0  wtimer5a.o(i.WTimer5A_Init)
    i.WakeUp                                 0x000022d0   Section        0  os.o(i.WakeUp)
    i.WideTimer0A_Handler                    0x000022e8   Section        0  wtimer0a.o(i.WideTimer0A_Handler)
    i.WideTimer0B_Handler                    0x00002308   Section        0  wtimer0b.o(i.WideTimer0B_Handler)
    i.WideTimer5A_Handler                    0x00002328   Section        0  wtimer5a.o(i.WideTimer5A_Handler)
    i.__scatterload_copy                     0x00002348   Section       14  handlers.o(i.__scatterload_copy)
    i.__scatterload_null                     0x00002356   Section        2  handlers.o(i.__scatterload_null)
    i.__scatterload_zeroinit                 0x00002358   Section       14  handlers.o(i.__scatterload_zeroinit)
    i.commandList                            0x00002366   Section        0  st7735.o(i.commandList)
    commandList                              0x00002367   Thumb Code    86  st7735.o(i.commandList)
    i.commonInit                             0x000023bc   Section        0  st7735.o(i.commonInit)
    commonInit                               0x000023bd   Thumb Code   340  st7735.o(i.commonInit)
    i.fillmessage                            0x00002540   Section        0  st7735.o(i.fillmessage)
    i.main                                   0x00002588   Section        0  robot.o(i.main)
    i.pushColor                              0x000025f4   Section        0  st7735.o(i.pushColor)
    pushColor                                0x000025f5   Thumb Code    18  st7735.o(i.pushColor)
    i.setAddrWindow                          0x00002608   Section        0  st7735.o(i.setAddrWindow)
    setAddrWindow                            0x00002609   Thumb Code   106  st7735.o(i.setAddrWindow)
    i.writecommand                           0x0000267c   Section        0  st7735.o(i.writecommand)
    writecommand                             0x0000267d   Thumb Code    40  st7735.o(i.writecommand)
    i.writedata                              0x000026ac   Section        0  st7735.o(i.writedata)
    writedata                                0x000026ad   Thumb Code    24  st7735.o(i.writedata)
    .constdata                               0x000026cc   Section       18  can.o(.constdata)
    g_usCANBitValues                         0x000026cc   Data          18  can.o(.constdata)
    .constdata                               0x000026de   Section     2018  st7735.o(.constdata)
    Font                                     0x000026de   Data        1275  st7735.o(.constdata)
    Bcmd                                     0x00002bd9   Data         103  st7735.o(.constdata)
    Rcmd1                                    0x00002c40   Data          59  st7735.o(.constdata)
    Rcmd2green                               0x00002c7b   Data          13  st7735.o(.constdata)
    Rcmd2red                                 0x00002c88   Data          13  st7735.o(.constdata)
    Rcmd3                                    0x00002c95   Data          43  st7735.o(.constdata)
    .conststring                             0x00002ec0   Section       60  robot.o(.conststring)
    .data                                    0x20000000   Section       76  os.o(.data)
    .data                                    0x2000004c   Section       40  adc.o(.data)
    x0                                       0x2000004c   Data           8  adc.o(.data)
    x1                                       0x20000054   Data           8  adc.o(.data)
    x2                                       0x2000005c   Data           8  adc.o(.data)
    x3                                       0x20000064   Data           8  adc.o(.data)
    ADCValues                                0x2000006c   Data           8  adc.o(.data)
    .data                                    0x20000074   Section       48  robot.o(.data)
    .data                                    0x200000a4   Section       56  usonic.o(.data)
    xUSONIC                                  0x200000a4   Data           8  usonic.o(.data)
    .data                                    0x200000dc   Section        4  wtimer0a.o(.data)
    .data                                    0x200000e0   Section        4  wtimer0b.o(.data)
    .data                                    0x200000e4   Section        4  wtimer5a.o(.data)
    .data                                    0x200000e8   Section       44  st7735.o(.data)
    _width                                   0x200000f2   Data           2  st7735.o(.data)
    _height                                  0x200000f4   Data           2  st7735.o(.data)
    ColStart                                 0x200000fc   Data           1  st7735.o(.data)
    RowStart                                 0x200000fd   Data           1  st7735.o(.data)
    Rotation                                 0x200000fe   Data           1  st7735.o(.data)
    TabColor                                 0x200000ff   Data           1  st7735.o(.data)
    .bss                                     0x20000114   Section     8812  os.o(.bss)
    .bss                                     0x20002380   Section       12  adc.o(.bss)
    .bss                                     0x2000238c   Section       16  robot.o(.bss)
    .bss                                     0x2000239c   Section       28  usonic.o(.bss)
    USONICValues                             0x200023a8   Data          16  usonic.o(.bss)
    .bss                                     0x200023b8   Section       24  st7735.o(.bss)
    STACK                                    0x200023d0   Section     1024  startup.o(STACK)
    StackMem                                 0x200023d0   Data           0  startup.o(STACK)

    Global Symbols

    Symbol Name                              Value     Ov Type        Size  Object(Section)

    BuildAttributes$$THM_ISAv4$E$P$D$K$B$S$7EM$PE$A:L22UL41UL21$X:L11$S22US41US21$IEEE1$IW$USESV6$~STKCKD$USESV7$~SHL$OSPACE$EBA8$MICROLIB$REQ8$EABIv2 0x00000000   Number         0  anon$$obj.o ABSOLUTE
    __ARM_use_no_argv                        0x00000000   Number         0  robot.o ABSOLUTE
    __Vectors                                0x00000000   Data           0  startup.o(RESET)
    __cpp_initialize__aeabi_                  - Undefined Weak Reference
    __cxa_finalize                            - Undefined Weak Reference
    __decompress                              - Undefined Weak Reference
    _clock_init                               - Undefined Weak Reference
    _microlib_exit                            - Undefined Weak Reference
    Reset_Handler                            0x0000026d   Thumb Code     0  startup.o(RESET)
    NMI_Handler                              0x00000271   Thumb Code     2  startup.o(RESET)
    HardFault_Handler                        0x00000273   Thumb Code     2  startup.o(RESET)
    MemManage_Handler                        0x00000275   Thumb Code     2  startup.o(RESET)
    BusFault_Handler                         0x00000277   Thumb Code     2  startup.o(RESET)
    UsageFault_Handler                       0x00000279   Thumb Code     2  startup.o(RESET)
    SVC_Handler                              0x0000027b   Thumb Code     2  startup.o(RESET)
    DebugMon_Handler                         0x0000027d   Thumb Code     2  startup.o(RESET)
    ADC0Seq0_Handler                         0x00000283   Thumb Code     0  startup.o(RESET)
    ADC0Seq1_Handler                         0x00000283   Thumb Code     0  startup.o(RESET)
    ADC0Seq3_Handler                         0x00000283   Thumb Code     0  startup.o(RESET)
    ADC1Seq0_Handler                         0x00000283   Thumb Code     0  startup.o(RESET)
    ADC1Seq1_Handler                         0x00000283   Thumb Code     0  startup.o(RESET)
    ADC1Seq2_Handler                         0x00000283   Thumb Code     0  startup.o(RESET)
    ADC1Seq3_Handler                         0x00000283   Thumb Code     0  startup.o(RESET)
    CAN0_Handler                             0x00000283   Thumb Code     0  startup.o(RESET)
    CAN1_Handler                             0x00000283   Thumb Code     0  startup.o(RESET)
    CAN2_Handler                             0x00000283   Thumb Code     0  startup.o(RESET)
    Comp0_Handler                            0x00000283   Thumb Code     0  startup.o(RESET)
    Comp1_Handler                            0x00000283   Thumb Code     0  startup.o(RESET)
    Comp2_Handler                            0x00000283   Thumb Code     0  startup.o(RESET)
    Ethernet_Handler                         0x00000283   Thumb Code     0  startup.o(RESET)
    ExtBus_Handler                           0x00000283   Thumb Code     0  startup.o(RESET)
    FPU_Handler                              0x00000283   Thumb Code     0  startup.o(RESET)
    Fan0_Handler                             0x00000283   Thumb Code     0  startup.o(RESET)
    FlashCtl_Handler                         0x00000283   Thumb Code     0  startup.o(RESET)
    GPIOPortA_Handler                        0x00000283   Thumb Code     0  startup.o(RESET)
    GPIOPortB_Handler                        0x00000283   Thumb Code     0  startup.o(RESET)
    GPIOPortC_Handler                        0x00000283   Thumb Code     0  startup.o(RESET)
    GPIOPortD_Handler                        0x00000283   Thumb Code     0  startup.o(RESET)
    GPIOPortE_Handler                        0x00000283   Thumb Code     0  startup.o(RESET)
    GPIOPortG_Handler                        0x00000283   Thumb Code     0  startup.o(RESET)
    GPIOPortH_Handler                        0x00000283   Thumb Code     0  startup.o(RESET)
    GPIOPortJ_Handler                        0x00000283   Thumb Code     0  startup.o(RESET)
    GPIOPortK_Handler                        0x00000283   Thumb Code     0  startup.o(RESET)
    GPIOPortL_Handler                        0x00000283   Thumb Code     0  startup.o(RESET)
    GPIOPortM_Handler                        0x00000283   Thumb Code     0  startup.o(RESET)
    GPIOPortN_Handler                        0x00000283   Thumb Code     0  startup.o(RESET)
    GPIOPortP1_Handler                       0x00000283   Thumb Code     0  startup.o(RESET)
    GPIOPortP2_Handler                       0x00000283   Thumb Code     0  startup.o(RESET)
    GPIOPortP3_Handler                       0x00000283   Thumb Code     0  startup.o(RESET)
    GPIOPortP4_Handler                       0x00000283   Thumb Code     0  startup.o(RESET)
    GPIOPortP5_Handler                       0x00000283   Thumb Code     0  startup.o(RESET)
    GPIOPortP6_Handler                       0x00000283   Thumb Code     0  startup.o(RESET)
    GPIOPortP7_Handler                       0x00000283   Thumb Code     0  startup.o(RESET)
    GPIOPortP_Handler                        0x00000283   Thumb Code     0  startup.o(RESET)
    GPIOPortQ1_Handler                       0x00000283   Thumb Code     0  startup.o(RESET)
    GPIOPortQ2_Handler                       0x00000283   Thumb Code     0  startup.o(RESET)
    GPIOPortQ3_Handler                       0x00000283   Thumb Code     0  startup.o(RESET)
    GPIOPortQ4_Handler                       0x00000283   Thumb Code     0  startup.o(RESET)
    GPIOPortQ5_Handler                       0x00000283   Thumb Code     0  startup.o(RESET)
    GPIOPortQ6_Handler                       0x00000283   Thumb Code     0  startup.o(RESET)
    GPIOPortQ7_Handler                       0x00000283   Thumb Code     0  startup.o(RESET)
    GPIOPortQ_Handler                        0x00000283   Thumb Code     0  startup.o(RESET)
    GPIOPortR_Handler                        0x00000283   Thumb Code     0  startup.o(RESET)
    GPIOPortS_Handler                        0x00000283   Thumb Code     0  startup.o(RESET)
    Hibernate_Handler                        0x00000283   Thumb Code     0  startup.o(RESET)
    I2C0_Handler                             0x00000283   Thumb Code     0  startup.o(RESET)
    I2C1_Handler                             0x00000283   Thumb Code     0  startup.o(RESET)
    I2C2_Handler                             0x00000283   Thumb Code     0  startup.o(RESET)
    I2C3_Handler                             0x00000283   Thumb Code     0  startup.o(RESET)
    I2C4_Handler                             0x00000283   Thumb Code     0  startup.o(RESET)
    I2C5_Handler                             0x00000283   Thumb Code     0  startup.o(RESET)
    I2S0_Handler                             0x00000283   Thumb Code     0  startup.o(RESET)
    LPC0_Handler                             0x00000283   Thumb Code     0  startup.o(RESET)
    PECI0_Handler                            0x00000283   Thumb Code     0  startup.o(RESET)
    PWM0Fault_Handler                        0x00000283   Thumb Code     0  startup.o(RESET)
    PWM0Generator0_Handler                   0x00000283   Thumb Code     0  startup.o(RESET)
    PWM0Generator1_Handler                   0x00000283   Thumb Code     0  startup.o(RESET)
    PWM0Generator2_Handler                   0x00000283   Thumb Code     0  startup.o(RESET)
    PWM0Generator3_Handler                   0x00000283   Thumb Code     0  startup.o(RESET)
    PWM1Fault_Handler                        0x00000283   Thumb Code     0  startup.o(RESET)
    PWM1Generator0_Handler                   0x00000283   Thumb Code     0  startup.o(RESET)
    PWM1Generator1_Handler                   0x00000283   Thumb Code     0  startup.o(RESET)
    PWM1Generator2_Handler                   0x00000283   Thumb Code     0  startup.o(RESET)
    PWM1Generator3_Handler                   0x00000283   Thumb Code     0  startup.o(RESET)
    Quadrature0_Handler                      0x00000283   Thumb Code     0  startup.o(RESET)
    Quadrature1_Handler                      0x00000283   Thumb Code     0  startup.o(RESET)
    Quadrature2_Handler                      0x00000283   Thumb Code     0  startup.o(RESET)
    SSI0_Handler                             0x00000283   Thumb Code     0  startup.o(RESET)
    SSI1_Handler                             0x00000283   Thumb Code     0  startup.o(RESET)
    SSI2_Handler                             0x00000283   Thumb Code     0  startup.o(RESET)
    SSI3_Handler                             0x00000283   Thumb Code     0  startup.o(RESET)
    SysCtl_Handler                           0x00000283   Thumb Code     0  startup.o(RESET)
    Timer0B_Handler                          0x00000283   Thumb Code     0  startup.o(RESET)
    Timer1B_Handler                          0x00000283   Thumb Code     0  startup.o(RESET)
    Timer2B_Handler                          0x00000283   Thumb Code     0  startup.o(RESET)
    Timer3B_Handler                          0x00000283   Thumb Code     0  startup.o(RESET)
    Timer4A_Handler                          0x00000283   Thumb Code     0  startup.o(RESET)
    Timer4B_Handler                          0x00000283   Thumb Code     0  startup.o(RESET)
    Timer5A_Handler                          0x00000283   Thumb Code     0  startup.o(RESET)
    Timer5B_Handler                          0x00000283   Thumb Code     0  startup.o(RESET)
    UART0_Handler                            0x00000283   Thumb Code     0  startup.o(RESET)
    UART1_Handler                            0x00000283   Thumb Code     0  startup.o(RESET)
    UART2_Handler                            0x00000283   Thumb Code     0  startup.o(RESET)
    UART3_Handler                            0x00000283   Thumb Code     0  startup.o(RESET)
    UART4_Handler                            0x00000283   Thumb Code     0  startup.o(RESET)
    UART5_Handler                            0x00000283   Thumb Code     0  startup.o(RESET)
    UART6_Handler                            0x00000283   Thumb Code     0  startup.o(RESET)
    UART7_Handler                            0x00000283   Thumb Code     0  startup.o(RESET)
    USB0_Handler                             0x00000283   Thumb Code     0  startup.o(RESET)
    WDT_Handler                              0x00000283   Thumb Code     0  startup.o(RESET)
    WideTimer1A_Handler                      0x00000283   Thumb Code     0  startup.o(RESET)
    WideTimer1B_Handler                      0x00000283   Thumb Code     0  startup.o(RESET)
    WideTimer2A_Handler                      0x00000283   Thumb Code     0  startup.o(RESET)
    WideTimer2B_Handler                      0x00000283   Thumb Code     0  startup.o(RESET)
    WideTimer3A_Handler                      0x00000283   Thumb Code     0  startup.o(RESET)
    WideTimer3B_Handler                      0x00000283   Thumb Code     0  startup.o(RESET)
    WideTimer4A_Handler                      0x00000283   Thumb Code     0  startup.o(RESET)
    WideTimer4B_Handler                      0x00000283   Thumb Code     0  startup.o(RESET)
    WideTimer5B_Handler                      0x00000283   Thumb Code     0  startup.o(RESET)
    uDMA_Error                               0x00000283   Thumb Code     0  startup.o(RESET)
    uDMA_Handler                             0x00000283   Thumb Code     0  startup.o(RESET)
    __main                                   0x00000285   Thumb Code     0  entry.o(.ARM.Collect$$$$00000000)
    _main_stk                                0x00000285   Thumb Code     0  entry2.o(.ARM.Collect$$$$00000001)
    _main_scatterload                        0x00000289   Thumb Code     0  entry5.o(.ARM.Collect$$$$00000004)
    __main_after_scatterload                 0x0000028d   Thumb Code     0  entry5.o(.ARM.Collect$$$$00000004)
    _main_clock                              0x0000028d   Thumb Code     0  entry7b.o(.ARM.Collect$$$$00000008)
    _main_cpp_init                           0x0000028d   Thumb Code     0  entry8b.o(.ARM.Collect$$$$0000000A)
    _main_init                               0x0000028d   Thumb Code     0  entry9a.o(.ARM.Collect$$$$0000000B)
    __rt_final_cpp                           0x00000295   Thumb Code     0  entry10a.o(.ARM.Collect$$$$0000000D)
    __rt_final_exit                          0x00000295   Thumb Code     0  entry11a.o(.ARM.Collect$$$$0000000F)
    DisableInterrupts                        0x00000299   Thumb Code     0  startup.o(.text)
    EnableInterrupts                         0x0000029d   Thumb Code     0  startup.o(.text)
    StartCritical                            0x000002a1   Thumb Code     0  startup.o(.text)
    EndCritical                              0x000002a9   Thumb Code     0  startup.o(.text)
    WaitForInterrupt                         0x000002af   Thumb Code     0  startup.o(.text)
    PendSV_Handler                           0x000002b5   Thumb Code     0  threadswitch.o(.text)
    StartOS                                  0x000002d5   Thumb Code     0  threadswitch.o(.text)
    __scatterload                            0x000002fd   Thumb Code    28  init.o(.text)
    __scatterload_rt2                        0x000002fd   Thumb Code     0  init.o(.text)
    ADC0Seq2_Handler                         0x00000321   Thumb Code   108  adc.o(i.ADC0Seq2_Handler)
    ADC0_SS2_4Channels_TimerTriggered_Init   0x0000039d   Thumb Code   320  adc.o(i.ADC0_SS2_4Channels_TimerTriggered_Init)
    ADC2millimeter                           0x00000505   Thumb Code    26  adc.o(i.ADC2millimeter)
    ADC_GetData                              0x00000525   Thumb Code    32  adc.o(i.ADC_GetData)
    AddToPriorityList                        0x0000054d   Thumb Code    70  os.o(i.AddToPriorityList)
    Block                                    0x00000593   Thumb Code    26  os.o(i.Block)
    CAN0_Open                                0x000005ad   Thumb Code   132  can0.o(i.CAN0_Open)
    CAN0_SendData                            0x00000649   Thumb Code    24  can0.o(i.CAN0_SendData)
    CANBitRateSet                            0x00000691   Thumb Code   142  can.o(i.CANBitRateSet)
    CANEnable                                0x0000075b   Thumb Code    24  can.o(i.CANEnable)
    CANInit                                  0x00000773   Thumb Code   148  can.o(i.CANInit)
    CANMessageSet                            0x00000839   Thumb Code   434  can.o(i.CANMessageSet)
    Cycles2millimeter                        0x00000a55   Thumb Code    14  usonic.o(i.Cycles2millimeter)
    DecrementSleep                           0x00000a69   Thumb Code    56  os.o(i.DecrementSleep)
    Delay1ms                                 0x00000aad   Thumb Code    32  st7735.o(i.Delay1ms)
    DelayWait10us                            0x00000acd   Thumb Code    22  usonic.o(i.DelayWait10us)
    Filter0                                  0x00000ae5   Thumb Code    94  adc.o(i.Filter0)
    Filter1                                  0x00000b49   Thumb Code    94  adc.o(i.Filter1)
    Filter2                                  0x00000bad   Thumb Code    94  adc.o(i.Filter2)
    Filter3                                  0x00000c11   Thumb Code    94  adc.o(i.Filter3)
    GPIOPortF_Handler                        0x00000c75   Thumb Code    52  os.o(i.GPIOPortF_Handler)
    IRSend                                   0x00000cb5   Thumb Code    82  robot.o(i.IRSend)
    IdleTask                                 0x00000d15   Thumb Code    14  robot.o(i.IdleTask)
    IntDisable                               0x00000d29   Thumb Code   116  interrupt.o(i.IntDisable)
    IntEnable                                0x00000da9   Thumb Code   116  interrupt.o(i.IntEnable)
    LinkThread                               0x00000e29   Thumb Code    72  os.o(i.LinkThread)
    OS_AddPeriodicThread                     0x00000e7d   Thumb Code    84  os.o(i.OS_AddPeriodicThread)
    OS_AddThread                             0x00000ed5   Thumb Code   136  os.o(i.OS_AddThread)
    OS_Init                                  0x00000f69   Thumb Code    84  os.o(i.OS_Init)
    OS_InitSemaphore                         0x00000fd1   Thumb Code    28  os.o(i.OS_InitSemaphore)
    OS_Launch                                0x00000fed   Thumb Code    22  os.o(i.OS_Launch)
    OS_SelectNextThread                      0x00001005   Thumb Code    66  os.o(i.OS_SelectNextThread)
    OS_Signal                                0x00001055   Thumb Code    36  os.o(i.OS_Signal)
    OS_SwitchThread                          0x00001079   Thumb Code    10  os.o(i.OS_SwitchThread)
    OS_Wait                                  0x00001089   Thumb Code    40  os.o(i.OS_Wait)
    OS_bSignal                               0x000010b5   Thumb Code    36  os.o(i.OS_bSignal)
    Output_Init                              0x000010d9   Thumb Code    24  st7735.o(i.Output_Init)
    PLL_Init                                 0x000010f5   Thumb Code   118  pll.o(i.PLL_Init)
    PopFromList                              0x00001171   Thumb Code    18  os.o(i.PopFromList)
    PortD_Init                               0x00001185   Thumb Code    86  robot.o(i.PortD_Init)
    PortF_Init                               0x000011f1   Thumb Code   192  os.o(i.PortF_Init)
    RemoveFromList                           0x000012cd   Thumb Code    36  os.o(i.RemoveFromList)
    ST7735_DrawCharS                         0x000012f1   Thumb Code   232  st7735.o(i.ST7735_DrawCharS)
    ST7735_DrawPixel                         0x000013e5   Thumb Code    64  st7735.o(i.ST7735_DrawPixel)
    ST7735_DrawString                        0x0000142d   Thumb Code    86  st7735.o(i.ST7735_DrawString)
    ST7735_FillRect                          0x00001485   Thumb Code   164  st7735.o(i.ST7735_FillRect)
    ST7735_FillScreen                        0x00001531   Thumb Code    28  st7735.o(i.ST7735_FillScreen)
    ST7735_InitR                             0x00001555   Thumb Code    90  st7735.o(i.ST7735_InitR)
    ST7735_Message                           0x000015d1   Thumb Code   126  st7735.o(i.ST7735_Message)
    ST7735_OutChar                           0x00001665   Thumb Code   176  st7735.o(i.ST7735_OutChar)
    ST7735_OutString                         0x00001739   Thumb Code    24  st7735.o(i.ST7735_OutString)
    ST7735_OutUDec                           0x00001751   Thumb Code   118  st7735.o(i.ST7735_OutUDec)
    ST7735_SetCursor                         0x000017dd   Thumb Code    22  st7735.o(i.ST7735_SetCursor)
    SetInitialStack                          0x000017fd   Thumb Code   328  os.o(i.SetInitialStack)
    SysTick_Handler                          0x0000194d   Thumb Code    16  systick.o(i.SysTick_Handler)
    Timer0A_Handler                          0x00001961   Thumb Code    76  usonic.o(i.Timer0A_Handler)
    Timer0_Init                              0x000019d1   Thumb Code   232  usonic.o(i.Timer0_Init)
    Timer1A_Handler                          0x00001ae1   Thumb Code    76  usonic.o(i.Timer1A_Handler)
    Timer1_Init                              0x00001b51   Thumb Code   232  usonic.o(i.Timer1_Init)
    Timer1_StartHCSR04                       0x00001c61   Thumb Code    40  usonic.o(i.Timer1_StartHCSR04)
    Timer2A_Handler                          0x00001c95   Thumb Code    76  usonic.o(i.Timer2A_Handler)
    Timer2_Init                              0x00001d05   Thumb Code   290  usonic.o(i.Timer2_Init)
    Timer2_StartHCSR04                       0x00001e59   Thumb Code    40  usonic.o(i.Timer2_StartHCSR04)
    Timer3A_Handler                          0x00001e8d   Thumb Code    76  usonic.o(i.Timer3A_Handler)
    Timer3_Init                              0x00001efd   Thumb Code   230  usonic.o(i.Timer3_Init)
    USONICSend                               0x0000200d   Thumb Code    92  robot.o(i.USONICSend)
    USONIC_GetData                           0x00002079   Thumb Code    36  usonic.o(i.USONIC_GetData)
    USONIC_Init                              0x000020a5   Thumb Code    28  usonic.o(i.USONIC_Init)
    USONIC_Start                             0x000020c5   Thumb Code     8  usonic.o(i.USONIC_Start)
    USONIC_StartHCSR04                       0x000020cd   Thumb Code    12  usonic.o(i.USONIC_StartHCSR04)
    UnlinkThread                             0x000020d9   Thumb Code    68  os.o(i.UnlinkThread)
    WTimer0A_Init                            0x00002125   Thumb Code   122  wtimer0a.o(i.WTimer0A_Init)
    WTimer0B_Init                            0x000021b5   Thumb Code   122  wtimer0b.o(i.WTimer0B_Init)
    WTimer5A_Init                            0x00002245   Thumb Code   118  wtimer5a.o(i.WTimer5A_Init)
    WakeUp                                   0x000022d1   Thumb Code    22  os.o(i.WakeUp)
    WideTimer0A_Handler                      0x000022e9   Thumb Code    22  wtimer0a.o(i.WideTimer0A_Handler)
    WideTimer0B_Handler                      0x00002309   Thumb Code    22  wtimer0b.o(i.WideTimer0B_Handler)
    WideTimer5A_Handler                      0x00002329   Thumb Code    22  wtimer5a.o(i.WideTimer5A_Handler)
    __scatterload_copy                       0x00002349   Thumb Code    14  handlers.o(i.__scatterload_copy)
    __scatterload_null                       0x00002357   Thumb Code     2  handlers.o(i.__scatterload_null)
    __scatterload_zeroinit                   0x00002359   Thumb Code    14  handlers.o(i.__scatterload_zeroinit)
    fillmessage                              0x00002541   Thumb Code    64  st7735.o(i.fillmessage)
    main                                     0x00002589   Thumb Code    88  robot.o(i.main)
    dBfs                                     0x00002cc0   Data         512  st7735.o(.constdata)
    Region$$Table$$Base                      0x00002efc   Number         0  anon$$obj.o(Region$$Table)
    Region$$Table$$Limit                     0x00002f1c   Number         0  anon$$obj.o(Region$$Table)
    NumPeriodicThreads                       0x20000000   Data           4  os.o(.data)
    NumThreads                               0x20000004   Data           1  os.o(.data)
    RunPt                                    0x20000008   Data           4  os.o(.data)
    NextPt                                   0x2000000c   Data           4  os.o(.data)
    CurrentID                                0x20000010   Data           2  os.o(.data)
    SleepListStart                           0x20000014   Data           4  os.o(.data)
    SleepListEnd                             0x20000018   Data           4  os.o(.data)
    LinkinPointer                            0x2000001c   Data           4  os.o(.data)
    OSMsCount                                0x20000020   Data           4  os.o(.data)
    PeriodicTask1                            0x20000024   Data           4  os.o(.data)
    PeriodicTask2                            0x20000028   Data           4  os.o(.data)
    SW1Task                                  0x2000002c   Data           4  os.o(.data)
    SW2Task                                  0x20000030   Data           4  os.o(.data)
    delay                                    0x20000034   Data           4  os.o(.data)
    PutPt                                    0x20000038   Data           4  os.o(.data)
    GetPt                                    0x2000003c   Data           4  os.o(.data)
    FifoSize                                 0x20000040   Data           4  os.o(.data)
    FifoNumElements                          0x20000044   Data           4  os.o(.data)
    MailBox                                  0x20000048   Data           4  os.o(.data)
    NumCreated                               0x20000074   Data           1  robot.o(.data)
    IRStrings                                0x20000078   Data          16  robot.o(.data)
    USONICStrings                            0x20000088   Data          16  robot.o(.data)
    Idlecount                                0x20000098   Data           4  robot.o(.data)
    ADCValues                                0x2000009c   Data           8  robot.o(.data)
    Timer0First                              0x200000ac   Data           4  usonic.o(.data)
    Timer0Done                               0x200000b0   Data           4  usonic.o(.data)
    Timer0Pulse                              0x200000b4   Data           4  usonic.o(.data)
    Timer1First                              0x200000b8   Data           4  usonic.o(.data)
    Timer1Done                               0x200000bc   Data           4  usonic.o(.data)
    Timer1Pulse                              0x200000c0   Data           4  usonic.o(.data)
    Timer2First                              0x200000c4   Data           4  usonic.o(.data)
    Timer2Done                               0x200000c8   Data           4  usonic.o(.data)
    Timer2Pulse                              0x200000cc   Data           4  usonic.o(.data)
    Timer3First                              0x200000d0   Data           4  usonic.o(.data)
    Timer3Done                               0x200000d4   Data           4  usonic.o(.data)
    Timer3Pulse                              0x200000d8   Data           4  usonic.o(.data)
    WTimer0APeriodicTask                     0x200000dc   Data           4  wtimer0a.o(.data)
    WTimer0BPeriodicTask                     0x200000e0   Data           4  wtimer0b.o(.data)
    WTimer5APeriodicTask                     0x200000e4   Data           4  wtimer5a.o(.data)
    StX                                      0x200000e8   Data           4  st7735.o(.data)
    StY                                      0x200000ec   Data           4  st7735.o(.data)
    StTextColor                              0x200000f0   Data           2  st7735.o(.data)
    lastj                                    0x200000f8   Data           4  st7735.o(.data)
    Messageindex                             0x20000100   Data           4  st7735.o(.data)
    Ymax                                     0x20000104   Data           4  st7735.o(.data)
    Ymin                                     0x20000108   Data           4  st7735.o(.data)
    X                                        0x2000010c   Data           4  st7735.o(.data)
    Yrange                                   0x20000110   Data           4  st7735.o(.data)
    tcbs                                     0x20000114   Data         240  os.o(.bss)
    Stacks                                   0x20000204   Data        8000  os.o(.bss)
    Fifo                                     0x20002144   Data         512  os.o(.bss)
    DataRoomLeft                             0x20002344   Data          12  os.o(.bss)
    DataAvailable                            0x20002350   Data          12  os.o(.bss)
    FifoMutex                                0x2000235c   Data          12  os.o(.bss)
    BoxFree                                  0x20002368   Data          12  os.o(.bss)
    DataValid                                0x20002374   Data          12  os.o(.bss)
    adcDataReady                             0x20002380   Data          12  adc.o(.bss)
    USONICValues                             0x2000238c   Data          16  robot.o(.bss)
    usonicDataReady                          0x2000239c   Data          12  usonic.o(.bss)
    Message                                  0x200023b8   Data          12  st7735.o(.bss)
    Semi                                     0x200023c4   Data          12  st7735.o(.bss)
    __initial_sp                             0x200027d0   Data           0  startup.o(STACK)



==============================================================================

Memory Map of the image

  Image Entry point : 0x0000026d

  Load Region LR_1 (Base: 0x00000000, Size: 0x00003030, Max: 0xffffffff, ABSOLUTE)

    Execution Region ER_RO (Base: 0x00000000, Size: 0x00002f1c, Max: 0xffffffff, ABSOLUTE)

    Base Addr    Size         Type   Attr      Idx    E Section Name        Object

    0x00000000   0x00000284   Code   RO            3  * RESET               startup.o
    0x00000284   0x00000000   Code   RO         1391  * .ARM.Collect$$$$00000000  mc_w.l(entry.o)
    0x00000284   0x00000004   Code   RO         1394    .ARM.Collect$$$$00000001  mc_w.l(entry2.o)
    0x00000288   0x00000004   Code   RO         1397    .ARM.Collect$$$$00000004  mc_w.l(entry5.o)
    0x0000028c   0x00000000   Code   RO         1399    .ARM.Collect$$$$00000008  mc_w.l(entry7b.o)
    0x0000028c   0x00000000   Code   RO         1401    .ARM.Collect$$$$0000000A  mc_w.l(entry8b.o)
    0x0000028c   0x00000008   Code   RO         1402    .ARM.Collect$$$$0000000B  mc_w.l(entry9a.o)
    0x00000294   0x00000000   Code   RO         1404    .ARM.Collect$$$$0000000D  mc_w.l(entry10a.o)
    0x00000294   0x00000000   Code   RO         1406    .ARM.Collect$$$$0000000F  mc_w.l(entry11a.o)
    0x00000294   0x00000004   Code   RO         1395    .ARM.Collect$$$$00002712  mc_w.l(entry2.o)
    0x00000298   0x0000001c   Code   RO            4    .text               startup.o
    0x000002b4   0x00000048   Code   RO         1331    .text               threadswitch.o
    0x000002fc   0x00000024   Code   RO         1408    .text               mc_w.l(init.o)
    0x00000320   0x0000007c   Code   RO          302    i.ADC0Seq2_Handler  adc.o
    0x0000039c   0x00000168   Code   RO          303    i.ADC0_SS2_4Channels_TimerTriggered_Init  adc.o
    0x00000504   0x00000020   Code   RO          304    i.ADC2millimeter    adc.o
    0x00000524   0x00000028   Code   RO          305    i.ADC_GetData       adc.o
    0x0000054c   0x00000046   Code   RO           34    i.AddToPriorityList  os.o
    0x00000592   0x0000001a   Code   RO           35    i.Block             os.o
    0x000005ac   0x0000009c   Code   RO          600    i.CAN0_Open         can0.o
    0x00000648   0x00000018   Code   RO          601    i.CAN0_SendData     can0.o
    0x00000660   0x00000030   Code   RO          602    i.CAN0_Setup_Message_Object  can0.o
    0x00000690   0x00000094   Code   RO          441    i.CANBitRateSet     can.o
    0x00000724   0x00000036   Code   RO          443    i.CANDataRegWrite   can.o
    0x0000075a   0x00000018   Code   RO          445    i.CANEnable         can.o
    0x00000772   0x00000094   Code   RO          447    i.CANInit           can.o
    0x00000806   0x00000002   PAD
    0x00000808   0x00000030   Code   RO          451    i.CANIntNumberGet   can.o
    0x00000838   0x000001b2   Code   RO          457    i.CANMessageSet     can.o
    0x000009ea   0x00000002   PAD
    0x000009ec   0x00000050   Code   RO          458    i.CANRegRead        can.o
    0x00000a3c   0x00000018   Code   RO          459    i.CANRegWrite       can.o
    0x00000a54   0x00000014   Code   RO          776    i.Cycles2millimeter  usonic.o
    0x00000a68   0x00000044   Code   RO           36    i.DecrementSleep    os.o
    0x00000aac   0x00000020   Code   RO         1028    i.Delay1ms          st7735.o
    0x00000acc   0x00000016   Code   RO          777    i.DelayWait10us     usonic.o
    0x00000ae2   0x00000002   PAD
    0x00000ae4   0x00000064   Code   RO          306    i.Filter0           adc.o
    0x00000b48   0x00000064   Code   RO          307    i.Filter1           adc.o
    0x00000bac   0x00000064   Code   RO          308    i.Filter2           adc.o
    0x00000c10   0x00000064   Code   RO          309    i.Filter3           adc.o
    0x00000c74   0x00000040   Code   RO           37    i.GPIOPortF_Handler  os.o
    0x00000cb4   0x00000060   Code   RO          366    i.IRSend            robot.o
    0x00000d14   0x00000014   Code   RO          367    i.IdleTask          robot.o
    0x00000d28   0x00000080   Code   RO          627    i.IntDisable        interrupt.o
    0x00000da8   0x00000080   Code   RO          628    i.IntEnable         interrupt.o
    0x00000e28   0x00000054   Code   RO           38    i.LinkThread        os.o
    0x00000e7c   0x00000058   Code   RO           39    i.OS_AddPeriodicThread  os.o
    0x00000ed4   0x00000094   Code   RO           42    i.OS_AddThread      os.o
    0x00000f68   0x00000068   Code   RO           49    i.OS_Init           os.o
    0x00000fd0   0x0000001c   Code   RO           50    i.OS_InitSemaphore  os.o
    0x00000fec   0x00000016   Code   RO           52    i.OS_Launch         os.o
    0x00001002   0x00000002   PAD
    0x00001004   0x00000050   Code   RO           57    i.OS_SelectNextThread  os.o
    0x00001054   0x00000024   Code   RO           58    i.OS_Signal         os.o
    0x00001078   0x00000010   Code   RO           61    i.OS_SwitchThread   os.o
    0x00001088   0x0000002c   Code   RO           64    i.OS_Wait           os.o
    0x000010b4   0x00000024   Code   RO           65    i.OS_bSignal        os.o
    0x000010d8   0x0000001c   Code   RO         1031    i.Output_Init       st7735.o
    0x000010f4   0x0000007c   Code   RO           12    i.PLL_Init          pll.o
    0x00001170   0x00000012   Code   RO           67    i.PopFromList       os.o
    0x00001182   0x00000002   PAD
    0x00001184   0x0000006c   Code   RO          368    i.PortD_Init        robot.o
    0x000011f0   0x000000dc   Code   RO           68    i.PortF_Init        os.o
    0x000012cc   0x00000024   Code   RO           70    i.RemoveFromList    os.o
    0x000012f0   0x000000f4   Code   RO         1038    i.ST7735_DrawCharS  st7735.o
    0x000013e4   0x00000048   Code   RO         1041    i.ST7735_DrawPixel  st7735.o
    0x0000142c   0x00000056   Code   RO         1042    i.ST7735_DrawString  st7735.o
    0x00001482   0x00000002   PAD
    0x00001484   0x000000ac   Code   RO         1043    i.ST7735_FillRect   st7735.o
    0x00001530   0x00000024   Code   RO         1044    i.ST7735_FillScreen  st7735.o
    0x00001554   0x0000007c   Code   RO         1046    i.ST7735_InitR      st7735.o
    0x000015d0   0x00000094   Code   RO         1048    i.ST7735_Message    st7735.o
    0x00001664   0x000000d4   Code   RO         1049    i.ST7735_OutChar    st7735.o
    0x00001738   0x00000018   Code   RO         1050    i.ST7735_OutString  st7735.o
    0x00001750   0x0000008c   Code   RO         1051    i.ST7735_OutUDec    st7735.o
    0x000017dc   0x00000020   Code   RO         1060    i.ST7735_SetCursor  st7735.o
    0x000017fc   0x00000150   Code   RO           71    i.SetInitialStack   os.o
    0x0000194c   0x00000014   Code   RO         1313    i.SysTick_Handler   systick.o
    0x00001960   0x00000070   Code   RO          780    i.Timer0A_Handler   usonic.o
    0x000019d0   0x00000110   Code   RO          781    i.Timer0_Init       usonic.o
    0x00001ae0   0x00000070   Code   RO          785    i.Timer1A_Handler   usonic.o
    0x00001b50   0x00000110   Code   RO          786    i.Timer1_Init       usonic.o
    0x00001c60   0x00000034   Code   RO          788    i.Timer1_StartHCSR04  usonic.o
    0x00001c94   0x00000070   Code   RO          790    i.Timer2A_Handler   usonic.o
    0x00001d04   0x00000154   Code   RO          791    i.Timer2_Init       usonic.o
    0x00001e58   0x00000034   Code   RO          793    i.Timer2_StartHCSR04  usonic.o
    0x00001e8c   0x00000070   Code   RO          795    i.Timer3A_Handler   usonic.o
    0x00001efc   0x00000110   Code   RO          796    i.Timer3_Init       usonic.o
    0x0000200c   0x0000006c   Code   RO          371    i.USONICSend        robot.o
    0x00002078   0x0000002c   Code   RO          800    i.USONIC_GetData    usonic.o
    0x000020a4   0x00000020   Code   RO          801    i.USONIC_Init       usonic.o
    0x000020c4   0x00000008   Code   RO          802    i.USONIC_Start      usonic.o
    0x000020cc   0x0000000c   Code   RO          803    i.USONIC_StartHCSR04  usonic.o
    0x000020d8   0x0000004c   Code   RO           72    i.UnlinkThread      os.o
    0x00002124   0x00000090   Code   RO          965    i.WTimer0A_Init     wtimer0a.o
    0x000021b4   0x00000090   Code   RO          986    i.WTimer0B_Init     wtimer0b.o
    0x00002244   0x0000008c   Code   RO         1007    i.WTimer5A_Init     wtimer5a.o
    0x000022d0   0x00000016   Code   RO           73    i.WakeUp            os.o
    0x000022e6   0x00000002   PAD
    0x000022e8   0x00000020   Code   RO          966    i.WideTimer0A_Handler  wtimer0a.o
    0x00002308   0x00000020   Code   RO          987    i.WideTimer0B_Handler  wtimer0b.o
    0x00002328   0x00000020   Code   RO         1008    i.WideTimer5A_Handler  wtimer5a.o
    0x00002348   0x0000000e   Code   RO         1412    i.__scatterload_copy  mc_w.l(handlers.o)
    0x00002356   0x00000002   Code   RO         1413    i.__scatterload_null  mc_w.l(handlers.o)
    0x00002358   0x0000000e   Code   RO         1414    i.__scatterload_zeroinit  mc_w.l(handlers.o)
    0x00002366   0x00000056   Code   RO         1064    i.commandList       st7735.o
    0x000023bc   0x00000184   Code   RO         1065    i.commonInit        st7735.o
    0x00002540   0x00000048   Code   RO         1068    i.fillmessage       st7735.o
    0x00002588   0x0000006c   Code   RO          372    i.main              robot.o
    0x000025f4   0x00000012   Code   RO         1070    i.pushColor         st7735.o
    0x00002606   0x00000002   PAD
    0x00002608   0x00000074   Code   RO         1071    i.setAddrWindow     st7735.o
    0x0000267c   0x00000030   Code   RO         1072    i.writecommand      st7735.o
    0x000026ac   0x00000020   Code   RO         1073    i.writedata         st7735.o
    0x000026cc   0x00000012   Data   RO          463    .constdata          can.o
    0x000026de   0x000007e2   Data   RO         1075    .constdata          st7735.o
    0x00002ec0   0x0000003c   Data   RO          374    .conststring        robot.o
    0x00002efc   0x00000020   Data   RO         1410    Region$$Table       anon$$obj.o


    Execution Region ER_RW (Base: 0x20000000, Size: 0x00000114, Max: 0xffffffff, ABSOLUTE)

    Base Addr    Size         Type   Attr      Idx    E Section Name        Object

    0x20000000   0x0000004c   Data   RW           75    .data               os.o
    0x2000004c   0x00000028   Data   RW          311    .data               adc.o
    0x20000074   0x00000030   Data   RW          375    .data               robot.o
    0x200000a4   0x00000038   Data   RW          806    .data               usonic.o
    0x200000dc   0x00000004   Data   RW          967    .data               wtimer0a.o
    0x200000e0   0x00000004   Data   RW          988    .data               wtimer0b.o
    0x200000e4   0x00000004   Data   RW         1009    .data               wtimer5a.o
    0x200000e8   0x0000002c   Data   RW         1076    .data               st7735.o


    Execution Region ER_ZI (Base: 0x20000114, Size: 0x000026bc, Max: 0xffffffff, ABSOLUTE)

    Base Addr    Size         Type   Attr      Idx    E Section Name        Object

    0x20000114   0x0000226c   Zero   RW           74    .bss                os.o
    0x20002380   0x0000000c   Zero   RW          310    .bss                adc.o
    0x2000238c   0x00000010   Zero   RW          373    .bss                robot.o
    0x2000239c   0x0000001c   Zero   RW          805    .bss                usonic.o
    0x200023b8   0x00000018   Zero   RW         1074    .bss                st7735.o
    0x200023d0   0x00000400   Zero   RW            1    STACK               startup.o


==============================================================================

Image component sizes


      Code (inc. data)   RO Data    RW Data    ZI Data      Debug   Object Name

       956         94          0         40         12       5114   adc.o
       960         20         18          0          0      10226   can.o
       228         28          0          0          0       2420   can0.o
       256         24          0          0          0        945   interrupt.o
      1622        140          0         76       8812      12988   os.o
       124          6          0          0          0       4619   pll.o
       440         78         60         48         16       3327   robot.o
      2110        246       2018         44         24      13381   st7735.o
       672        622          0          0       1024        876   startup.o
        20          4          0          0          0        378   systick.o
        72          8          0          0          0        200   threadswitch.o
      1846        358          0         56         28       8574   usonic.o
       176         32          0          4          0       1413   wtimer0a.o
       176         32          0          4          0       1413   wtimer0b.o
       172         32          0          4          0       1417   wtimer5a.o

    ----------------------------------------------------------------------
      9846       1724       2128        276       9916      67291   Object Totals
         0          0         32          0          0          0   (incl. Generated)
        16          0          0          0          0          0   (incl. Padding)

    ----------------------------------------------------------------------

      Code (inc. data)   RO Data    RW Data    ZI Data      Debug   Library Member Name

         0          0          0          0          0          0   entry.o
         0          0          0          0          0          0   entry10a.o
         0          0          0          0          0          0   entry11a.o
         8          4          0          0          0          0   entry2.o
         4          0          0          0          0          0   entry5.o
         0          0          0          0          0          0   entry7b.o
         0          0          0          0          0          0   entry8b.o
         8          4          0          0          0          0   entry9a.o
        30          0          0          0          0          0   handlers.o
        36          8          0          0          0         68   init.o

    ----------------------------------------------------------------------
        86         16          0          0          0         68   Library Totals
         0          0          0          0          0          0   (incl. Padding)

    ----------------------------------------------------------------------

      Code (inc. data)   RO Data    RW Data    ZI Data      Debug   Library Name

        86         16          0          0          0         68   mc_w.l

    ----------------------------------------------------------------------
        86         16          0          0          0         68   Library Totals

    ----------------------------------------------------------------------

==============================================================================


      Code (inc. data)   RO Data    RW Data    ZI Data      Debug   

      9932       1740       2128        276       9916      62835   Grand Totals
      9932       1740       2128        276       9916      62835   ELF Image Totals
      9932       1740       2128        276          0          0   ROM Totals

==============================================================================

    Total RO  Size (Code + RO Data)                12060 (  11.78kB)
    Total RW  Size (RW Data + ZI Data)             10192 (   9.95kB)
    Total ROM Size (Code + RO Data + RW Data)      12336 (  12.05kB)

==============================================================================

