<html>
<body>
<pre>
<h1>µVision Build Log</h1>
<h2>Project:</h2>
C:\Users\Sean\Documents\GitHub\EE445MRobot\Robot.uvproj
Project File Date:  04/29/2017

<h2>Output:</h2>
Rebuild target 'Robot'
assembling startup.s...
compiling PLL.c...
compiling OS.c...
compiling ADC.c...
compiling Robot.c...
compiling can.c...
compiling can0.c...
compiling interrupt.c...
compiling PWM.c...
compiling usonic.c...
compiling WTimer0A.c...
compiling WTimer0B.c...
compiling WTimer5A.c...
compiling ST7735.c...
compiling SysTick.c...
assembling ThreadSwitch.s...
compiling Drive.c...
linking...
Program Size: Code=9788 RO-data=2136 RW-data=400 ZI-data=9960  
".\Robot.axf" - 0 Error(s), 0 Warning(s).
Load "C:\\Users\\Sean\\Documents\\GitHub\\EE445MRobot\\Robot.axf" 
Connecting: Mode=JTAG, Speed=1000000Hz
Erase Done.
Programming Done.
Verify OK.

