<html>
<body>
<pre>
<h1>µVision Build Log</h1>
<h2>Project:</h2>
C:\Users\Sean\Documents\GitHub\EE445MRobot\Robot.uvproj
Project File Date:  04/23/2017

<h2>Output:</h2>
Rebuild target 'Robot'
assembling startup.s...
compiling PLL.c...
compiling OS.c...
compiling ADC.c...
compiling Robot.c...
compiling can.c...
compiling can0.c...
compiling interrupt.c...
compiling PWM.c...
compiling usonic.c...
compiling WTimer0A.c...
compiling WTimer0B.c...
compiling WTimer5A.c...
compiling ST7735.c...
compiling SysTick.c...
assembling ThreadSwitch.s...
compiling Drive.c...
linking...
Program Size: Code=9932 RO-data=2128 RW-data=276 ZI-data=9916  
".\Robot.axf" - 0 Error(s), 0 Warning(s).
Load "C:\\Users\\Sean\\Documents\\GitHub\\EE445MRobot\\Robot.axf" 
Connecting: Mode=JTAG, Speed=1000000Hz
Erase Done.
Programming Done.
Verify OK.
Load "C:\\Users\\Sean\\Documents\\GitHub\\EE445MRobot\\Robot.axf" 
Connecting: Mode=JTAG, Speed=1000000Hz
Erase Done.
Programming Done.
Verify OK.
;
Robot.c(464): warning:  #223-D: function "Drive_Stop" declared implicitly
        Drive_Stop();
Robot.c: 6 warnings, 0 errors
compiling can.c...
compiling can0.c...
compiling interrupt.c...
compiling PWM.c...
compiling usonic.c...
compiling WTimer0A.c...
compiling WTimer0B.c...
compiling WTimer5A.c...
compiling ST7735.c...
compiling SysTick.c...
assembling ThreadSwitch.s...
compiling Drive.c...
linking...
Program Size: Code=10588 RO-data=2136 RW-data=400 ZI-data=9960  
".\Robot.axf" - 0 Error(s), 6 Warning(s).
ompiling PWM.c...
compiling usonic.c...
compiling WTimer0A.c...
compiling WTimer0B.c...
compiling WTimer5A.c...
compiling ST7735.c...
ST7735.c(94): error:  #5: cannot open source input file "../inc/tm4c123gh6pm.h": No such file or directory
  #include "../inc/tm4c123gh6pm.h"
ST7735.c: 0 warnings, 1 error
compiling SysTick.c...
SysTick.c(39): error:  #5: cannot open source input file "../inc/tm4c123gh6pm.h": No such file or directory
  #include "../inc/tm4c123gh6pm.h"
SysTick.c: 0 warnings, 1 error
assembling ThreadSwitch.s...
compiling Drive.c...
".\Robot.axf" - 4 Error(s), 6 Warning(s).
Target not created
ling WTimer5A.c...
compiling ST7735.c...
ST7735.c(94): error:  #5: cannot open source input file "../inc/tm4c123gh6pm.h": No such file or directory
  #include "../inc/tm4c123gh6pm.h"
ST7735.c: 0 warnings, 1 error
compiling SysTick.c...
SysTick.c(39): error:  #5: cannot open source input file "../inc/tm4c123gh6pm.h": No such file or directory
  #include "../inc/tm4c123gh6pm.h"
SysTick.c: 0 warnings, 1 error
assembling ThreadSwitch.s...
compiling Drive.c...
".\Robot.axf" - 8 Error(s), 8 Warning(s).
Target not created
warnings, 1 error
assembling ThreadSwitch.s...
compiling Drive.c...
".\Robot.axf" - 9 Error(s), 8 Warning(s).
Target not created
