ARM Linker, 5.03 [Build 76] [MDK-ARM Professional]

==============================================================================

Section Cross References

    startup.o(RESET) refers to startup.o(STACK) for StackMem
    startup.o(RESET) refers to threadswitch.o(.text) for PendSV_Handler
    startup.o(RESET) refers to systick.o(i.SysTick_Handler) for SysTick_Handler
    startup.o(RESET) refers to adc.o(i.ADC0Seq2_Handler) for ADC0Seq2_Handler
    startup.o(RESET) refers to usonic.o(i.Timer0A_Handler) for Timer0A_Handler
    startup.o(RESET) refers to usonic.o(i.Timer1A_Handler) for Timer1A_Handler
    startup.o(RESET) refers to usonic.o(i.Timer2A_Handler) for Timer2A_Handler
    startup.o(RESET) refers to os.o(i.GPIOPortF_Handler) for GPIOPortF_Handler
    startup.o(RESET) refers to usonic.o(i.Timer3A_Handler) for Timer3A_Handler
    startup.o(RESET) refers to can0.o(i.CAN0_Handler) for CAN0_Handler
    startup.o(RESET) refers to wtimer0a.o(i.WideTimer0A_Handler) for WideTimer0A_Handler
    startup.o(RESET) refers to wtimer0b.o(i.WideTimer0B_Handler) for WideTimer0B_Handler
    startup.o(RESET) refers to wtimer5a.o(i.WideTimer5A_Handler) for WideTimer5A_Handler
    startup.o(RESET) refers to entry.o(.ARM.Collect$$$$00000000) for __main
    os.o(i.Block) refers to os.o(i.UnlinkThread) for UnlinkThread
    os.o(i.Block) refers to os.o(i.AddToPriorityList) for AddToPriorityList
    os.o(i.DecrementSleep) refers to os.o(i.RemoveFromList) for RemoveFromList
    os.o(i.DecrementSleep) refers to os.o(i.LinkThread) for LinkThread
    os.o(i.DecrementSleep) refers to os.o(.data) for OSMsCount
    os.o(i.GPIOPortF_Handler) refers to os.o(.data) for SW1Task
    os.o(i.LinkThread) refers to startup.o(.text) for StartCritical
    os.o(i.LinkThread) refers to os.o(.data) for NumThreads
    os.o(i.OS_AddPeriodicThread) refers to startup.o(.text) for StartCritical
    os.o(i.OS_AddPeriodicThread) refers to wtimer0a.o(i.WTimer0A_Init) for WTimer0A_Init
    os.o(i.OS_AddPeriodicThread) refers to wtimer0b.o(i.WTimer0B_Init) for WTimer0B_Init
    os.o(i.OS_AddPeriodicThread) refers to os.o(.data) for NumPeriodicThreads
    os.o(i.OS_AddSW1Task) refers to os.o(.data) for SW1Task
    os.o(i.OS_AddSW2Task) refers to os.o(.data) for SW2Task
    os.o(i.OS_AddThread) refers to startup.o(.text) for StartCritical
    os.o(i.OS_AddThread) refers to os.o(i.LinkThread) for LinkThread
    os.o(i.OS_AddThread) refers to os.o(i.SetInitialStack) for SetInitialStack
    os.o(i.OS_AddThread) refers to os.o(.bss) for tcbs
    os.o(i.OS_AddThread) refers to os.o(.data) for CurrentID
    os.o(i.OS_ClearMsTime) refers to os.o(.data) for OSMsCount
    os.o(i.OS_Fifo_Get) refers to os.o(i.OS_Wait) for OS_Wait
    os.o(i.OS_Fifo_Get) refers to startup.o(.text) for StartCritical
    os.o(i.OS_Fifo_Get) refers to os.o(.bss) for DataAvailable
    os.o(i.OS_Fifo_Get) refers to os.o(.data) for GetPt
    os.o(i.OS_Fifo_Init) refers to startup.o(.text) for StartCritical
    os.o(i.OS_Fifo_Init) refers to os.o(i.OS_InitSemaphore) for OS_InitSemaphore
    os.o(i.OS_Fifo_Init) refers to os.o(.bss) for DataAvailable
    os.o(i.OS_Fifo_Init) refers to os.o(.data) for PutPt
    os.o(i.OS_Fifo_Put) refers to startup.o(.text) for StartCritical
    os.o(i.OS_Fifo_Put) refers to os.o(i.OS_Signal) for OS_Signal
    os.o(i.OS_Fifo_Put) refers to os.o(.data) for FifoNumElements
    os.o(i.OS_Fifo_Put) refers to os.o(.bss) for Fifo
    os.o(i.OS_Fifo_Size) refers to os.o(.bss) for DataAvailable
    os.o(i.OS_Id) refers to os.o(.data) for RunPt
    os.o(i.OS_Init) refers to startup.o(.text) for DisableInterrupts
    os.o(i.OS_Init) refers to pll.o(i.PLL_Init) for PLL_Init
    os.o(i.OS_Init) refers to st7735.o(i.Output_Init) for Output_Init
    os.o(i.OS_Init) refers to wtimer5a.o(i.WTimer5A_Init) for WTimer5A_Init
    os.o(i.OS_Init) refers to os.o(i.PortF_Init) for PortF_Init
    os.o(i.OS_Init) refers to os.o(i.DecrementSleep) for DecrementSleep
    os.o(i.OS_Init) refers to os.o(.data) for CurrentID
    os.o(i.OS_InitSemaphore) refers to startup.o(.text) for StartCritical
    os.o(i.OS_Kill) refers to startup.o(.text) for StartCritical
    os.o(i.OS_Kill) refers to os.o(i.UnlinkThread) for UnlinkThread
    os.o(i.OS_Kill) refers to os.o(.data) for RunPt
    os.o(i.OS_Launch) refers to threadswitch.o(.text) for StartOS
    os.o(i.OS_MailBox_Init) refers to os.o(i.OS_InitSemaphore) for OS_InitSemaphore
    os.o(i.OS_MailBox_Init) refers to os.o(.bss) for BoxFree
    os.o(i.OS_MailBox_Recv) refers to os.o(i.OS_Wait) for OS_Wait
    os.o(i.OS_MailBox_Recv) refers to os.o(i.OS_Signal) for OS_Signal
    os.o(i.OS_MailBox_Recv) refers to os.o(.bss) for DataValid
    os.o(i.OS_MailBox_Recv) refers to os.o(.data) for MailBox
    os.o(i.OS_MailBox_Send) refers to os.o(i.OS_Wait) for OS_Wait
    os.o(i.OS_MailBox_Send) refers to os.o(i.OS_Signal) for OS_Signal
    os.o(i.OS_MailBox_Send) refers to os.o(.bss) for BoxFree
[...]
    adc.o(i.ADC0Seq2_Handler) refers to adc.o(.bss) for adcDataReady
    adc.o(i.ADC0_SS2_4Channels_TimerTriggered_Init) refers to os.o(i.OS_InitSemaphore) for OS_InitSemaphore
    adc.o(i.ADC0_SS2_4Channels_TimerTriggered_Init) refers to adc.o(.bss) for adcDataReady
    adc.o(i.ADC_GetData) refers to os.o(i.OS_Wait) for OS_Wait
    adc.o(i.ADC_GetData) refers to adc.o(.bss) for adcDataReady
    adc.o(i.ADC_GetData) refers to adc.o(.data) for ADCValues
    adc.o(i.Filter0) refers to adc.o(.data) for x0
    adc.o(i.Filter1) refers to adc.o(.data) for x1
    adc.o(i.Filter2) refers to adc.o(.data) for x2
    adc.o(i.Filter3) refers to adc.o(.data) for x3
    robot.o(i.IdleTask) refers to robot.o(.data) for Idlecount
    robot.o(i.MotorController) refers to drive.o(i.Drive_Init) for Drive_Init
    robot.o(i.MotorController) refers to can0.o(i.CAN0_GetMail) for CAN0_GetMail
    robot.o(i.MotorController) refers to robot.o(i.RunFSM) for RunFSM
    robot.o(i.MotorController) refers to robot.o(.bss) for SensorData
    robot.o(i.RunFSM) refers to drive.o(i.Drive) for Drive
    robot.o(i.RunFSM) refers to robot.o(.data) for currentStateNumber
    robot.o(i.Stop) refers to os.o(i.OS_Sleep) for OS_Sleep
    robot.o(i.Stop) refers to drive.o(i.Drive_Stop) for Drive_Stop
    robot.o(i.main) refers to os.o(i.OS_Init) for OS_Init
    robot.o(i.main) refers to robot.o(i.PortD_Init) for PortD_Init
    robot.o(i.main) refers to can0.o(i.CAN0_Open) for CAN0_Open
    robot.o(i.main) refers to os.o(i.OS_AddThread) for OS_AddThread
    robot.o(i.main) refers to os.o(i.OS_AddSW1Task) for OS_AddSW1Task
    robot.o(i.main) refers to os.o(i.OS_AddSW2Task) for OS_AddSW2Task
    robot.o(i.main) refers to os.o(i.OS_Launch) for OS_Launch
    robot.o(i.main) refers to robot.o(i.IdleTask) for IdleTask
    robot.o(i.main) refers to robot.o(.data) for NumCreated
    robot.o(i.main) refers to robot.o(i.SW1Push) for SW1Push
    robot.o(i.main) refers to robot.o(i.SW2Push) for SW2Push
    robot.o(i.main) refers to robot.o(i.Stop) for Stop
    robot.o(i.main) refers to robot.o(i.MotorController) for MotorController
    robot.o(.data) refers to robot.o(.conststring) for .conststring
    robot.o(.data) refers to robot.o(i.StraightNS) for StraightNS
    can.o(i.CANBitRateSet) refers to can.o(i.CANRegRead) for CANRegRead
    can.o(i.CANBitRateSet) refers to can.o(i.CANRegWrite) for CANRegWrite
    can.o(i.CANBitRateSet) refers to can.o(.constdata) for g_usCANBitValues
    can.o(i.CANDataRegRead) refers to can.o(i.CANRegRead) for CANRegRead
    can.o(i.CANDataRegWrite) refers to can.o(i.CANRegWrite) for CANRegWrite
    can.o(i.CANDisable) refers to can.o(i.CANRegRead) for CANRegRead
    can.o(i.CANDisable) refers to can.o(i.CANRegWrite) for CANRegWrite
    can.o(i.CANEnable) refers to can.o(i.CANRegRead) for CANRegRead
    can.o(i.CANEnable) refers to can.o(i.CANRegWrite) for CANRegWrite
    can.o(i.CANErrCntrGet) refers to can.o(i.CANRegRead) for CANRegRead
    can.o(i.CANInit) refers to can.o(i.CANRegWrite) for CANRegWrite
    can.o(i.CANInit) refers to can.o(i.CANRegRead) for CANRegRead
    can.o(i.CANIntClear) refers to can.o(i.CANRegRead) for CANRegRead
    can.o(i.CANIntClear) refers to can.o(i.CANRegWrite) for CANRegWrite
    can.o(i.CANIntDisable) refers to can.o(i.CANRegRead) for CANRegRead
    can.o(i.CANIntDisable) refers to can.o(i.CANRegWrite) for CANRegWrite
    can.o(i.CANIntEnable) refers to can.o(i.CANRegRead) for CANRegRead
    can.o(i.CANIntEnable) refers to can.o(i.CANRegWrite) for CANRegWrite
    can.o(i.CANIntRegister) refers to can.o(i.CANIntNumberGet) for CANIntNumberGet
    can.o(i.CANIntRegister) refers to interrupt.o(i.IntRegister) for IntRegister
    can.o(i.CANIntRegister) refers to interrupt.o(i.IntEnable) for IntEnable
    can.o(i.CANIntStatus) refers to can.o(i.CANRegRead) for CANRegRead
    can.o(i.CANIntUnregister) refers to can.o(i.CANIntNumberGet) for CANIntNumberGet
    can.o(i.CANIntUnregister) refers to interrupt.o(i.IntUnregister) for IntUnregister
    can.o(i.CANIntUnregister) refers to interrupt.o(i.IntDisable) for IntDisable
    can.o(i.CANMessageClear) refers to can.o(i.CANRegRead) for CANRegRead
    can.o(i.CANMessageClear) refers to can.o(i.CANRegWrite) for CANRegWrite
    can.o(i.CANMessageGet) refers to can.o(i.CANRegWrite) for CANRegWrite
    can.o(i.CANMessageGet) refers to can.o(i.CANRegRead) for CANRegRead
    can.o(i.CANMessageGet) refers to can.o(i.CANDataRegRead) for CANDataRegRead
    can.o(i.CANMessageSet) refers to can.o(i.CANRegRead) for CANRegRead
    can.o(i.CANMessageSet) refers to can.o(i.CANDataRegWrite) for CANDataRegWrite
    can.o(i.CANMessageSet) refers to can.o(i.CANRegWrite) for CANRegWrite
    can.o(i.CANRegRead) refers to can.o(i.CANIntNumberGet) for CANIntNumberGet
    can.o(i.CANRegRead) refers to interrupt.o(i.IntDisable) for IntDisable
    can.o(i.CANRegRead) refers to interrupt.o(i.IntEnable) for IntEnable
    can.o(i.CANRetryGet) refers to can.o(i.CANRegRead) for CANRegRead
    can.o(i.CANRetrySet) refers to can.o(i.CANRegRead) for CANRegRead
    can.o(i.CANRetrySet) refers to can.o(i.CANRegWrite) for CANRegWrite
    can.o(i.CANStatusGet) refers to can.o(i.CANRegRead) for CANRegRead
    can.o(i.CANStatusGet) refers to can.o(i.CANRegWrite) for CANRegWrite
    can0.o(i.CAN0_GetMail) refers to os.o(i.OS_Wait) for OS_Wait
    can0.o(i.CAN0_GetMail) refers to can0.o(.bss) for SensorDataReady
    can0.o(i.CAN0_Handler) refers to can.o(i.CANIntStatus) for CANIntStatus
    can0.o(i.CAN0_Handler) refers to can.o(i.CANStatusGet) for CANStatusGet
    can0.o(i.CAN0_Handler) refers to can.o(i.CANMessageGet) for CANMessageGet
    can0.o(i.CAN0_Handler) refers to os.o(i.OS_bSignal) for OS_bSignal
    can0.o(i.CAN0_Handler) refers to can.o(i.CANIntClear) for CANIntClear
    can0.o(i.CAN0_Handler) refers to can0.o(.bss) for SensorData
    can0.o(i.CAN0_Handler) refers to can0.o(.data) for MailFlag
    can0.o(i.CAN0_Open) refers to can.o(i.CANInit) for CANInit
    can0.o(i.CAN0_Open) refers to can.o(i.CANBitRateSet) for CANBitRateSet
    can0.o(i.CAN0_Open) refers to can.o(i.CANEnable) for CANEnable
    can0.o(i.CAN0_Open) refers to os.o(i.OS_InitSemaphore) for OS_InitSemaphore
    can0.o(i.CAN0_Open) refers to can.o(i.CANIntEnable) for CANIntEnable
    can0.o(i.CAN0_Open) refers to can0.o(i.CAN0_Setup_Message_Object) for CAN0_Setup_Message_Object
    can0.o(i.CAN0_Open) refers to can0.o(.bss) for SensorDataReady
    can0.o(i.CAN0_Setup_Message_Object) refers to can.o(i.CANMessageSet) for CANMessageSet
    interrupt.o(i.IntPriorityGet) refers to interrupt.o(.constdata) for g_pulRegs
    interrupt.o(i.IntPriorityGroupingGet) refers to interrupt.o(.constdata) for g_pulPriority
    interrupt.o(i.IntPriorityGroupingSet) refers to interrupt.o(.constdata) for g_pulPriority
    interrupt.o(i.IntPrioritySet) refers to interrupt.o(.constdata) for g_pulRegs
    interrupt.o(i.IntRegister) refers to interrupt.o(vtable) for g_pfnRAMVectors
    interrupt.o(i.IntUnregister) refers to interrupt.o(i.IntDefaultHandler) for IntDefaultHandler
    interrupt.o(i.IntUnregister) refers to interrupt.o(vtable) for g_pfnRAMVectors
    pwm.o(i.Servo_Direction) refers to pwm.o(i.Servo_Duty) for Servo_Duty
    usonic.o(i.FilterUSONIC) refers to usonic.o(.data) for xUSONIC
    usonic.o(i.Timer0A_Handler) refers to os.o(i.OS_bSignal) for OS_bSignal
    usonic.o(i.Timer0A_Handler) refers to usonic.o(.data) for Timer0First
    usonic.o(i.Timer0A_Handler) refers to usonic.o(.bss) for USONICValues
    usonic.o(i.Timer0_Init) refers to usonic.o(.data) for Timer0Pulse
    usonic.o(i.Timer0_Read) refers to usonic.o(.data) for Timer0Done
    usonic.o(i.Timer0_StartHCSR04) refers to usonic.o(i.DelayWait10us) for DelayWait10us
    usonic.o(i.Timer0_StartHCSR04) refers to usonic.o(.data) for Timer0Done
    usonic.o(i.Timer0_StartPing) refers to usonic.o(i.DelayWait5us) for DelayWait5us
    usonic.o(i.Timer0_StartPing) refers to usonic.o(.data) for Timer0Done
    usonic.o(i.Timer1A_Handler) refers to os.o(i.OS_bSignal) for OS_bSignal
    usonic.o(i.Timer1A_Handler) refers to usonic.o(.data) for Timer1First
    usonic.o(i.Timer1A_Handler) refers to usonic.o(.bss) for USONICValues
    usonic.o(i.Timer1_Init) refers to usonic.o(.data) for Timer1Pulse
    usonic.o(i.Timer1_Read) refers to usonic.o(.data) for Timer1Done
    usonic.o(i.Timer1_StartHCSR04) refers to usonic.o(i.DelayWait10us) for DelayWait10us
    usonic.o(i.Timer1_StartHCSR04) refers to usonic.o(.data) for Timer1Done
    usonic.o(i.Timer1_StartPing) refers to usonic.o(i.DelayWait5us) for DelayWait5us
    usonic.o(i.Timer1_StartPing) refers to usonic.o(.data) for Timer1Done
    usonic.o(i.Timer2A_Handler) refers to os.o(i.OS_bSignal) for OS_bSignal
    usonic.o(i.Timer2A_Handler) refers to usonic.o(.data) for Timer2First
    usonic.o(i.Timer2A_Handler) refers to usonic.o(.bss) for USONICValues
    usonic.o(i.Timer2_Init) refers to usonic.o(.data) for Timer2Pulse
    usonic.o(i.Timer2_Read) refers to usonic.o(.data) for Timer2Done
    usonic.o(i.Timer2_StartHCSR04) refers to usonic.o(i.DelayWait10us) for DelayWait10us
    usonic.o(i.Timer2_StartHCSR04) refers to usonic.o(.data) for Timer2Done
    usonic.o(i.Timer2_StartPing) refers to usonic.o(i.DelayWait5us) for DelayWait5us
    usonic.o(i.Timer2_StartPing) refers to usonic.o(.data) for Timer2Done
    usonic.o(i.Timer3A_Handler) refers to os.o(i.OS_bSignal) for OS_bSignal
    usonic.o(i.Timer3A_Handler) refers to usonic.o(.data) for Timer3First
    usonic.o(i.Timer3A_Handler) refers to usonic.o(.bss) for USONICValues
    usonic.o(i.Timer3_Init) refers to usonic.o(.data) for Timer3Pulse
    usonic.o(i.Timer3_Read) refers to usonic.o(.data) for Timer3Done
    usonic.o(i.Timer3_StartHCSR04) refers to usonic.o(i.DelayWait10us) for DelayWait10us
    usonic.o(i.Timer3_StartHCSR04) refers to usonic.o(.data) for Timer3Done
    usonic.o(i.Timer3_StartPing) refers to usonic.o(i.DelayWait5us) for DelayWait5us
    usonic.o(i.Timer3_StartPing) refers to usonic.o(.data) for Timer3Done
    usonic.o(i.USONIC_GetData) refers to os.o(i.OS_Wait) for OS_Wait
    usonic.o(i.USONIC_GetData) refers to usonic.o(i.Cycles2millimeter) for Cycles2millimeter
    usonic.o(i.USONIC_GetData) refers to usonic.o(.bss) for usonicDataReady
    usonic.o(i.USONIC_Init) refers to os.o(i.OS_InitSemaphore) for OS_InitSemaphore
    usonic.o(i.USONIC_Init) refers to usonic.o(i.Timer2_Init) for Timer2_Init
    usonic.o(i.USONIC_Init) refers to usonic.o(i.Timer3_Init) for Timer3_Init
    usonic.o(i.USONIC_Init) refers to usonic.o(i.Timer0_Init) for Timer0_Init
    usonic.o(i.USONIC_Init) refers to usonic.o(i.Timer1_Init) for Timer1_Init
    usonic.o(i.USONIC_Init) refers to usonic.o(.bss) for usonicDataReady
    usonic.o(i.USONIC_Start) refers to usonic.o(i.USONIC_StartHCSR04) for USONIC_StartHCSR04
    usonic.o(i.USONIC_StartHCSR04) refers to usonic.o(i.Timer2_StartHCSR04) for Timer2_StartHCSR04
    usonic.o(i.USONIC_StartHCSR04) refers to usonic.o(i.Timer1_StartHCSR04) for Timer1_StartHCSR04
    usonic.o(i.USONIC_StartHCSR04) refers to usonic.o(i.Timer3_StartHCSR04) for Timer3_StartHCSR04
    usonic.o(i.USONIC_StartHCSR04) refers to usonic.o(i.Timer0_StartHCSR04) for Timer0_StartHCSR04
    usonic.o(i.USONIC_StartPing) refers to usonic.o(i.Timer0_StartPing) for Timer0_StartPing
    wtimer0a.o(i.WTimer0A_Init) refers to startup.o(.text) for StartCritical
    wtimer0a.o(i.WTimer0A_Init) refers to wtimer0a.o(.data) for WTimer0APeriodicTask
    wtimer0a.o(i.WideTimer0A_Handler) refers to wtimer0a.o(.data) for WTimer0APeriodicTask
    wtimer0b.o(i.WTimer0B_Init) refers to startup.o(.text) for StartCritical
    wtimer0b.o(i.WTimer0B_Init) refers to wtimer0b.o(.data) for WTimer0BPeriodicTask
    wtimer0b.o(i.WideTimer0B_Handler) refers to wtimer0b.o(.data) for WTimer0BPeriodicTask
    wtimer5a.o(i.WTimer5A_Init) refers to startup.o(.text) for StartCritical
    wtimer5a.o(i.WTimer5A_Init) refers to wtimer5a.o(.data) for WTimer5APeriodicTask
    wtimer5a.o(i.WideTimer5A_Handler) refers to wtimer5a.o(.data) for WTimer5APeriodicTask
    st7735.o(i.Output_Clear) refers to st7735.o(i.ST7735_FillScreen) for ST7735_FillScreen
    st7735.o(i.Output_Color) refers to st7735.o(i.ST7735_SetTextColor) for ST7735_SetTextColor
    st7735.o(i.Output_Init) refers to os.o(i.OS_InitSemaphore) for OS_InitSemaphore
    st7735.o(i.Output_Init) refers to st7735.o(i.ST7735_InitR) for ST7735_InitR
    st7735.o(i.Output_Init) refers to st7735.o(i.ST7735_FillScreen) for ST7735_FillScreen
    st7735.o(i.Output_Init) refers to st7735.o(.bss) for Semi
    st7735.o(i.Output_Off) refers to st7735.o(i.Output_Clear) for Output_Clear
    st7735.o(i.Output_On) refers to st7735.o(i.Output_Init) for Output_Init
    st7735.o(i.ST7735_ColoredMessage) refers to os.o(i.OS_Wait) for OS_Wait
    st7735.o(i.ST7735_ColoredMessage) refers to st7735.o(i.ST7735_FillRect) for ST7735_FillRect
    st7735.o(i.ST7735_ColoredMessage) refers to st7735.o(i.ST7735_SetCursor) for ST7735_SetCursor
    st7735.o(i.ST7735_ColoredMessage) refers to st7735.o(i.ST7735_OutString) for ST7735_OutString
    st7735.o(i.ST7735_ColoredMessage) refers to st7735.o(i.ST7735_OutUDec) for ST7735_OutUDec
    st7735.o(i.ST7735_ColoredMessage) refers to os.o(i.OS_Signal) for OS_Signal
    st7735.o(i.ST7735_ColoredMessage) refers to st7735.o(.bss) for Semi
    st7735.o(i.ST7735_ColoredMessage) refers to st7735.o(.data) for _height
    st7735.o(i.ST7735_DrawBitmap) refers to st7735.o(i.setAddrWindow) for setAddrWindow
    st7735.o(i.ST7735_DrawBitmap) refers to st7735.o(i.writedata) for writedata
    st7735.o(i.ST7735_DrawBitmap) refers to st7735.o(.data) for _width
    st7735.o(i.ST7735_DrawChar) refers to st7735.o(i.setAddrWindow) for setAddrWindow
    st7735.o(i.ST7735_DrawChar) refers to st7735.o(i.pushColor) for pushColor
    st7735.o(i.ST7735_DrawChar) refers to st7735.o(.data) for _width
    st7735.o(i.ST7735_DrawChar) refers to st7735.o(.constdata) for Font
    st7735.o(i.ST7735_DrawCharS) refers to st7735.o(i.ST7735_DrawPixel) for ST7735_DrawPixel
    st7735.o(i.ST7735_DrawCharS) refers to st7735.o(i.ST7735_FillRect) for ST7735_FillRect
    st7735.o(i.ST7735_DrawCharS) refers to st7735.o(.data) for _width
    st7735.o(i.ST7735_DrawCharS) refers to st7735.o(.constdata) for Font
    st7735.o(i.ST7735_DrawFastHLine) refers to st7735.o(i.setAddrWindow) for setAddrWindow
    st7735.o(i.ST7735_DrawFastHLine) refers to st7735.o(i.writedata) for writedata
    st7735.o(i.ST7735_DrawFastHLine) refers to st7735.o(.data) for _width
    st7735.o(i.ST7735_DrawFastVLine) refers to st7735.o(i.setAddrWindow) for setAddrWindow
    st7735.o(i.ST7735_DrawFastVLine) refers to st7735.o(i.writedata) for writedata
    st7735.o(i.ST7735_DrawFastVLine) refers to st7735.o(.data) for _width
    st7735.o(i.ST7735_DrawPixel) refers to st7735.o(i.setAddrWindow) for setAddrWindow
    st7735.o(i.ST7735_DrawPixel) refers to st7735.o(i.pushColor) for pushColor
    st7735.o(i.ST7735_DrawPixel) refers to st7735.o(.data) for _width
    st7735.o(i.ST7735_DrawString) refers to st7735.o(i.ST7735_DrawCharS) for ST7735_DrawCharS
    st7735.o(i.ST7735_FillRect) refers to st7735.o(i.setAddrWindow) for setAddrWindow
    st7735.o(i.ST7735_FillRect) refers to st7735.o(i.writedata) for writedata
    st7735.o(i.ST7735_FillRect) refers to st7735.o(.data) for _width
    st7735.o(i.ST7735_FillScreen) refers to st7735.o(i.ST7735_FillRect) for ST7735_FillRect
    st7735.o(i.ST7735_FillScreen) refers to st7735.o(.data) for _height
    st7735.o(i.ST7735_InitB) refers to st7735.o(i.commonInit) for commonInit
    st7735.o(i.ST7735_InitB) refers to st7735.o(i.ST7735_SetCursor) for ST7735_SetCursor
    st7735.o(i.ST7735_InitB) refers to st7735.o(i.ST7735_FillScreen) for ST7735_FillScreen
    st7735.o(i.ST7735_InitB) refers to st7735.o(.constdata) for Bcmd
    st7735.o(i.ST7735_InitB) refers to st7735.o(.data) for StTextColor
    st7735.o(i.ST7735_InitR) refers to st7735.o(i.commonInit) for commonInit
    st7735.o(i.ST7735_InitR) refers to st7735.o(i.commandList) for commandList
    st7735.o(i.ST7735_InitR) refers to st7735.o(i.writecommand) for writecommand
    st7735.o(i.ST7735_InitR) refers to st7735.o(i.writedata) for writedata
    st7735.o(i.ST7735_InitR) refers to st7735.o(i.ST7735_SetCursor) for ST7735_SetCursor
    st7735.o(i.ST7735_InitR) refers to st7735.o(i.ST7735_FillScreen) for ST7735_FillScreen
    st7735.o(i.ST7735_InitR) refers to st7735.o(.constdata) for Rcmd1
    st7735.o(i.ST7735_InitR) refers to st7735.o(.data) for ColStart
    st7735.o(i.ST7735_InvertDisplay) refers to st7735.o(i.writecommand) for writecommand
    st7735.o(i.ST7735_Message) refers to os.o(i.OS_Wait) for OS_Wait
    st7735.o(i.ST7735_Message) refers to st7735.o(i.ST7735_SetCursor) for ST7735_SetCursor
    st7735.o(i.ST7735_Message) refers to st7735.o(i.ST7735_OutString) for ST7735_OutString
    st7735.o(i.ST7735_Message) refers to st7735.o(i.ST7735_OutUDec) for ST7735_OutUDec
    st7735.o(i.ST7735_Message) refers to st7735.o(i.ST7735_FillRect) for ST7735_FillRect
    st7735.o(i.ST7735_Message) refers to os.o(i.OS_Signal) for OS_Signal
    st7735.o(i.ST7735_Message) refers to st7735.o(.bss) for Semi
    st7735.o(i.ST7735_Message) refers to st7735.o(.data) for _height
    st7735.o(i.ST7735_OutChar) refers to st7735.o(i.ST7735_DrawString) for ST7735_DrawString
    st7735.o(i.ST7735_OutChar) refers to st7735.o(i.ST7735_DrawCharS) for ST7735_DrawCharS
    st7735.o(i.ST7735_OutChar) refers to st7735.o(.data) for StY
    st7735.o(i.ST7735_OutString) refers to st7735.o(i.ST7735_OutChar) for ST7735_OutChar
    st7735.o(i.ST7735_OutUDec) refers to st7735.o(i.fillmessage) for fillmessage
    st7735.o(i.ST7735_OutUDec) refers to st7735.o(i.ST7735_DrawString) for ST7735_DrawString
    st7735.o(i.ST7735_OutUDec) refers to st7735.o(i.ST7735_DrawCharS) for ST7735_DrawCharS
    st7735.o(i.ST7735_OutUDec) refers to st7735.o(.data) for Messageindex
    st7735.o(i.ST7735_OutUDec) refers to st7735.o(.bss) for Message
    st7735.o(i.ST7735_PlotBar) refers to st7735.o(i.ST7735_DrawFastVLine) for ST7735_DrawFastVLine
    st7735.o(i.ST7735_PlotBar) refers to st7735.o(.data) for Ymin
    st7735.o(i.ST7735_PlotClear) refers to st7735.o(i.ST7735_Color565) for ST7735_Color565
    st7735.o(i.ST7735_PlotClear) refers to st7735.o(i.ST7735_FillRect) for ST7735_FillRect
    st7735.o(i.ST7735_PlotClear) refers to st7735.o(.data) for Ymax
    st7735.o(i.ST7735_PlotLine) refers to st7735.o(i.ST7735_DrawPixel) for ST7735_DrawPixel
    st7735.o(i.ST7735_PlotLine) refers to st7735.o(.data) for Ymin
    st7735.o(i.ST7735_PlotNext) refers to st7735.o(.data) for X
    st7735.o(i.ST7735_PlotNextErase) refers to st7735.o(i.ST7735_Color565) for ST7735_Color565
    st7735.o(i.ST7735_PlotNextErase) refers to st7735.o(i.ST7735_DrawFastVLine) for ST7735_DrawFastVLine
    st7735.o(i.ST7735_PlotNextErase) refers to st7735.o(.data) for X
    st7735.o(i.ST7735_PlotPoint) refers to st7735.o(i.ST7735_DrawPixel) for ST7735_DrawPixel
    st7735.o(i.ST7735_PlotPoint) refers to st7735.o(.data) for Ymin
    st7735.o(i.ST7735_PlotPoints) refers to st7735.o(i.ST7735_DrawPixel) for ST7735_DrawPixel
    st7735.o(i.ST7735_PlotPoints) refers to st7735.o(.data) for Ymin
    st7735.o(i.ST7735_PlotdBfs) refers to st7735.o(i.ST7735_DrawFastVLine) for ST7735_DrawFastVLine
    st7735.o(i.ST7735_PlotdBfs) refers to st7735.o(.constdata) for dBfs
    st7735.o(i.ST7735_PlotdBfs) refers to st7735.o(.data) for X
    st7735.o(i.ST7735_SetCursor) refers to st7735.o(.data) for StX
    st7735.o(i.ST7735_SetRotation) refers to st7735.o(i.writecommand) for writecommand
    st7735.o(i.ST7735_SetRotation) refers to st7735.o(i.writedata) for writedata
    st7735.o(i.ST7735_SetRotation) refers to st7735.o(.data) for Rotation
    st7735.o(i.ST7735_SetTextColor) refers to st7735.o(.data) for StTextColor
    st7735.o(i.commandList) refers to st7735.o(i.writecommand) for writecommand
    st7735.o(i.commandList) refers to st7735.o(i.writedata) for writedata
    st7735.o(i.commandList) refers to st7735.o(i.Delay1ms) for Delay1ms
    st7735.o(i.commonInit) refers to st7735.o(i.Delay1ms) for Delay1ms
    st7735.o(i.commonInit) refers to st7735.o(i.commandList) for commandList
    st7735.o(i.commonInit) refers to st7735.o(.data) for RowStart
    st7735.o(i.fillmessage) refers to st7735.o(.bss) for Message
    st7735.o(i.fillmessage) refers to st7735.o(.data) for Messageindex
    st7735.o(i.fputc) refers to st7735.o(i.ST7735_OutChar) for ST7735_OutChar
    st7735.o(i.pushColor) refers to st7735.o(i.writedata) for writedata
    st7735.o(i.setAddrWindow) refers to st7735.o(i.writecommand) for writecommand
    st7735.o(i.setAddrWindow) refers to st7735.o(i.writedata) for writedata
    st7735.o(i.setAddrWindow) refers to st7735.o(.data) for ColStart
    systick.o(i.SysTick_Handler) refers to os.o(i.OS_SelectNextThread) for OS_SelectNextThread
    threadswitch.o(.text) refers to os.o(.data) for RunPt
    drive.o(i.Drive) refers to drive.o(i.Drive_Speed) for Drive_Speed
    drive.o(i.Drive) refers to drive.o(i.Drive_SteepDifferentialTurn) for Drive_SteepDifferentialTurn
    drive.o(i.Drive) refers to drive.o(i.Drive_DifferentialTurn) for Drive_DifferentialTurn
    drive.o(i.Drive) refers to drive.o(.data) for stopped
    drive.o(i.Drive_DifferentialTurn) refers to drive.o(i.Drive_WheelDirection) for Drive_WheelDirection
    drive.o(i.Drive_DifferentialTurn) refers to pwm.o(i.Left_Duty) for Left_Duty
    drive.o(i.Drive_DifferentialTurn) refers to pwm.o(i.Right_DutyB) for Right_DutyB
    drive.o(i.Drive_DifferentialTurn) refers to drive.o(.data) for power
    drive.o(i.Drive_Init) refers to pwm.o(i.Left_Init) for Left_Init
    drive.o(i.Drive_Init) refers to pwm.o(i.Right_InitB) for Right_InitB
    drive.o(i.Drive_Init) refers to pwm.o(i.Servo_Init) for Servo_Init
    drive.o(i.Drive_Init) refers to drive.o(.data) for direction
    drive.o(i.Drive_PIControlDirection) refers to pwm.o(i.Left_Duty) for Left_Duty
    drive.o(i.Drive_PIControlDirection) refers to pwm.o(i.Right_DutyB) for Right_DutyB
    drive.o(i.Drive_PIControlDirection) refers to drive.o(.data) for IL
    drive.o(i.Drive_Speed) refers to pwm.o(i.Left_Duty) for Left_Duty
    drive.o(i.Drive_Speed) refers to pwm.o(i.Right_DutyB) for Right_DutyB
    drive.o(i.Drive_Speed) refers to drive.o(.data) for direction
    drive.o(i.Drive_SteepDifferentialTurn) refers to drive.o(i.Drive_WheelDirection) for Drive_WheelDirection
    drive.o(i.Drive_SteepDifferentialTurn) refers to pwm.o(i.Left_Duty) for Left_Duty
    drive.o(i.Drive_SteepDifferentialTurn) refers to pwm.o(i.Right_DutyB) for Right_DutyB
    drive.o(i.Drive_SteepDifferentialTurn) refers to drive.o(.data) for power
    drive.o(i.Drive_Stop) refers to pwm.o(i.Left_Duty) for Left_Duty
    drive.o(i.Drive_Stop) refers to pwm.o(i.Right_DutyB) for Right_DutyB
    drive.o(i.Drive_Stop) refers to drive.o(.data) for stopped
    drive.o(i.Drive_WheelDirection) refers to pwm.o(i.Servo_Duty) for Servo_Duty
    entry.o(.ARM.Collect$$$$00000000) refers (Special) to entry10a.o(.ARM.Collect$$$$0000000D) for __rt_final_cpp
    entry.o(.ARM.Collect$$$$00000000) refers (Special) to entry11a.o(.ARM.Collect$$$$0000000F) for __rt_final_exit
    entry.o(.ARM.Collect$$$$00000000) refers (Special) to entry7b.o(.ARM.Collect$$$$00000008) for _main_clock
    entry.o(.ARM.Collect$$$$00000000) refers (Special) to entry8b.o(.ARM.Collect$$$$0000000A) for _main_cpp_init
    entry.o(.ARM.Collect$$$$00000000) refers (Special) to entry9a.o(.ARM.Collect$$$$0000000B) for _main_init
    entry.o(.ARM.Collect$$$$00000000) refers (Special) to entry5.o(.ARM.Collect$$$$00000004) for _main_scatterload
    entry.o(.ARM.Collect$$$$00000000) refers (Special) to entry2.o(.ARM.Collect$$$$00000001) for _main_stk
    entry2.o(.ARM.Collect$$$$00000001) refers to entry2.o(.ARM.Collect$$$$00002712) for __lit__00000000
    entry2.o(.ARM.Collect$$$$00002712) refers to startup.o(STACK) for __initial_sp
    entry2.o(__vectab_stack_and_reset_area) refers to startup.o(STACK) for __initial_sp
    entry2.o(__vectab_stack_and_reset_area) refers to entry.o(.ARM.Collect$$$$00000000) for __main
    entry5.o(.ARM.Collect$$$$00000004) refers to init.o(.text) for __scatterload
    entry9a.o(.ARM.Collect$$$$0000000B) refers to robot.o(i.main) for main
    entry9b.o(.ARM.Collect$$$$0000000C) refers to robot.o(i.main) for main
    init.o(.text) refers to entry5.o(.ARM.Collect$$$$00000004) for __main_after_scatterload


==============================================================================

Removing Unused input sections from the image.

    Removing startup.o(HEAP), (0 bytes).
    Removing os.o(i.OS_AddPeriodicThread), (88 bytes).
    Removing os.o(i.OS_ClearMsTime), (12 bytes).
    Removing os.o(i.OS_Fifo_Get), (88 bytes).
    Removing os.o(i.OS_Fifo_Init), (68 bytes).
    Removing os.o(i.OS_Fifo_Put), (104 bytes).
    Removing os.o(i.OS_Fifo_Size), (12 bytes).
    Removing os.o(i.OS_Id), (16 bytes).
    Removing os.o(i.OS_Kill), (36 bytes).
    Removing os.o(i.OS_MailBox_Init), (28 bytes).
    Removing os.o(i.OS_MailBox_Recv), (36 bytes).
    Removing os.o(i.OS_MailBox_Send), (36 bytes).
    Removing os.o(i.OS_MsTime), (12 bytes).
    Removing os.o(i.OS_Signal), (36 bytes).
    Removing os.o(i.OS_Suspend), (24 bytes).
    Removing os.o(i.OS_Time), (12 bytes).
    Removing os.o(i.OS_TimeDifference), (12 bytes).
    Removing os.o(i.OS_bWait), (44 bytes).
    Removing adc.o(i.ADC0_SS2_4Channels_TimerTriggered_Init), (360 bytes).
    Removing adc.o(i.ADC_GetData), (40 bytes).
    Removing robot.o(i.Left30NS), (34 bytes).
    Removing robot.o(i.Left45NS), (52 bytes).
    Removing robot.o(i.Left60NS), (58 bytes).
    Removing robot.o(i.Left90NS), (46 bytes).
    Removing robot.o(i.Right30NS), (34 bytes).
    Removing robot.o(i.Right45NS), (34 bytes).
    Removing robot.o(i.Right60NS), (34 bytes).
    Removing robot.o(i.Right90NS), (34 bytes).
    Removing robot.o(i.StraightNoLeftNS), (48 bytes).
    Removing robot.o(i.StraightNoRightNS), (48 bytes).
    Removing robot.o(i.WaitNS), (116 bytes).
    Removing robot.o(i.min), (14 bytes).
    Removing can.o(i.CANDisable), (24 bytes).
    Removing can.o(i.CANErrCntrGet), (46 bytes).
    Removing can.o(i.CANIntDisable), (26 bytes).
    Removing can.o(i.CANIntRegister), (30 bytes).
    Removing can.o(i.CANIntUnregister), (26 bytes).
    Removing can.o(i.CANMessageClear), (66 bytes).
    Removing can.o(i.CANRetryGet), (24 bytes).
    Removing can.o(i.CANRetrySet), (36 bytes).
    Removing interrupt.o(i.IntDefaultHandler), (4 bytes).
    Removing interrupt.o(i.IntPendClear), (88 bytes).
    Removing interrupt.o(i.IntPendSet), (108 bytes).
    Removing interrupt.o(i.IntPriorityGet), (28 bytes).
    Removing interrupt.o(i.IntPriorityGroupingGet), (44 bytes).
    Removing interrupt.o(i.IntPriorityGroupingSet), (28 bytes).
    Removing interrupt.o(i.IntPrioritySet), (52 bytes).
    Removing interrupt.o(i.IntRegister), (60 bytes).
    Removing interrupt.o(i.IntUnregister), (20 bytes).
    Removing interrupt.o(.constdata), (104 bytes).
    Removing interrupt.o(vtable), (284 bytes).
    Removing pwm.o(i.Left_DutyB), (32 bytes).
    Removing pwm.o(i.Left_InitB), (268 bytes).
    Removing pwm.o(i.Right_Duty), (32 bytes).
    Removing pwm.o(i.Right_Init), (240 bytes).
    Removing pwm.o(i.Servo_Direction), (60 bytes).
    Removing usonic.o(i.Cycles2milliInch), (20 bytes).
    Removing usonic.o(i.Cycles2millimeter), (20 bytes).
    Removing usonic.o(i.DelayWait10us), (22 bytes).
    Removing usonic.o(i.DelayWait5us), (22 bytes).
    Removing usonic.o(i.FilterUSONIC), (100 bytes).
    Removing usonic.o(i.Timer0_Init), (272 bytes).
    Removing usonic.o(i.Timer0_Read), (24 bytes).
    Removing usonic.o(i.Timer0_StartHCSR04), (56 bytes).
    Removing usonic.o(i.Timer0_StartPing), (144 bytes).
    Removing usonic.o(i.Timer1_Init), (272 bytes).
    Removing usonic.o(i.Timer1_Read), (24 bytes).
    Removing usonic.o(i.Timer1_StartHCSR04), (52 bytes).
    Removing usonic.o(i.Timer1_StartPing), (136 bytes).
    Removing usonic.o(i.Timer2_Init), (340 bytes).
    Removing usonic.o(i.Timer2_Read), (24 bytes).
    Removing usonic.o(i.Timer2_StartHCSR04), (52 bytes).
    Removing usonic.o(i.Timer2_StartPing), (144 bytes).
    Removing usonic.o(i.Timer3_Init), (272 bytes).
    Removing usonic.o(i.Timer3_Read), (24 bytes).
    Removing usonic.o(i.Timer3_StartHCSR04), (48 bytes).
    Removing usonic.o(i.Timer3_StartPing), (136 bytes).
    Removing usonic.o(i.USONIC_GetData), (44 bytes).
    Removing usonic.o(i.USONIC_Init), (32 bytes).
    Removing usonic.o(i.USONIC_Start), (8 bytes).
    Removing usonic.o(i.USONIC_StartHCSR04), (20 bytes).
    Removing usonic.o(i.USONIC_StartPing), (8 bytes).
    Removing wtimer0a.o(i.WTimer0A_Init), (144 bytes).
    Removing wtimer0b.o(i.WTimer0B_Init), (144 bytes).
    Removing st7735.o(i.Output_Clear), (10 bytes).
    Removing st7735.o(i.Output_Color), (12 bytes).
    Removing st7735.o(i.Output_Off), (8 bytes).
    Removing st7735.o(i.Output_On), (8 bytes).
    Removing st7735.o(i.ST7735_Color565), (24 bytes).
    Removing st7735.o(i.ST7735_ColoredMessage), (124 bytes).
    Removing st7735.o(i.ST7735_DrawBitmap), (288 bytes).
    Removing st7735.o(i.ST7735_DrawChar), (268 bytes).
    Removing st7735.o(i.ST7735_DrawCharS), (244 bytes).
    Removing st7735.o(i.ST7735_DrawFastHLine), (124 bytes).
    Removing st7735.o(i.ST7735_DrawFastVLine), (124 bytes).
    Removing st7735.o(i.ST7735_DrawPixel), (72 bytes).
    Removing st7735.o(i.ST7735_DrawString), (86 bytes).
    Removing st7735.o(i.ST7735_InitB), (40 bytes).
    Removing st7735.o(i.ST7735_InvertDisplay), (22 bytes).
    Removing st7735.o(i.ST7735_Message), (148 bytes).
    Removing st7735.o(i.ST7735_OutChar), (212 bytes).
    Removing st7735.o(i.ST7735_OutString), (24 bytes).
    Removing st7735.o(i.ST7735_OutUDec), (140 bytes).
    Removing st7735.o(i.ST7735_PlotBar), (88 bytes).
    Removing st7735.o(i.ST7735_PlotClear), (92 bytes).
    Removing st7735.o(i.ST7735_PlotLine), (264 bytes).
    Removing st7735.o(i.ST7735_PlotNext), (32 bytes).
    Removing st7735.o(i.ST7735_PlotNextErase), (64 bytes).
    Removing st7735.o(i.ST7735_PlotPoint), (152 bytes).
    Removing st7735.o(i.ST7735_PlotPoints), (172 bytes).
    Removing st7735.o(i.ST7735_PlotdBfs), (60 bytes).
    Removing st7735.o(i.ST7735_SetRotation), (212 bytes).
    Removing st7735.o(i.ST7735_SetTextColor), (12 bytes).
    Removing st7735.o(i.ST7735_SwapColor), (18 bytes).
    Removing st7735.o(i.ferror), (8 bytes).
    Removing st7735.o(i.fgetc), (6 bytes).
    Removing st7735.o(i.fillmessage), (72 bytes).
    Removing st7735.o(i.fputc), (16 bytes).
    Removing st7735.o(i.pushColor), (18 bytes).
    Removing systick.o(i.SysTick_Init), (24 bytes).
    Removing drive.o(i.Drive_PIControlDirection), (224 bytes).

121 unused section(s) (total 9462 bytes) removed from the image.

==============================================================================

Image Symbol Table

    Local Symbols

    Symbol Name                              Value     Ov Type        Size  Object(Section)

    RESET                                    0x00000000   Section      644  startup.o(RESET)
    ../clib/../cmprslib/zerorunl2.c          0x00000000   Number         0  __dczerorl2.o ABSOLUTE
    ../clib/microlib/init/entry.s            0x00000000   Number         0  entry9a.o ABSOLUTE
    ../clib/microlib/init/entry.s            0x00000000   Number         0  entry7b.o ABSOLUTE
    ../clib/microlib/init/entry.s            0x00000000   Number         0  entry7a.o ABSOLUTE
    ../clib/microlib/init/entry.s            0x00000000   Number         0  entry5.o ABSOLUTE
    ../clib/microlib/init/entry.s            0x00000000   Number         0  entry11b.o ABSOLUTE
    ../clib/microlib/init/entry.s            0x00000000   Number         0  entry11a.o ABSOLUTE
    ../clib/microlib/init/entry.s            0x00000000   Number         0  entry10b.o ABSOLUTE
    ../clib/microlib/init/entry.s            0x00000000   Number         0  entry2.o ABSOLUTE
    ../clib/microlib/init/entry.s            0x00000000   Number         0  entry10a.o ABSOLUTE
    ../clib/microlib/init/entry.s            0x00000000   Number         0  entry9b.o ABSOLUTE
    ../clib/microlib/init/entry.s            0x00000000   Number         0  entry.o ABSOLUTE
    ../clib/microlib/init/entry.s            0x00000000   Number         0  entry8b.o ABSOLUTE
    ../clib/microlib/init/entry.s            0x00000000   Number         0  entry8a.o ABSOLUTE
    ADC.c                                    0x00000000   Number         0  adc.o ABSOLUTE
    Drive.c                                  0x00000000   Number         0  drive.o ABSOLUTE
    OS.c                                     0x00000000   Number         0  os.o ABSOLUTE
    PLL.c                                    0x00000000   Number         0  pll.o ABSOLUTE
    PWM.c                                    0x00000000   Number         0  pwm.o ABSOLUTE
    Robot.c                                  0x00000000   Number         0  robot.o ABSOLUTE
    ST7735.c                                 0x00000000   Number         0  st7735.o ABSOLUTE
    SysTick.c                                0x00000000   Number         0  systick.o ABSOLUTE
    ThreadSwitch.s                           0x00000000   Number         0  threadswitch.o ABSOLUTE
    WTimer0A.c                               0x00000000   Number         0  wtimer0a.o ABSOLUTE
    WTimer0B.c                               0x00000000   Number         0  wtimer0b.o ABSOLUTE
    WTimer5A.c                               0x00000000   Number         0  wtimer5a.o ABSOLUTE
    can.c                                    0x00000000   Number         0  can.o ABSOLUTE
    can0.c                                   0x00000000   Number         0  can0.o ABSOLUTE
    dc.s                                     0x00000000   Number         0  dc.o ABSOLUTE
    handlers.s                               0x00000000   Number         0  handlers.o ABSOLUTE
    init.s                                   0x00000000   Number         0  init.o ABSOLUTE
    interrupt.c                              0x00000000   Number         0  interrupt.o ABSOLUTE
    startup.s                                0x00000000   Number         0  startup.o ABSOLUTE
    usonic.c                                 0x00000000   Number         0  usonic.o ABSOLUTE
    .ARM.Collect$$$$00000000                 0x00000284   Section        0  entry.o(.ARM.Collect$$$$00000000)
    .ARM.Collect$$$$00000001                 0x00000284   Section        4  entry2.o(.ARM.Collect$$$$00000001)
    .ARM.Collect$$$$00000004                 0x00000288   Section        4  entry5.o(.ARM.Collect$$$$00000004)
    .ARM.Collect$$$$00000008                 0x0000028c   Section        0  entry7b.o(.ARM.Collect$$$$00000008)
    .ARM.Collect$$$$0000000A                 0x0000028c   Section        0  entry8b.o(.ARM.Collect$$$$0000000A)
    .ARM.Collect$$$$0000000B                 0x0000028c   Section        8  entry9a.o(.ARM.Collect$$$$0000000B)
    .ARM.Collect$$$$0000000D                 0x00000294   Section        0  entry10a.o(.ARM.Collect$$$$0000000D)
    .ARM.Collect$$$$0000000F                 0x00000294   Section        0  entry11a.o(.ARM.Collect$$$$0000000F)
    .ARM.Collect$$$$00002712                 0x00000294   Section        4  entry2.o(.ARM.Collect$$$$00002712)
    __lit__00000000                          0x00000294   Data           4  entry2.o(.ARM.Collect$$$$00002712)
    .text                                    0x00000298   Section       28  startup.o(.text)
    .text                                    0x000002b4   Section       72  threadswitch.o(.text)
    .text                                    0x000002fc   Section       36  init.o(.text)
    .text                                    0x00000320   Section        0  __dczerorl2.o(.text)
    i.ADC0Seq2_Handler                       0x0000037c   Section        0  adc.o(i.ADC0Seq2_Handler)
    i.ADC2millimeter                         0x000003f8   Section        0  adc.o(i.ADC2millimeter)
    i.AddToPriorityList                      0x00000418   Section        0  os.o(i.AddToPriorityList)
    i.Block                                  0x0000045e   Section        0  os.o(i.Block)
    i.CAN0_GetMail                           0x00000478   Section        0  can0.o(i.CAN0_GetMail)
    i.CAN0_Handler                           0x000004b0   Section        0  can0.o(i.CAN0_Handler)
    i.CAN0_Open                              0x00000544   Section        0  can0.o(i.CAN0_Open)
    i.CAN0_Setup_Message_Object              0x00000628   Section        0  can0.o(i.CAN0_Setup_Message_Object)
    CAN0_Setup_Message_Object                0x00000629   Thumb Code    44  can0.o(i.CAN0_Setup_Message_Object)
    i.CANBitRateSet                          0x00000658   Section        0  can.o(i.CANBitRateSet)
    i.CANDataRegRead                         0x000006ec   Section        0  can.o(i.CANDataRegRead)
    CANDataRegRead                           0x000006ed   Thumb Code    54  can.o(i.CANDataRegRead)
    i.CANDataRegWrite                        0x00000722   Section        0  can.o(i.CANDataRegWrite)
    CANDataRegWrite                          0x00000723   Thumb Code    54  can.o(i.CANDataRegWrite)
    i.CANEnable                              0x00000758   Section        0  can.o(i.CANEnable)
    i.CANInit                                0x00000770   Section        0  can.o(i.CANInit)
    i.CANIntClear                            0x00000804   Section        0  can.o(i.CANIntClear)
    i.CANIntEnable                           0x00000850   Section        0  can.o(i.CANIntEnable)
    i.CANIntNumberGet                        0x0000086c   Section        0  can.o(i.CANIntNumberGet)
    CANIntNumberGet                          0x0000086d   Thumb Code    44  can.o(i.CANIntNumberGet)
    i.CANIntStatus                           0x0000089c   Section        0  can.o(i.CANIntStatus)
    i.CANMessageGet                          0x000008d8   Section        0  can.o(i.CANMessageGet)
    i.CANMessageSet                          0x00000a8a   Section        0  can.o(i.CANMessageSet)
    i.CANRegRead                             0x00000c3c   Section        0  can.o(i.CANRegRead)
    CANRegRead                               0x00000c3d   Thumb Code    76  can.o(i.CANRegRead)
    i.CANRegWrite                            0x00000c8c   Section        0  can.o(i.CANRegWrite)
    CANRegWrite                              0x00000c8d   Thumb Code    24  can.o(i.CANRegWrite)
    i.CANStatusGet                           0x00000ca4   Section        0  can.o(i.CANStatusGet)
    i.DecrementSleep                         0x00000d20   Section        0  os.o(i.DecrementSleep)
    i.Delay1ms                               0x00000d64   Section        0  st7735.o(i.Delay1ms)
    i.Drive                                  0x00000d84   Section        0  drive.o(i.Drive)
    i.Drive_DifferentialTurn                 0x00000db4   Section        0  drive.o(i.Drive_DifferentialTurn)
    i.Drive_Init                             0x00000df8   Section        0  drive.o(i.Drive_Init)
    i.Drive_Speed                            0x00000e40   Section        0  drive.o(i.Drive_Speed)
    i.Drive_SteepDifferentialTurn            0x00000ea4   Section        0  drive.o(i.Drive_SteepDifferentialTurn)
    i.Drive_Stop                             0x00000ee4   Section        0  drive.o(i.Drive_Stop)
    i.Drive_WheelDirection                   0x00000f08   Section        0  drive.o(i.Drive_WheelDirection)
    i.Filter0                                0x00000f44   Section        0  adc.o(i.Filter0)
    i.Filter1                                0x00000fa8   Section        0  adc.o(i.Filter1)
    i.Filter2                                0x0000100c   Section        0  adc.o(i.Filter2)
    i.Filter3                                0x00001070   Section        0  adc.o(i.Filter3)
    i.GPIOPortF_Handler                      0x000010d4   Section        0  os.o(i.GPIOPortF_Handler)
    i.IdleTask                               0x00001114   Section        0  robot.o(i.IdleTask)
    i.IntDisable                             0x00001128   Section        0  interrupt.o(i.IntDisable)
    i.IntEnable                              0x000011a8   Section        0  interrupt.o(i.IntEnable)
    i.Left_Duty                              0x00001228   Section        0  pwm.o(i.Left_Duty)
    i.Left_Init                              0x00001248   Section        0  pwm.o(i.Left_Init)
    i.LinkThread                             0x00001354   Section        0  os.o(i.LinkThread)
    i.MotorController                        0x000013a8   Section        0  robot.o(i.MotorController)
    i.OS_AddSW1Task                          0x00001444   Section        0  os.o(i.OS_AddSW1Task)
    i.OS_AddSW2Task                          0x00001478   Section        0  os.o(i.OS_AddSW2Task)
    i.OS_AddThread                           0x000014ac   Section        0  os.o(i.OS_AddThread)
    i.OS_Init                                0x00001540   Section        0  os.o(i.OS_Init)
    i.OS_InitSemaphore                       0x000015a8   Section        0  os.o(i.OS_InitSemaphore)
    i.OS_Launch                              0x000015c4   Section        0  os.o(i.OS_Launch)
    i.OS_SelectNextThread                    0x000015dc   Section        0  os.o(i.OS_SelectNextThread)
    i.OS_Sleep                               0x0000162c   Section        0  os.o(i.OS_Sleep)
    i.OS_SwitchThread                        0x00001660   Section        0  os.o(i.OS_SwitchThread)
    i.OS_Wait                                0x00001670   Section        0  os.o(i.OS_Wait)
    i.OS_bSignal                             0x0000169c   Section        0  os.o(i.OS_bSignal)
    i.Output_Init                            0x000016c0   Section        0  st7735.o(i.Output_Init)
    i.PLL_Init                               0x000016dc   Section        0  pll.o(i.PLL_Init)
    i.PopFromList                            0x00001758   Section        0  os.o(i.PopFromList)
    i.PortD_Init                             0x0000176c   Section        0  robot.o(i.PortD_Init)
    i.PortF_Init                             0x000017d8   Section        0  os.o(i.PortF_Init)
    i.PushToList                             0x000018b4   Section        0  os.o(i.PushToList)
    i.RemoveFromList                         0x000018ca   Section        0  os.o(i.RemoveFromList)
    i.Right_DutyB                            0x000018f0   Section        0  pwm.o(i.Right_DutyB)
    i.Right_InitB                            0x00001910   Section        0  pwm.o(i.Right_InitB)
    i.RunFSM                                 0x00001a04   Section        0  robot.o(i.RunFSM)
    i.ST7735_FillRect                        0x00001a70   Section        0  st7735.o(i.ST7735_FillRect)
    i.ST7735_FillScreen                      0x00001b1c   Section        0  st7735.o(i.ST7735_FillScreen)
    i.ST7735_InitR                           0x00001b40   Section        0  st7735.o(i.ST7735_InitR)
    i.ST7735_SetCursor                       0x00001bbc   Section        0  st7735.o(i.ST7735_SetCursor)
    i.SW1Push                                0x00001bdc   Section        0  robot.o(i.SW1Push)
    i.SW2Push                                0x00001bde   Section        0  robot.o(i.SW2Push)
    i.Servo_Duty                             0x00001be0   Section        0  pwm.o(i.Servo_Duty)
    i.Servo_Init                             0x00001bec   Section        0  pwm.o(i.Servo_Init)
    i.SetInitialStack                        0x00001cc0   Section        0  os.o(i.SetInitialStack)
    i.Stop                                   0x00001e10   Section        0  robot.o(i.Stop)
    i.StraightNS                             0x00001e24   Section        0  robot.o(i.StraightNS)
    i.SysTick_Handler                        0x00001fb8   Section        0  systick.o(i.SysTick_Handler)
    i.Timer0A_Handler                        0x00001fcc   Section        0  usonic.o(i.Timer0A_Handler)
    i.Timer1A_Handler                        0x0000203c   Section        0  usonic.o(i.Timer1A_Handler)
    i.Timer2A_Handler                        0x000020ac   Section        0  usonic.o(i.Timer2A_Handler)
    i.Timer3A_Handler                        0x0000211c   Section        0  usonic.o(i.Timer3A_Handler)
    i.UnlinkThread                           0x0000218c   Section        0  os.o(i.UnlinkThread)
    i.WTimer5A_Init                          0x000021d8   Section        0  wtimer5a.o(i.WTimer5A_Init)
    i.WakeUp                                 0x00002264   Section        0  os.o(i.WakeUp)
    i.WideTimer0A_Handler                    0x0000227c   Section        0  wtimer0a.o(i.WideTimer0A_Handler)
    i.WideTimer0B_Handler                    0x0000229c   Section        0  wtimer0b.o(i.WideTimer0B_Handler)
    i.WideTimer5A_Handler                    0x000022bc   Section        0  wtimer5a.o(i.WideTimer5A_Handler)
    i.__scatterload_copy                     0x000022dc   Section       14  handlers.o(i.__scatterload_copy)
    i.__scatterload_null                     0x000022ea   Section        2  handlers.o(i.__scatterload_null)
    i.__scatterload_zeroinit                 0x000022ec   Section       14  handlers.o(i.__scatterload_zeroinit)
    i.commandList                            0x000022fa   Section        0  st7735.o(i.commandList)
    commandList                              0x000022fb   Thumb Code    86  st7735.o(i.commandList)
    i.commonInit                             0x00002350   Section        0  st7735.o(i.commonInit)
    commonInit                               0x00002351   Thumb Code   340  st7735.o(i.commonInit)
    i.main                                   0x000024d4   Section        0  robot.o(i.main)
    i.setAddrWindow                          0x00002554   Section        0  st7735.o(i.setAddrWindow)
    setAddrWindow                            0x00002555   Thumb Code   106  st7735.o(i.setAddrWindow)
    i.writecommand                           0x000025c8   Section        0  st7735.o(i.writecommand)
    writecommand                             0x000025c9   Thumb Code    40  st7735.o(i.writecommand)
    i.writedata                              0x000025f8   Section        0  st7735.o(i.writedata)
    writedata                                0x000025f9   Thumb Code    24  st7735.o(i.writedata)
    .constdata                               0x00002618   Section       18  can.o(.constdata)
    g_usCANBitValues                         0x00002618   Data          18  can.o(.constdata)
    .constdata                               0x0000262a   Section     2018  st7735.o(.constdata)
    Font                                     0x0000262a   Data        1275  st7735.o(.constdata)
    Bcmd                                     0x00002b25   Data         103  st7735.o(.constdata)
    Rcmd1                                    0x00002b8c   Data          59  st7735.o(.constdata)
    Rcmd2green                               0x00002bc7   Data          13  st7735.o(.constdata)
    Rcmd2red                                 0x00002bd4   Data          13  st7735.o(.constdata)
    Rcmd3                                    0x00002be1   Data          43  st7735.o(.constdata)
    .conststring                             0x00002e0c   Section       65  robot.o(.conststring)
    .data                                    0x20000000   Section       76  os.o(.data)
    .data                                    0x2000004c   Section       40  adc.o(.data)
    x0                                       0x2000004c   Data           8  adc.o(.data)
    x1                                       0x20000054   Data           8  adc.o(.data)
    x2                                       0x2000005c   Data           8  adc.o(.data)
    x3                                       0x20000064   Data           8  adc.o(.data)
    ADCValues                                0x2000006c   Data           8  adc.o(.data)
    .data                                    0x20000074   Section      153  robot.o(.data)
    currentStateNumber                       0x2000010c   Data           1  robot.o(.data)
    .data                                    0x2000010d   Section        1  can0.o(.data)
    MailFlag                                 0x2000010d   Data           1  can0.o(.data)
    .data                                    0x20000110   Section       56  usonic.o(.data)
    xUSONIC                                  0x20000110   Data           8  usonic.o(.data)
    .data                                    0x20000148   Section        4  wtimer0a.o(.data)
    .data                                    0x2000014c   Section        4  wtimer0b.o(.data)
    .data                                    0x20000150   Section        4  wtimer5a.o(.data)
    .data                                    0x20000154   Section       44  st7735.o(.data)
    _width                                   0x2000015e   Data           2  st7735.o(.data)
    _height                                  0x20000160   Data           2  st7735.o(.data)
    ColStart                                 0x20000168   Data           1  st7735.o(.data)
    RowStart                                 0x20000169   Data           1  st7735.o(.data)
    Rotation                                 0x2000016a   Data           1  st7735.o(.data)
    TabColor                                 0x2000016b   Data           1  st7735.o(.data)
    .data                                    0x20000180   Section       16  drive.o(.data)
    IL                                       0x20000184   Data           4  drive.o(.data)
    IR                                       0x20000188   Data           4  drive.o(.data)
    .bss                                     0x20000190   Section     8812  os.o(.bss)
    .bss                                     0x200023fc   Section       12  adc.o(.bss)
    .bss                                     0x20002408   Section       32  robot.o(.bss)
    .bss                                     0x20002428   Section       28  can0.o(.bss)
    SensorData                               0x20002428   Data          16  can0.o(.bss)
    .bss                                     0x20002444   Section       28  usonic.o(.bss)
    USONICValues                             0x20002450   Data          16  usonic.o(.bss)
    .bss                                     0x20002460   Section       24  st7735.o(.bss)
    STACK                                    0x20002478   Section     1024  startup.o(STACK)
    StackMem                                 0x20002478   Data           0  startup.o(STACK)

    Global Symbols

    Symbol Name                              Value     Ov Type        Size  Object(Section)

    BuildAttributes$$THM_ISAv4$E$P$D$K$B$S$7EM$PE$A:L22UL41UL21$X:L11$S22US41US21$IEEE1$IW$USESV6$~STKCKD$USESV7$~SHL$OSPACE$EBA8$MICROLIB$REQ8$EABIv2 0x00000000   Number         0  anon$$obj.o ABSOLUTE
    __ARM_use_no_argv                        0x00000000   Number         0  robot.o ABSOLUTE
    __Vectors                                0x00000000   Data           0  startup.o(RESET)
    __cpp_initialize__aeabi_                  - Undefined Weak Reference
    __cxa_finalize                            - Undefined Weak Reference
    _clock_init                               - Undefined Weak Reference
    _microlib_exit                            - Undefined Weak Reference
    Reset_Handler                            0x0000026d   Thumb Code     0  startup.o(RESET)
    NMI_Handler                              0x00000271   Thumb Code     2  startup.o(RESET)
    HardFault_Handler                        0x00000273   Thumb Code     2  startup.o(RESET)
    MemManage_Handler                        0x00000275   Thumb Code     2  startup.o(RESET)
    BusFault_Handler                         0x00000277   Thumb Code     2  startup.o(RESET)
    UsageFault_Handler                       0x00000279   Thumb Code     2  startup.o(RESET)
    SVC_Handler                              0x0000027b   Thumb Code     2  startup.o(RESET)
    DebugMon_Handler                         0x0000027d   Thumb Code     2  startup.o(RESET)
    ADC0Seq0_Handler                         0x00000283   Thumb Code     0  startup.o(RESET)
    ADC0Seq1_Handler                         0x00000283   Thumb Code     0  startup.o(RESET)
    ADC0Seq3_Handler                         0x00000283   Thumb Code     0  startup.o(RESET)
    ADC1Seq0_Handler                         0x00000283   Thumb Code     0  startup.o(RESET)
    ADC1Seq1_Handler                         0x00000283   Thumb Code     0  startup.o(RESET)
    ADC1Seq2_Handler                         0x00000283   Thumb Code     0  startup.o(RESET)
    ADC1Seq3_Handler                         0x00000283   Thumb Code     0  startup.o(RESET)
    CAN1_Handler                             0x00000283   Thumb Code     0  startup.o(RESET)
    CAN2_Handler                             0x00000283   Thumb Code     0  startup.o(RESET)
    Comp0_Handler                            0x00000283   Thumb Code     0  startup.o(RESET)
    Comp1_Handler                            0x00000283   Thumb Code     0  startup.o(RESET)
    Comp2_Handler                            0x00000283   Thumb Code     0  startup.o(RESET)
    Ethernet_Handler                         0x00000283   Thumb Code     0  startup.o(RESET)
    ExtBus_Handler                           0x00000283   Thumb Code     0  startup.o(RESET)
    FPU_Handler                              0x00000283   Thumb Code     0  startup.o(RESET)
    Fan0_Handler                             0x00000283   Thumb Code     0  startup.o(RESET)
    FlashCtl_Handler                         0x00000283   Thumb Code     0  startup.o(RESET)
    GPIOPortA_Handler                        0x00000283   Thumb Code     0  startup.o(RESET)
    GPIOPortB_Handler                        0x00000283   Thumb Code     0  startup.o(RESET)
    GPIOPortC_Handler                        0x00000283   Thumb Code     0  startup.o(RESET)
    GPIOPortD_Handler                        0x00000283   Thumb Code     0  startup.o(RESET)
    GPIOPortE_Handler                        0x00000283   Thumb Code     0  startup.o(RESET)
    GPIOPortG_Handler                        0x00000283   Thumb Code     0  startup.o(RESET)
    GPIOPortH_Handler                        0x00000283   Thumb Code     0  startup.o(RESET)
    GPIOPortJ_Handler                        0x00000283   Thumb Code     0  startup.o(RESET)
    GPIOPortK_Handler                        0x00000283   Thumb Code     0  startup.o(RESET)
    GPIOPortL_Handler                        0x00000283   Thumb Code     0  startup.o(RESET)
    GPIOPortM_Handler                        0x00000283   Thumb Code     0  startup.o(RESET)
    GPIOPortN_Handler                        0x00000283   Thumb Code     0  startup.o(RESET)
    GPIOPortP1_Handler                       0x00000283   Thumb Code     0  startup.o(RESET)
    GPIOPortP2_Handler                       0x00000283   Thumb Code     0  startup.o(RESET)
    GPIOPortP3_Handler                       0x00000283   Thumb Code     0  startup.o(RESET)
    GPIOPortP4_Handler                       0x00000283   Thumb Code     0  startup.o(RESET)
    GPIOPortP5_Handler                       0x00000283   Thumb Code     0  startup.o(RESET)
    GPIOPortP6_Handler                       0x00000283   Thumb Code     0  startup.o(RESET)
    GPIOPortP7_Handler                       0x00000283   Thumb Code     0  startup.o(RESET)
    GPIOPortP_Handler                        0x00000283   Thumb Code     0  startup.o(RESET)
    GPIOPortQ1_Handler                       0x00000283   Thumb Code     0  startup.o(RESET)
    GPIOPortQ2_Handler                       0x00000283   Thumb Code     0  startup.o(RESET)
    GPIOPortQ3_Handler                       0x00000283   Thumb Code     0  startup.o(RESET)
    GPIOPortQ4_Handler                       0x00000283   Thumb Code     0  startup.o(RESET)
    GPIOPortQ5_Handler                       0x00000283   Thumb Code     0  startup.o(RESET)
    GPIOPortQ6_Handler                       0x00000283   Thumb Code     0  startup.o(RESET)
    GPIOPortQ7_Handler                       0x00000283   Thumb Code     0  startup.o(RESET)
    GPIOPortQ_Handler                        0x00000283   Thumb Code     0  startup.o(RESET)
    GPIOPortR_Handler                        0x00000283   Thumb Code     0  startup.o(RESET)
    GPIOPortS_Handler                        0x00000283   Thumb Code     0  startup.o(RESET)
    Hibernate_Handler                        0x00000283   Thumb Code     0  startup.o(RESET)
    I2C0_Handler                             0x00000283   Thumb Code     0  startup.o(RESET)
    I2C1_Handler                             0x00000283   Thumb Code     0  startup.o(RESET)
    I2C2_Handler                             0x00000283   Thumb Code     0  startup.o(RESET)
    I2C3_Handler                             0x00000283   Thumb Code     0  startup.o(RESET)
    I2C4_Handler                             0x00000283   Thumb Code     0  startup.o(RESET)
    I2C5_Handler                             0x00000283   Thumb Code     0  startup.o(RESET)
    I2S0_Handler                             0x00000283   Thumb Code     0  startup.o(RESET)
    LPC0_Handler                             0x00000283   Thumb Code     0  startup.o(RESET)
    PECI0_Handler                            0x00000283   Thumb Code     0  startup.o(RESET)
    PWM0Fault_Handler                        0x00000283   Thumb Code     0  startup.o(RESET)
    PWM0Generator0_Handler                   0x00000283   Thumb Code     0  startup.o(RESET)
    PWM0Generator1_Handler                   0x00000283   Thumb Code     0  startup.o(RESET)
    PWM0Generator2_Handler                   0x00000283   Thumb Code     0  startup.o(RESET)
    PWM0Generator3_Handler                   0x00000283   Thumb Code     0  startup.o(RESET)
    PWM1Fault_Handler                        0x00000283   Thumb Code     0  startup.o(RESET)
    PWM1Generator0_Handler                   0x00000283   Thumb Code     0  startup.o(RESET)
    PWM1Generator1_Handler                   0x00000283   Thumb Code     0  startup.o(RESET)
    PWM1Generator2_Handler                   0x00000283   Thumb Code     0  startup.o(RESET)
    PWM1Generator3_Handler                   0x00000283   Thumb Code     0  startup.o(RESET)
    Quadrature0_Handler                      0x00000283   Thumb Code     0  startup.o(RESET)
    Quadrature1_Handler                      0x00000283   Thumb Code     0  startup.o(RESET)
    Quadrature2_Handler                      0x00000283   Thumb Code     0  startup.o(RESET)
    SSI0_Handler                             0x00000283   Thumb Code     0  startup.o(RESET)
    SSI1_Handler                             0x00000283   Thumb Code     0  startup.o(RESET)
    SSI2_Handler                             0x00000283   Thumb Code     0  startup.o(RESET)
    SSI3_Handler                             0x00000283   Thumb Code     0  startup.o(RESET)
    SysCtl_Handler                           0x00000283   Thumb Code     0  startup.o(RESET)
    Timer0B_Handler                          0x00000283   Thumb Code     0  startup.o(RESET)
    Timer1B_Handler                          0x00000283   Thumb Code     0  startup.o(RESET)
    Timer2B_Handler                          0x00000283   Thumb Code     0  startup.o(RESET)
    Timer3B_Handler                          0x00000283   Thumb Code     0  startup.o(RESET)
    Timer4A_Handler                          0x00000283   Thumb Code     0  startup.o(RESET)
    Timer4B_Handler                          0x00000283   Thumb Code     0  startup.o(RESET)
    Timer5A_Handler                          0x00000283   Thumb Code     0  startup.o(RESET)
    Timer5B_Handler                          0x00000283   Thumb Code     0  startup.o(RESET)
    UART0_Handler                            0x00000283   Thumb Code     0  startup.o(RESET)
    UART1_Handler                            0x00000283   Thumb Code     0  startup.o(RESET)
    UART2_Handler                            0x00000283   Thumb Code     0  startup.o(RESET)
    UART3_Handler                            0x00000283   Thumb Code     0  startup.o(RESET)
    UART4_Handler                            0x00000283   Thumb Code     0  startup.o(RESET)
    UART5_Handler                            0x00000283   Thumb Code     0  startup.o(RESET)
    UART6_Handler                            0x00000283   Thumb Code     0  startup.o(RESET)
    UART7_Handler                            0x00000283   Thumb Code     0  startup.o(RESET)
    USB0_Handler                             0x00000283   Thumb Code     0  startup.o(RESET)
    WDT_Handler                              0x00000283   Thumb Code     0  startup.o(RESET)
    WideTimer1A_Handler                      0x00000283   Thumb Code     0  startup.o(RESET)
    WideTimer1B_Handler                      0x00000283   Thumb Code     0  startup.o(RESET)
    WideTimer2A_Handler                      0x00000283   Thumb Code     0  startup.o(RESET)
    WideTimer2B_Handler                      0x00000283   Thumb Code     0  startup.o(RESET)
    WideTimer3A_Handler                      0x00000283   Thumb Code     0  startup.o(RESET)
    WideTimer3B_Handler                      0x00000283   Thumb Code     0  startup.o(RESET)
    WideTimer4A_Handler                      0x00000283   Thumb Code     0  startup.o(RESET)
    WideTimer4B_Handler                      0x00000283   Thumb Code     0  startup.o(RESET)
    WideTimer5B_Handler                      0x00000283   Thumb Code     0  startup.o(RESET)
    uDMA_Error                               0x00000283   Thumb Code     0  startup.o(RESET)
    uDMA_Handler                             0x00000283   Thumb Code     0  startup.o(RESET)
    __main                                   0x00000285   Thumb Code     0  entry.o(.ARM.Collect$$$$00000000)
    _main_stk                                0x00000285   Thumb Code     0  entry2.o(.ARM.Collect$$$$00000001)
    _main_scatterload                        0x00000289   Thumb Code     0  entry5.o(.ARM.Collect$$$$00000004)
    __main_after_scatterload                 0x0000028d   Thumb Code     0  entry5.o(.ARM.Collect$$$$00000004)
    _main_clock                              0x0000028d   Thumb Code     0  entry7b.o(.ARM.Collect$$$$00000008)
    _main_cpp_init                           0x0000028d   Thumb Code     0  entry8b.o(.ARM.Collect$$$$0000000A)
    _main_init                               0x0000028d   Thumb Code     0  entry9a.o(.ARM.Collect$$$$0000000B)
    __rt_final_cpp                           0x00000295   Thumb Code     0  entry10a.o(.ARM.Collect$$$$0000000D)
    __rt_final_exit                          0x00000295   Thumb Code     0  entry11a.o(.ARM.Collect$$$$0000000F)
    DisableInterrupts                        0x00000299   Thumb Code     0  startup.o(.text)
    EnableInterrupts                         0x0000029d   Thumb Code     0  startup.o(.text)
    StartCritical                            0x000002a1   Thumb Code     0  startup.o(.text)
    EndCritical                              0x000002a9   Thumb Code     0  startup.o(.text)
    WaitForInterrupt                         0x000002af   Thumb Code     0  startup.o(.text)
    PendSV_Handler                           0x000002b5   Thumb Code     0  threadswitch.o(.text)
    StartOS                                  0x000002d5   Thumb Code     0  threadswitch.o(.text)
    __scatterload                            0x000002fd   Thumb Code    28  init.o(.text)
    __scatterload_rt2                        0x000002fd   Thumb Code     0  init.o(.text)
    __decompress                             0x00000321   Thumb Code     0  __dczerorl2.o(.text)
    __decompress1                            0x00000321   Thumb Code    92  __dczerorl2.o(.text)
    ADC0Seq2_Handler                         0x0000037d   Thumb Code   108  adc.o(i.ADC0Seq2_Handler)
    ADC2millimeter                           0x000003f9   Thumb Code    26  adc.o(i.ADC2millimeter)
    AddToPriorityList                        0x00000419   Thumb Code    70  os.o(i.AddToPriorityList)
    Block                                    0x0000045f   Thumb Code    26  os.o(i.Block)
    CAN0_GetMail                             0x00000479   Thumb Code    46  can0.o(i.CAN0_GetMail)
    CAN0_Handler                             0x000004b1   Thumb Code   132  can0.o(i.CAN0_Handler)
    CAN0_Open                                0x00000545   Thumb Code   196  can0.o(i.CAN0_Open)
    CANBitRateSet                            0x00000659   Thumb Code   142  can.o(i.CANBitRateSet)
    CANEnable                                0x00000759   Thumb Code    24  can.o(i.CANEnable)
    CANInit                                  0x00000771   Thumb Code   148  can.o(i.CANInit)
    CANIntClear                              0x00000805   Thumb Code    76  can.o(i.CANIntClear)
    CANIntEnable                             0x00000851   Thumb Code    26  can.o(i.CANIntEnable)
    CANIntStatus                             0x0000089d   Thumb Code    60  can.o(i.CANIntStatus)
    CANMessageGet                            0x000008d9   Thumb Code   434  can.o(i.CANMessageGet)
    CANMessageSet                            0x00000a8b   Thumb Code   434  can.o(i.CANMessageSet)
    CANStatusGet                             0x00000ca5   Thumb Code   124  can.o(i.CANStatusGet)
    DecrementSleep                           0x00000d21   Thumb Code    56  os.o(i.DecrementSleep)
    Delay1ms                                 0x00000d65   Thumb Code    32  st7735.o(i.Delay1ms)
    Drive                                    0x00000d85   Thumb Code    44  drive.o(i.Drive)
    Drive_DifferentialTurn                   0x00000db5   Thumb Code    58  drive.o(i.Drive_DifferentialTurn)
    Drive_Init                               0x00000df9   Thumb Code    62  drive.o(i.Drive_Init)
    Drive_Speed                              0x00000e41   Thumb Code    92  drive.o(i.Drive_Speed)
    Drive_SteepDifferentialTurn              0x00000ea5   Thumb Code    56  drive.o(i.Drive_SteepDifferentialTurn)
    Drive_Stop                               0x00000ee5   Thumb Code    30  drive.o(i.Drive_Stop)
    Drive_WheelDirection                     0x00000f09   Thumb Code    58  drive.o(i.Drive_WheelDirection)
    Filter0                                  0x00000f45   Thumb Code    94  adc.o(i.Filter0)
    Filter1                                  0x00000fa9   Thumb Code    94  adc.o(i.Filter1)
    Filter2                                  0x0000100d   Thumb Code    94  adc.o(i.Filter2)
    Filter3                                  0x00001071   Thumb Code    94  adc.o(i.Filter3)
    GPIOPortF_Handler                        0x000010d5   Thumb Code    52  os.o(i.GPIOPortF_Handler)
    IdleTask                                 0x00001115   Thumb Code    14  robot.o(i.IdleTask)
    IntDisable                               0x00001129   Thumb Code   116  interrupt.o(i.IntDisable)
    IntEnable                                0x000011a9   Thumb Code   116  interrupt.o(i.IntEnable)
    Left_Duty                                0x00001229   Thumb Code    24  pwm.o(i.Left_Duty)
    Left_Init                                0x00001249   Thumb Code   232  pwm.o(i.Left_Init)
    LinkThread                               0x00001355   Thumb Code    72  os.o(i.LinkThread)
    MotorController                          0x000013a9   Thumb Code   150  robot.o(i.MotorController)
    OS_AddSW1Task                            0x00001445   Thumb Code    38  os.o(i.OS_AddSW1Task)
    OS_AddSW2Task                            0x00001479   Thumb Code    38  os.o(i.OS_AddSW2Task)
    OS_AddThread                             0x000014ad   Thumb Code   136  os.o(i.OS_AddThread)
    OS_Init                                  0x00001541   Thumb Code    84  os.o(i.OS_Init)
    OS_InitSemaphore                         0x000015a9   Thumb Code    28  os.o(i.OS_InitSemaphore)
    OS_Launch                                0x000015c5   Thumb Code    22  os.o(i.OS_Launch)
    OS_SelectNextThread                      0x000015dd   Thumb Code    66  os.o(i.OS_SelectNextThread)
    OS_Sleep                                 0x0000162d   Thumb Code    40  os.o(i.OS_Sleep)
    OS_SwitchThread                          0x00001661   Thumb Code    10  os.o(i.OS_SwitchThread)
    OS_Wait                                  0x00001671   Thumb Code    40  os.o(i.OS_Wait)
    OS_bSignal                               0x0000169d   Thumb Code    36  os.o(i.OS_bSignal)
    Output_Init                              0x000016c1   Thumb Code    24  st7735.o(i.Output_Init)
    PLL_Init                                 0x000016dd   Thumb Code   118  pll.o(i.PLL_Init)
    PopFromList                              0x00001759   Thumb Code    18  os.o(i.PopFromList)
    PortD_Init                               0x0000176d   Thumb Code    86  robot.o(i.PortD_Init)
    PortF_Init                               0x000017d9   Thumb Code   192  os.o(i.PortF_Init)
    PushToList                               0x000018b5   Thumb Code    22  os.o(i.PushToList)
    RemoveFromList                           0x000018cb   Thumb Code    36  os.o(i.RemoveFromList)
    Right_DutyB                              0x000018f1   Thumb Code    24  pwm.o(i.Right_DutyB)
    Right_InitB                              0x00001911   Thumb Code   214  pwm.o(i.Right_InitB)
    RunFSM                                   0x00001a05   Thumb Code    98  robot.o(i.RunFSM)
    ST7735_FillRect                          0x00001a71   Thumb Code   164  st7735.o(i.ST7735_FillRect)
    ST7735_FillScreen                        0x00001b1d   Thumb Code    28  st7735.o(i.ST7735_FillScreen)
    ST7735_InitR                             0x00001b41   Thumb Code    90  st7735.o(i.ST7735_InitR)
    ST7735_SetCursor                         0x00001bbd   Thumb Code    22  st7735.o(i.ST7735_SetCursor)
    SW1Push                                  0x00001bdd   Thumb Code     2  robot.o(i.SW1Push)
    SW2Push                                  0x00001bdf   Thumb Code     2  robot.o(i.SW2Push)
    Servo_Duty                               0x00001be1   Thumb Code     8  pwm.o(i.Servo_Duty)
    Servo_Init                               0x00001bed   Thumb Code   178  pwm.o(i.Servo_Init)
    SetInitialStack                          0x00001cc1   Thumb Code   328  os.o(i.SetInitialStack)
    Stop                                     0x00001e11   Thumb Code    14  robot.o(i.Stop)
    StraightNS                               0x00001e25   Thumb Code   404  robot.o(i.StraightNS)
    SysTick_Handler                          0x00001fb9   Thumb Code    16  systick.o(i.SysTick_Handler)
    Timer0A_Handler                          0x00001fcd   Thumb Code    76  usonic.o(i.Timer0A_Handler)
    Timer1A_Handler                          0x0000203d   Thumb Code    76  usonic.o(i.Timer1A_Handler)
    Timer2A_Handler                          0x000020ad   Thumb Code    76  usonic.o(i.Timer2A_Handler)
    Timer3A_Handler                          0x0000211d   Thumb Code    76  usonic.o(i.Timer3A_Handler)
    UnlinkThread                             0x0000218d   Thumb Code    68  os.o(i.UnlinkThread)
    WTimer5A_Init                            0x000021d9   Thumb Code   118  wtimer5a.o(i.WTimer5A_Init)
    WakeUp                                   0x00002265   Thumb Code    22  os.o(i.WakeUp)
    WideTimer0A_Handler                      0x0000227d   Thumb Code    22  wtimer0a.o(i.WideTimer0A_Handler)
    WideTimer0B_Handler                      0x0000229d   Thumb Code    22  wtimer0b.o(i.WideTimer0B_Handler)
    WideTimer5A_Handler                      0x000022bd   Thumb Code    22  wtimer5a.o(i.WideTimer5A_Handler)
    __scatterload_copy                       0x000022dd   Thumb Code    14  handlers.o(i.__scatterload_copy)
    __scatterload_null                       0x000022eb   Thumb Code     2  handlers.o(i.__scatterload_null)
    __scatterload_zeroinit                   0x000022ed   Thumb Code    14  handlers.o(i.__scatterload_zeroinit)
    main                                     0x000024d5   Thumb Code   100  robot.o(i.main)
    dBfs                                     0x00002c0c   Data         512  st7735.o(.constdata)
    Region$$Table$$Base                      0x00002e50   Number         0  anon$$obj.o(Region$$Table)
    Region$$Table$$Limit                     0x00002e70   Number         0  anon$$obj.o(Region$$Table)
    NumPeriodicThreads                       0x20000000   Data           4  os.o(.data)
    NumThreads                               0x20000004   Data           1  os.o(.data)
    RunPt                                    0x20000008   Data           4  os.o(.data)
    NextPt                                   0x2000000c   Data           4  os.o(.data)
    CurrentID                                0x20000010   Data           2  os.o(.data)
    SleepListStart                           0x20000014   Data           4  os.o(.data)
    SleepListEnd                             0x20000018   Data           4  os.o(.data)
    LinkinPointer                            0x2000001c   Data           4  os.o(.data)
    OSMsCount                                0x20000020   Data           4  os.o(.data)
    PeriodicTask1                            0x20000024   Data           4  os.o(.data)
    PeriodicTask2                            0x20000028   Data           4  os.o(.data)
    SW1Task                                  0x2000002c   Data           4  os.o(.data)
    SW2Task                                  0x20000030   Data           4  os.o(.data)
    delay                                    0x20000034   Data           4  os.o(.data)
    PutPt                                    0x20000038   Data           4  os.o(.data)
    GetPt                                    0x2000003c   Data           4  os.o(.data)
    FifoSize                                 0x20000040   Data           4  os.o(.data)
    FifoNumElements                          0x20000044   Data           4  os.o(.data)
    MailBox                                  0x20000048   Data           4  os.o(.data)
    NumCreated                               0x20000074   Data           1  robot.o(.data)
    FSM                                      0x20000078   Data         144  robot.o(.data)
    Idlecount                                0x20000108   Data           4  robot.o(.data)
    Timer0First                              0x20000118   Data           4  usonic.o(.data)
    Timer0Done                               0x2000011c   Data           4  usonic.o(.data)
    Timer0Pulse                              0x20000120   Data           4  usonic.o(.data)
    Timer1First                              0x20000124   Data           4  usonic.o(.data)
    Timer1Done                               0x20000128   Data           4  usonic.o(.data)
    Timer1Pulse                              0x2000012c   Data           4  usonic.o(.data)
    Timer2First                              0x20000130   Data           4  usonic.o(.data)
    Timer2Done                               0x20000134   Data           4  usonic.o(.data)
    Timer2Pulse                              0x20000138   Data           4  usonic.o(.data)
    Timer3First                              0x2000013c   Data           4  usonic.o(.data)
    Timer3Done                               0x20000140   Data           4  usonic.o(.data)
    Timer3Pulse                              0x20000144   Data           4  usonic.o(.data)
    WTimer0APeriodicTask                     0x20000148   Data           4  wtimer0a.o(.data)
    WTimer0BPeriodicTask                     0x2000014c   Data           4  wtimer0b.o(.data)
    WTimer5APeriodicTask                     0x20000150   Data           4  wtimer5a.o(.data)
    StX                                      0x20000154   Data           4  st7735.o(.data)
    StY                                      0x20000158   Data           4  st7735.o(.data)
    StTextColor                              0x2000015c   Data           2  st7735.o(.data)
    lastj                                    0x20000164   Data           4  st7735.o(.data)
    Messageindex                             0x2000016c   Data           4  st7735.o(.data)
    Ymax                                     0x20000170   Data           4  st7735.o(.data)
    Ymin                                     0x20000174   Data           4  st7735.o(.data)
    X                                        0x20000178   Data           4  st7735.o(.data)
    Yrange                                   0x2000017c   Data           4  st7735.o(.data)
    stopped                                  0x20000180   Data           1  drive.o(.data)
    power                                    0x2000018c   Data           2  drive.o(.data)
    direction                                0x2000018e   Data           2  drive.o(.data)
    tcbs                                     0x20000190   Data         240  os.o(.bss)
    Stacks                                   0x20000280   Data        8000  os.o(.bss)
    Fifo                                     0x200021c0   Data         512  os.o(.bss)
    DataRoomLeft                             0x200023c0   Data          12  os.o(.bss)
    DataAvailable                            0x200023cc   Data          12  os.o(.bss)
    FifoMutex                                0x200023d8   Data          12  os.o(.bss)
    BoxFree                                  0x200023e4   Data          12  os.o(.bss)
    DataValid                                0x200023f0   Data          12  os.o(.bss)
    adcDataReady                             0x200023fc   Data          12  adc.o(.bss)
    SensorData                               0x20002408   Data          16  robot.o(.bss)
    IRData                                   0x20002418   Data          16  robot.o(.bss)
    SensorDataReady                          0x20002438   Data          12  can0.o(.bss)
    usonicDataReady                          0x20002444   Data          12  usonic.o(.bss)
    Message                                  0x20002460   Data          12  st7735.o(.bss)
    Semi                                     0x2000246c   Data          12  st7735.o(.bss)
    __initial_sp                             0x20002878   Data           0  startup.o(STACK)



==============================================================================

Memory Map of the image

  Image Entry point : 0x0000026d

  Load Region LR_1 (Base: 0x00000000, Size: 0x00003000, Max: 0xffffffff, ABSOLUTE, COMPRESSED[0x00002ec8])

    Execution Region ER_RO (Base: 0x00000000, Size: 0x00002e70, Max: 0xffffffff, ABSOLUTE)

    Base Addr    Size         Type   Attr      Idx    E Section Name        Object

    0x00000000   0x00000284   Code   RO            3  * RESET               startup.o
    0x00000284   0x00000000   Code   RO         1485  * .ARM.Collect$$$$00000000  mc_w.l(entry.o)
    0x00000284   0x00000004   Code   RO         1488    .ARM.Collect$$$$00000001  mc_w.l(entry2.o)
    0x00000288   0x00000004   Code   RO         1491    .ARM.Collect$$$$00000004  mc_w.l(entry5.o)
    0x0000028c   0x00000000   Code   RO         1493    .ARM.Collect$$$$00000008  mc_w.l(entry7b.o)
    0x0000028c   0x00000000   Code   RO         1495    .ARM.Collect$$$$0000000A  mc_w.l(entry8b.o)
    0x0000028c   0x00000008   Code   RO         1496    .ARM.Collect$$$$0000000B  mc_w.l(entry9a.o)
    0x00000294   0x00000000   Code   RO         1498    .ARM.Collect$$$$0000000D  mc_w.l(entry10a.o)
    0x00000294   0x00000000   Code   RO         1500    .ARM.Collect$$$$0000000F  mc_w.l(entry11a.o)
    0x00000294   0x00000004   Code   RO         1489    .ARM.Collect$$$$00002712  mc_w.l(entry2.o)
    0x00000298   0x0000001c   Code   RO            4    .text               startup.o
    0x000002b4   0x00000048   Code   RO         1425    .text               threadswitch.o
    0x000002fc   0x00000024   Code   RO         1502    .text               mc_w.l(init.o)
    0x00000320   0x0000005c   Code   RO         1512    .text               mc_w.l(__dczerorl2.o)
    0x0000037c   0x0000007c   Code   RO          302    i.ADC0Seq2_Handler  adc.o
    0x000003f8   0x00000020   Code   RO          304    i.ADC2millimeter    adc.o
    0x00000418   0x00000046   Code   RO           34    i.AddToPriorityList  os.o
    0x0000045e   0x0000001a   Code   RO           35    i.Block             os.o
    0x00000478   0x00000038   Code   RO          684    i.CAN0_GetMail      can0.o
    0x000004b0   0x00000094   Code   RO          685    i.CAN0_Handler      can0.o
    0x00000544   0x000000e4   Code   RO          686    i.CAN0_Open         can0.o
    0x00000628   0x00000030   Code   RO          687    i.CAN0_Setup_Message_Object  can0.o
    0x00000658   0x00000094   Code   RO          525    i.CANBitRateSet     can.o
    0x000006ec   0x00000036   Code   RO          526    i.CANDataRegRead    can.o
    0x00000722   0x00000036   Code   RO          527    i.CANDataRegWrite   can.o
    0x00000758   0x00000018   Code   RO          529    i.CANEnable         can.o
    0x00000770   0x00000094   Code   RO          531    i.CANInit           can.o
    0x00000804   0x0000004c   Code   RO          532    i.CANIntClear       can.o
    0x00000850   0x0000001a   Code   RO          534    i.CANIntEnable      can.o
    0x0000086a   0x00000002   PAD
    0x0000086c   0x00000030   Code   RO          535    i.CANIntNumberGet   can.o
    0x0000089c   0x0000003c   Code   RO          537    i.CANIntStatus      can.o
    0x000008d8   0x000001b2   Code   RO          540    i.CANMessageGet     can.o
    0x00000a8a   0x000001b2   Code   RO          541    i.CANMessageSet     can.o
    0x00000c3c   0x00000050   Code   RO          542    i.CANRegRead        can.o
    0x00000c8c   0x00000018   Code   RO          543    i.CANRegWrite       can.o
    0x00000ca4   0x0000007c   Code   RO          546    i.CANStatusGet      can.o
    0x00000d20   0x00000044   Code   RO           36    i.DecrementSleep    os.o
    0x00000d64   0x00000020   Code   RO         1122    i.Delay1ms          st7735.o
    0x00000d84   0x00000030   Code   RO         1428    i.Drive             drive.o
    0x00000db4   0x00000044   Code   RO         1429    i.Drive_DifferentialTurn  drive.o
    0x00000df8   0x00000048   Code   RO         1430    i.Drive_Init        drive.o
    0x00000e40   0x00000064   Code   RO         1432    i.Drive_Speed       drive.o
    0x00000ea4   0x00000040   Code   RO         1433    i.Drive_SteepDifferentialTurn  drive.o
    0x00000ee4   0x00000024   Code   RO         1434    i.Drive_Stop        drive.o
    0x00000f08   0x0000003a   Code   RO         1435    i.Drive_WheelDirection  drive.o
    0x00000f42   0x00000002   PAD
    0x00000f44   0x00000064   Code   RO          306    i.Filter0           adc.o
    0x00000fa8   0x00000064   Code   RO          307    i.Filter1           adc.o
    0x0000100c   0x00000064   Code   RO          308    i.Filter2           adc.o
    0x00001070   0x00000064   Code   RO          309    i.Filter3           adc.o
    0x000010d4   0x00000040   Code   RO           37    i.GPIOPortF_Handler  os.o
    0x00001114   0x00000014   Code   RO          366    i.IdleTask          robot.o
    0x00001128   0x00000080   Code   RO          721    i.IntDisable        interrupt.o
    0x000011a8   0x00000080   Code   RO          722    i.IntEnable         interrupt.o
    0x00001228   0x00000020   Code   RO          797    i.Left_Duty         pwm.o
    0x00001248   0x0000010c   Code   RO          799    i.Left_Init         pwm.o
    0x00001354   0x00000054   Code   RO           38    i.LinkThread        os.o
    0x000013a8   0x0000009c   Code   RO          371    i.MotorController   robot.o
    0x00001444   0x00000034   Code   RO           40    i.OS_AddSW1Task     os.o
    0x00001478   0x00000034   Code   RO           41    i.OS_AddSW2Task     os.o
    0x000014ac   0x00000094   Code   RO           42    i.OS_AddThread      os.o
    0x00001540   0x00000068   Code   RO           49    i.OS_Init           os.o
    0x000015a8   0x0000001c   Code   RO           50    i.OS_InitSemaphore  os.o
    0x000015c4   0x00000016   Code   RO           52    i.OS_Launch         os.o
    0x000015da   0x00000002   PAD
    0x000015dc   0x00000050   Code   RO           57    i.OS_SelectNextThread  os.o
    0x0000162c   0x00000034   Code   RO           59    i.OS_Sleep          os.o
    0x00001660   0x00000010   Code   RO           61    i.OS_SwitchThread   os.o
    0x00001670   0x0000002c   Code   RO           64    i.OS_Wait           os.o
    0x0000169c   0x00000024   Code   RO           65    i.OS_bSignal        os.o
    0x000016c0   0x0000001c   Code   RO         1125    i.Output_Init       st7735.o
    0x000016dc   0x0000007c   Code   RO           12    i.PLL_Init          pll.o
    0x00001758   0x00000012   Code   RO           67    i.PopFromList       os.o
    0x0000176a   0x00000002   PAD
    0x0000176c   0x0000006c   Code   RO          372    i.PortD_Init        robot.o
    0x000017d8   0x000000dc   Code   RO           68    i.PortF_Init        os.o
    0x000018b4   0x00000016   Code   RO           69    i.PushToList        os.o
    0x000018ca   0x00000024   Code   RO           70    i.RemoveFromList    os.o
    0x000018ee   0x00000002   PAD
    0x000018f0   0x00000020   Code   RO          802    i.Right_DutyB       pwm.o
    0x00001910   0x000000f4   Code   RO          804    i.Right_InitB       pwm.o
    0x00001a04   0x0000006c   Code   RO          377    i.RunFSM            robot.o
    0x00001a70   0x000000ac   Code   RO         1137    i.ST7735_FillRect   st7735.o
    0x00001b1c   0x00000024   Code   RO         1138    i.ST7735_FillScreen  st7735.o
    0x00001b40   0x0000007c   Code   RO         1140    i.ST7735_InitR      st7735.o
    0x00001bbc   0x00000020   Code   RO         1154    i.ST7735_SetCursor  st7735.o
    0x00001bdc   0x00000002   Code   RO          378    i.SW1Push           robot.o
    0x00001bde   0x00000002   Code   RO          379    i.SW2Push           robot.o
    0x00001be0   0x0000000c   Code   RO          806    i.Servo_Duty        pwm.o
    0x00001bec   0x000000d4   Code   RO          807    i.Servo_Init        pwm.o
    0x00001cc0   0x00000150   Code   RO           71    i.SetInitialStack   os.o
    0x00001e10   0x00000014   Code   RO          380    i.Stop              robot.o
    0x00001e24   0x00000194   Code   RO          381    i.StraightNS        robot.o
    0x00001fb8   0x00000014   Code   RO         1407    i.SysTick_Handler   systick.o
    0x00001fcc   0x00000070   Code   RO          874    i.Timer0A_Handler   usonic.o
    0x0000203c   0x00000070   Code   RO          879    i.Timer1A_Handler   usonic.o
    0x000020ac   0x00000070   Code   RO          884    i.Timer2A_Handler   usonic.o
    0x0000211c   0x00000070   Code   RO          889    i.Timer3A_Handler   usonic.o
    0x0000218c   0x0000004c   Code   RO           72    i.UnlinkThread      os.o
    0x000021d8   0x0000008c   Code   RO         1101    i.WTimer5A_Init     wtimer5a.o
    0x00002264   0x00000016   Code   RO           73    i.WakeUp            os.o
    0x0000227a   0x00000002   PAD
    0x0000227c   0x00000020   Code   RO         1060    i.WideTimer0A_Handler  wtimer0a.o
    0x0000229c   0x00000020   Code   RO         1081    i.WideTimer0B_Handler  wtimer0b.o
    0x000022bc   0x00000020   Code   RO         1102    i.WideTimer5A_Handler  wtimer5a.o
    0x000022dc   0x0000000e   Code   RO         1506    i.__scatterload_copy  mc_w.l(handlers.o)
    0x000022ea   0x00000002   Code   RO         1507    i.__scatterload_null  mc_w.l(handlers.o)
    0x000022ec   0x0000000e   Code   RO         1508    i.__scatterload_zeroinit  mc_w.l(handlers.o)
    0x000022fa   0x00000056   Code   RO         1158    i.commandList       st7735.o
    0x00002350   0x00000184   Code   RO         1159    i.commonInit        st7735.o
    0x000024d4   0x00000080   Code   RO          385    i.main              robot.o
    0x00002554   0x00000074   Code   RO         1165    i.setAddrWindow     st7735.o
    0x000025c8   0x00000030   Code   RO         1166    i.writecommand      st7735.o
    0x000025f8   0x00000020   Code   RO         1167    i.writedata         st7735.o
    0x00002618   0x00000012   Data   RO          547    .constdata          can.o
    0x0000262a   0x000007e2   Data   RO         1169    .constdata          st7735.o
    0x00002e0c   0x00000041   Data   RO          388    .conststring        robot.o
    0x00002e4d   0x00000003   PAD
    0x00002e50   0x00000020   Data   RO         1504    Region$$Table       anon$$obj.o


    Execution Region ER_RW (Base: 0x20000000, Size: 0x00000190, Max: 0xffffffff, ABSOLUTE, COMPRESSED[0x00000058])

    Base Addr    Size         Type   Attr      Idx    E Section Name        Object

    0x20000000   0x0000004c   Data   RW           75    .data               os.o
    0x2000004c   0x00000028   Data   RW          311    .data               adc.o
    0x20000074   0x00000099   Data   RW          389    .data               robot.o
    0x2000010d   0x00000001   Data   RW          689    .data               can0.o
    0x2000010e   0x00000002   PAD
    0x20000110   0x00000038   Data   RW          900    .data               usonic.o
    0x20000148   0x00000004   Data   RW         1061    .data               wtimer0a.o
    0x2000014c   0x00000004   Data   RW         1082    .data               wtimer0b.o
    0x20000150   0x00000004   Data   RW         1103    .data               wtimer5a.o
    0x20000154   0x0000002c   Data   RW         1170    .data               st7735.o
    0x20000180   0x00000010   Data   RW         1436    .data               drive.o


    Execution Region ER_ZI (Base: 0x20000190, Size: 0x000026e8, Max: 0xffffffff, ABSOLUTE)

    Base Addr    Size         Type   Attr      Idx    E Section Name        Object

    0x20000190   0x0000226c   Zero   RW           74    .bss                os.o
    0x200023fc   0x0000000c   Zero   RW          310    .bss                adc.o
    0x20002408   0x00000020   Zero   RW          387    .bss                robot.o
    0x20002428   0x0000001c   Zero   RW          688    .bss                can0.o
    0x20002444   0x0000001c   Zero   RW          899    .bss                usonic.o
    0x20002460   0x00000018   Zero   RW         1168    .bss                st7735.o
    0x20002478   0x00000400   Zero   RW            1    STACK               startup.o


==============================================================================

Image component sizes


      Code (inc. data)   RO Data    RW Data    ZI Data      Debug   Object Name

       556         46          0         40         12       4047   adc.o
      1734         20         18          0          0      13921   can.o
       480         62          0          1         28       3536   can0.o
       446         46          0         16          0       3823   drive.o
       256         24          0          0          0        945   interrupt.o
      1676        176          0         76       8812      13781   os.o
       124          6          0          0          0       4619   pll.o
       800        120          0          0          0       2786   pwm.o
       948         78         65        153         32       6235   robot.o
      1094        138       2018         44         24       8667   st7735.o
       672        622          0          0       1024        876   startup.o
        20          4          0          0          0        378   systick.o
        72          8          0          0          0        200   threadswitch.o
       448        144          0         56         28       3621   usonic.o
        32         10          0          4          0        837   wtimer0a.o
        32         10          0          4          0        837   wtimer0b.o
       172         32          0          4          0       1417   wtimer5a.o

    ----------------------------------------------------------------------
      9574       1546       2136        400       9960      70526   Object Totals
         0          0         32          0          0          0   (incl. Generated)
        12          0          3          2          0          0   (incl. Padding)

    ----------------------------------------------------------------------

      Code (inc. data)   RO Data    RW Data    ZI Data      Debug   Library Member Name

        92          0          0          0          0          0   __dczerorl2.o
         0          0          0          0          0          0   entry.o
         0          0          0          0          0          0   entry10a.o
         0          0          0          0          0          0   entry11a.o
         8          4          0          0          0          0   entry2.o
         4          0          0          0          0          0   entry5.o
         0          0          0          0          0          0   entry7b.o
         0          0          0          0          0          0   entry8b.o
         8          4          0          0          0          0   entry9a.o
        30          0          0          0          0          0   handlers.o
        36          8          0          0          0         68   init.o

    ----------------------------------------------------------------------
       178         16          0          0          0         68   Library Totals
         0          0          0          0          0          0   (incl. Padding)

    ----------------------------------------------------------------------

      Code (inc. data)   RO Data    RW Data    ZI Data      Debug   Library Name

       178         16          0          0          0         68   mc_w.l

    ----------------------------------------------------------------------
       178         16          0          0          0         68   Library Totals

    ----------------------------------------------------------------------

==============================================================================


      Code (inc. data)   RO Data    RW Data    ZI Data      Debug   

      9752       1562       2136        400       9960      66018   Grand Totals
      9752       1562       2136         88       9960      66018   ELF Image Totals (compressed)
      9752       1562       2136         88          0          0   ROM Totals

==============================================================================

    Total RO  Size (Code + RO Data)                11888 (  11.61kB)
    Total RW  Size (RW Data + ZI Data)             10360 (  10.12kB)
    Total ROM Size (Code + RO Data + RW Data)      11976 (  11.70kB)

==============================================================================

